[2026-10-07T22:22:50.434+0000][297.744s][info][gc,start       ] GC(387) Pause Young (Allocation Failure)
[2026-10-07T22:22:50.440+0000][297.749s][info][gc,heap        ] GC(387) DefNew: 17701K(18688K)->1134K(18688K) Eden: 16640K(16640K)->0K(16640K) From: 1061K(2048K)->1134K(2048K)
[2026-10-07T22:22:50.440+0000][297.749s][info][gc,heap        ] GC(387) Tenured: 32949K(41244K)->33026K(41244K)
[2026-10-07T22:22:50.440+0000][297.749s][info][gc,metaspace   ] GC(387) Metaspace: 72804K(73536K)->72804K(73536K) NonClass: 63556K(63936K)->63556K(63936K) Class: 9247K(9600K)->9247K(9600K)
[2026-10-07T22:22:50.440+0000][297.749s][info][gc             ] GC(387) Pause Young (Allocation Failure) 49M->33M(58M) 5.886ms
[2026-10-07T22:22:50.440+0000][297.750s][info][gc,cpu         ] GC(387) User=0.01s Sys=0.00s Real=0.00s
[2026-10-07T22:22:55.043+0000][302.353s][info][gc,start       ] GC(388) Pause Young (Allocation Failure)
[2026-10-07T22:22:55.056+0000][302.366s][info][gc,heap        ] GC(388) DefNew: 17774K(18688K)->1655K(18688K) Eden: 16640K(16640K)->0K(16640K) From: 1134K(2048K)->1655K(2048K)
[2026-10-07T22:22:55.056+0000][302.366s][info][gc,heap        ] GC(388) Tenured: 33026K(41244K)->33128K(41244K)
[2026-10-07T22:22:55.056+0000][302.366s][info][gc,metaspace   ] GC(388) Metaspace: 73220K(73920K)->73220K(73920K) NonClass: 63929K(64320K)->63929K(64320K) Class: 9290K(9600K)->9290K(9600K)
[2026-10-07T22:22:55.056+0000][302.366s][info][gc             ] GC(388) Pause Young (Allocation Failure) 49M->33M(58M) 13.099ms
[2026-10-07T22:22:55.056+0000][302.366s][info][gc,cpu         ] GC(388) User=0.02s Sys=0.00s Real=0.02s
[2026-10-07T22:22:59.106+0000][306.416s][info][gc,start       ] GC(389) Pause Young (Allocation Failure)
[2026-10-07T22:22:59.115+0000][306.425s][info][gc,heap        ] GC(389) DefNew: 18295K(18688K)->1179K(18688K) Eden: 16640K(16640K)->0K(16640K) From: 1655K(2048K)->1179K(2048K)
[2026-10-07T22:22:59.115+0000][306.425s][info][gc,heap        ] GC(389) Tenured: 33128K(41244K)->34546K(41244K)
[2026-10-07T22:22:59.115+0000][306.425s][info][gc,metaspace   ] GC(389) Metaspace: 73419K(74112K)->73419K(74112K) NonClass: 64127K(64512K)->64127K(64512K) Class: 9291K(9600K)->9291K(9600K)
[2026-10-07T22:22:59.115+0000][306.425s][info][gc             ] GC(389) Pause Young (Allocation Failure) 50M->34M(58M) 9.297ms
[2026-10-07T22:22:59.115+0000][306.425s][info][gc,cpu         ] GC(389) User=0.01s Sys=0.00s Real=0.01s
[2026-10-07T22:23:03.873+0000][311.182s][info][gc,start       ] GC(390) Pause Young (Allocation Failure)
[2026-10-07T22:23:03.882+0000][311.192s][info][gc,heap        ] GC(390) DefNew: 17819K(18688K)->785K(18688K) Eden: 16640K(16640K)->0K(16640K) From: 1179K(2048K)->785K(2048K)
[2026-10-07T22:23:03.883+0000][311.192s][info][gc,heap        ] GC(390) Tenured: 34546K(41244K)->35669K(41244K)
[2026-10-07T22:23:03.883+0000][311.192s][info][gc,metaspace   ] GC(390) Metaspace: 73482K(74176K)->73482K(74176K) NonClass: 64191K(64576K)->64191K(64576K) Class: 9291K(9600K)->9291K(9600K)
[2026-10-07T22:23:03.883+0000][311.192s][info][gc             ] GC(390) Pause Young (Allocation Failure) 51M->35M(58M) 10.027ms
[2026-10-07T22:23:03.883+0000][311.192s][info][gc,cpu         ] GC(390) User=0.01s Sys=0.00s Real=0.01s
[2026-10-07T22:23:08.727+0000][316.037s][info][gc,start       ] GC(391) Pause Young (Allocation Failure)
[2026-10-07T22:23:08.736+0000][316.045s][info][gc,heap        ] GC(391) DefNew: 17425K(18688K)->1356K(18688K) Eden: 16640K(16640K)->0K(16640K) From: 785K(2048K)->1356K(2048K)
[2026-10-07T22:23:08.736+0000][316.045s][info][gc,heap        ] GC(391) Tenured: 35669K(41244K)->35669K(41244K)
[2026-10-07T22:23:08.736+0000][316.045s][info][gc,metaspace   ] GC(391) Metaspace: 73545K(74240K)->73545K(74240K) NonClass: 64253K(64640K)->64253K(64640K) Class: 9291K(9600K)->9291K(9600K)
[2026-10-07T22:23:08.736+0000][316.045s][info][gc             ] GC(391) Pause Young (Allocation Failure) 51M->36M(58M) 8.589ms
[2026-10-07T22:23:08.736+0000][316.046s][info][gc,cpu         ] GC(391) User=0.00s Sys=0.00s Real=0.01s
[2026-10-07T22:23:13.575+0000][320.885s][info][gc,start       ] GC(392) Pause Young (Allocation Failure)
[2026-10-07T22:23:13.584+0000][320.893s][info][gc,heap        ] GC(392) DefNew: 17996K(18688K)->903K(18688K) Eden: 16640K(16640K)->0K(16640K) From: 1356K(2048K)->903K(2048K)
[2026-10-07T22:23:13.584+0000][320.893s][info][gc,heap        ] GC(392) Tenured: 35669K(41244K)->36394K(41244K)
[2026-10-07T22:23:13.584+0000][320.893s][info][gc,metaspace   ] GC(392) Metaspace: 73578K(74304K)->73578K(74304K) NonClass: 64286K(64704K)->64286K(64704K) Class: 9291K(9600K)->9291K(9600K)
[2026-10-07T22:23:13.584+0000][320.893s][info][gc             ] GC(392) Pause Young (Allocation Failure) 52M->36M(58M) 8.442ms
[2026-10-07T22:23:13.584+0000][320.893s][info][gc,cpu         ] GC(392) User=0.01s Sys=0.00s Real=0.01s
[2026-10-07T22:23:18.725+0000][326.034s][info][gc,start       ] GC(393) Pause Young (Allocation Failure)
[2026-10-07T22:23:18.732+0000][326.041s][info][gc,heap        ] GC(393) DefNew: 17543K(18688K)->1138K(18688K) Eden: 16640K(16640K)->0K(16640K) From: 903K(2048K)->1138K(2048K)
[2026-10-07T22:23:18.732+0000][326.041s][info][gc,heap        ] GC(393) Tenured: 36394K(41244K)->36394K(41244K)
[2026-10-07T22:23:18.732+0000][326.041s][info][gc,metaspace   ] GC(393) Metaspace: 73610K(74432K)->73610K(74432K) NonClass: 64312K(64768K)->64312K(64768K) Class: 9298K(9664K)->9298K(9664K)
[2026-10-07T22:23:18.732+0000][326.042s][info][gc             ] GC(393) Pause Young (Allocation Failure) 52M->36M(58M) 7.187ms
[2026-10-07T22:23:18.732+0000][326.042s][info][gc,cpu         ] GC(393) User=0.01s Sys=0.00s Real=0.00s
[2026-10-07T22:23:23.880+0000][331.190s][info][gc,start       ] GC(394) Pause Young (Allocation Failure)
[2026-10-07T22:23:23.887+0000][331.197s][info][gc,heap        ] GC(394) DefNew: 17778K(18688K)->809K(18688K) Eden: 16640K(16640K)->0K(16640K) From: 1138K(2048K)->809K(2048K)
[2026-10-07T22:23:23.888+0000][331.197s][info][gc,heap        ] GC(394) Tenured: 36394K(41244K)->36951K(41244K)
[2026-10-07T22:23:23.888+0000][331.197s][info][gc,metaspace   ] GC(394) Metaspace: 73627K(74432K)->73627K(74432K) NonClass: 64329K(64768K)->64329K(64768K) Class: 9298K(9664K)->9298K(9664K)
[2026-10-07T22:23:23.888+0000][331.197s][info][gc             ] GC(394) Pause Young (Allocation Failure) 52M->36M(58M) 7.749ms
[2026-10-07T22:23:23.888+0000][331.197s][info][gc,cpu         ] GC(394) User=0.00s Sys=0.01s Real=0.01s
[2026-10-07T22:23:28.907+0000][336.216s][info][gc,start       ] GC(395) Pause Young (Allocation Failure)
[2026-10-07T22:23:28.915+0000][336.224s][info][gc,heap        ] GC(395) DefNew: 17449K(18688K)->1012K(18688K) Eden: 16640K(16640K)->0K(16640K) From: 809K(2048K)->1012K(2048K)
[2026-10-07T22:23:28.915+0000][336.224s][info][gc,heap        ] GC(395) Tenured: 36951K(41244K)->36951K(41244K)
[2026-10-07T22:23:28.915+0000][336.224s][info][gc,metaspace   ] GC(395) Metaspace: 73635K(74432K)->73635K(74432K) NonClass: 64337K(64768K)->64337K(64768K) Class: 9298K(9664K)->9298K(9664K)
[2026-10-07T22:23:28.915+0000][336.224s][info][gc             ] GC(395) Pause Young (Allocation Failure) 53M->37M(58M) 7.957ms
[2026-10-07T22:23:28.915+0000][336.224s][info][gc,cpu         ] GC(395) User=0.01s Sys=0.00s Real=0.01s
[2026-10-07T22:23:34.129+0000][341.438s][info][gc,start       ] GC(396) Pause Young (Allocation Failure)
[2026-10-07T22:23:34.136+0000][341.445s][info][gc,heap        ] GC(396) DefNew: 17652K(18688K)->1236K(18688K) Eden: 16640K(16640K)->0K(16640K) From: 1012K(2048K)->1236K(2048K)
[2026-10-07T22:23:34.136+0000][341.445s][info][gc,heap        ] GC(396) Tenured: 36951K(41244K)->36951K(41244K)
[2026-10-07T22:23:34.136+0000][341.445s][info][gc,metaspace   ] GC(396) Metaspace: 73637K(74432K)->73637K(74432K) NonClass: 64339K(64768K)->64339K(64768K) Class: 9298K(9664K)->9298K(9664K)
[2026-10-07T22:23:34.136+0000][341.445s][info][gc             ] GC(396) Pause Young (Allocation Failure) 53M->37M(58M) 6.824ms
[2026-10-07T22:23:34.136+0000][341.445s][info][gc,cpu         ] GC(396) User=0.01s Sys=0.00s Real=0.01s
[2026-10-07T22:23:39.424+0000][346.734s][info][gc,start       ] GC(397) Pause Young (Allocation Failure)
[2026-10-07T22:23:39.431+0000][346.741s][info][gc,heap        ] GC(397) DefNew: 17876K(18688K)->1000K(18688K) Eden: 16640K(16640K)->0K(16640K) From: 1236K(2048K)->1000K(2048K)
[2026-10-07T22:23:39.432+0000][346.741s][info][gc,heap        ] GC(397) Tenured: 36951K(41244K)->37246K(41244K)
[2026-10-07T22:23:39.432+0000][346.741s][info][gc,metaspace   ] GC(397) Metaspace: 73638K(74432K)->73638K(74432K) NonClass: 64340K(64768K)->64340K(64768K) Class: 9298K(9664K)->9298K(9664K)
[2026-10-07T22:23:39.432+0000][346.741s][info][gc             ] GC(397) Pause Young (Allocation Failure) 53M->37M(58M) 7.642ms
[2026-10-07T22:23:39.432+0000][346.741s][info][gc,cpu         ] GC(397) User=0.00s Sys=0.00s Real=0.00s
[2026-10-07T22:23:44.572+0000][351.881s][info][gc,start       ] GC(398) Pause Young (Allocation Failure)
[2026-10-07T22:23:44.579+0000][351.888s][info][gc,heap        ] GC(398) DefNew: 17640K(18688K)->1105K(18688K) Eden: 16640K(16640K)->0K(16640K) From: 1000K(2048K)->1105K(2048K)
[2026-10-07T22:23:44.579+0000][351.888s][info][gc,heap        ] GC(398) Tenured: 37246K(41244K)->37246K(41244K)
[2026-10-07T22:23:44.579+0000][351.888s][info][gc,metaspace   ] GC(398) Metaspace: 73643K(74432K)->73643K(74432K) NonClass: 64345K(64768K)->64345K(64768K) Class: 9298K(9664K)->9298K(9664K)
[2026-10-07T22:23:44.579+0000][351.888s][info][gc             ] GC(398) Pause Young (Allocation Failure) 53M->37M(58M) 7.020ms
[2026-10-07T22:23:44.579+0000][351.888s][info][gc,cpu         ] GC(398) User=0.00s Sys=0.00s Real=0.01s
[2026-10-07T22:23:49.878+0000][357.187s][info][gc,start       ] GC(399) Pause Young (Allocation Failure)
[2026-10-07T22:23:49.889+0000][357.199s][info][gc,heap        ] GC(399) DefNew: 17745K(18688K)->968K(18688K) Eden: 16639K(16640K)->0K(16640K) From: 1105K(2048K)->968K(2048K)
[2026-10-07T22:23:49.889+0000][357.199s][info][gc,heap        ] GC(399) Tenured: 37246K(41244K)->37465K(41244K)
[2026-10-07T22:23:49.890+0000][357.199s][info][gc,metaspace   ] GC(399) Metaspace: 73647K(74432K)->73647K(74432K) NonClass: 64349K(64768K)->64349K(64768K) Class: 9298K(9664K)->9298K(9664K)
[2026-10-07T22:23:49.890+0000][357.200s][info][gc             ] GC(399) Pause Young (Allocation Failure) 53M->37M(58M) 12.241ms
[2026-10-07T22:23:49.890+0000][357.200s][info][gc,cpu         ] GC(399) User=0.01s Sys=0.00s Real=0.01s
[2026-10-07T22:23:55.153+0000][362.462s][info][gc,start       ] GC(400) Pause Young (Allocation Failure)
[2026-10-07T22:23:55.160+0000][362.470s][info][gc,heap        ] GC(400) DefNew: 17608K(18688K)->1049K(18688K) Eden: 16640K(16640K)->0K(16640K) From: 968K(2048K)->1049K(2048K)
[2026-10-07T22:23:55.160+0000][362.470s][info][gc,heap        ] GC(400) Tenured: 37465K(41244K)->37465K(41244K)
[2026-10-07T22:23:55.160+0000][362.470s][info][gc,metaspace   ] GC(400) Metaspace: 73664K(74432K)->73664K(74432K) NonClass: 64362K(64768K)->64362K(64768K) Class: 9302K(9664K)->9302K(9664K)
[2026-10-07T22:23:55.160+0000][362.470s][info][gc             ] GC(400) Pause Young (Allocation Failure) 53M->37M(58M) 7.419ms
[2026-10-07T22:23:55.160+0000][362.470s][info][gc,cpu         ] GC(400) User=0.01s Sys=0.00s Real=0.01s
[2026-10-07T22:24:00.275+0000][367.584s][info][gc,start       ] GC(401) Pause Young (Allocation Failure)
[2026-10-07T22:24:00.284+0000][367.593s][info][gc,heap        ] GC(401) DefNew: 17689K(18688K)->899K(18688K) Eden: 16640K(16640K)->0K(16640K) From: 1049K(2048K)->899K(2048K)
[2026-10-07T22:24:00.284+0000][367.593s][info][gc,heap        ] GC(401) Tenured: 37465K(41244K)->37673K(41244K)
[2026-10-07T22:24:00.284+0000][367.593s][info][gc,metaspace   ] GC(401) Metaspace: 73671K(74432K)->73671K(74432K) NonClass: 64369K(64768K)->64369K(64768K) Class: 9302K(9664K)->9302K(9664K)
[2026-10-07T22:24:00.284+0000][367.593s][info][gc             ] GC(401) Pause Young (Allocation Failure) 53M->37M(58M) 8.916ms
[2026-10-07T22:24:00.284+0000][367.593s][info][gc,cpu         ] GC(401) User=0.01s Sys=0.00s Real=0.01s
[2026-10-07T22:24:05.647+0000][372.956s][info][gc,start       ] GC(402) Pause Young (Allocation Failure)
[2026-10-07T22:24:05.661+0000][372.970s][info][gc,heap        ] GC(402) DefNew: 17539K(18688K)->952K(18688K) Eden: 16640K(16640K)->0K(16640K) From: 899K(2048K)->952K(2048K)
[2026-10-07T22:24:05.661+0000][372.970s][info][gc,heap        ] GC(402) Tenured: 37673K(41244K)->37673K(41244K)
[2026-10-07T22:24:05.661+0000][372.970s][info][gc,metaspace   ] GC(402) Metaspace: 73671K(74432K)->73671K(74432K) NonClass: 64369K(64768K)->64369K(64768K) Class: 9302K(9664K)->9302K(9664K)
[2026-10-07T22:24:05.661+0000][372.970s][info][gc             ] GC(402) Pause Young (Allocation Failure) 53M->37M(58M) 13.884ms
[2026-10-07T22:24:05.661+0000][372.970s][info][gc,cpu         ] GC(402) User=0.00s Sys=0.00s Real=0.01s
[2026-10-07T22:24:10.951+0000][378.261s][info][gc,start       ] GC(403) Pause Young (Allocation Failure)
[2026-10-07T22:24:10.959+0000][378.268s][info][gc,heap        ] GC(403) DefNew: 17592K(18688K)->1101K(18688K) Eden: 16640K(16640K)->0K(16640K) From: 952K(2048K)->1101K(2048K)
[2026-10-07T22:24:10.959+0000][378.269s][info][gc,heap        ] GC(403) Tenured: 37673K(41244K)->37673K(41244K)
[2026-10-07T22:24:10.959+0000][378.269s][info][gc,metaspace   ] GC(403) Metaspace: 73675K(74432K)->73675K(74432K) NonClass: 64371K(64768K)->64371K(64768K) Class: 9303K(9664K)->9303K(9664K)
[2026-10-07T22:24:10.959+0000][378.269s][info][gc             ] GC(403) Pause Young (Allocation Failure) 53M->37M(58M) 7.858ms
[2026-10-07T22:24:10.959+0000][378.269s][info][gc,cpu         ] GC(403) User=0.00s Sys=0.00s Real=0.01s
[2026-10-07T22:24:16.153+0000][383.462s][info][gc,start       ] GC(404) Pause Young (Allocation Failure)
[2026-10-07T22:24:16.160+0000][383.469s][info][gc,heap        ] GC(404) DefNew: 17741K(18688K)->957K(18688K) Eden: 16640K(16640K)->0K(16640K) From: 1101K(2048K)->957K(2048K)
[2026-10-07T22:24:16.160+0000][383.469s][info][gc,heap        ] GC(404) Tenured: 37673K(41244K)->37850K(41244K)
[2026-10-07T22:24:16.160+0000][383.469s][info][gc,metaspace   ] GC(404) Metaspace: 73682K(74496K)->73682K(74496K) NonClass: 64378K(64832K)->64378K(64832K) Class: 9303K(9664K)->9303K(9664K)
[2026-10-07T22:24:16.160+0000][383.469s][info][gc             ] GC(404) Pause Young (Allocation Failure) 54M->37M(58M) 7.170ms
[2026-10-07T22:24:16.160+0000][383.469s][info][gc,cpu         ] GC(404) User=0.01s Sys=0.00s Real=0.01s
[2026-10-07T22:24:21.452+0000][388.762s][info][gc,start       ] GC(405) Pause Young (Allocation Failure)
[2026-10-07T22:24:21.461+0000][388.770s][info][gc,heap        ] GC(405) DefNew: 17597K(18688K)->1029K(18688K) Eden: 16640K(16640K)->0K(16640K) From: 957K(2048K)->1029K(2048K)
[2026-10-07T22:24:21.461+0000][388.771s][info][gc,heap        ] GC(405) Tenured: 37850K(41244K)->37850K(41244K)
[2026-10-07T22:24:21.461+0000][388.771s][info][gc,metaspace   ] GC(405) Metaspace: 73682K(74496K)->73682K(74496K) NonClass: 64379K(64832K)->64379K(64832K) Class: 9303K(9664K)->9303K(9664K)
[2026-10-07T22:24:21.461+0000][388.771s][info][gc             ] GC(405) Pause Young (Allocation Failure) 54M->37M(58M) 8.668ms
[2026-10-07T22:24:21.462+0000][388.771s][info][gc,cpu         ] GC(405) User=0.01s Sys=0.00s Real=0.01s
[2026-10-07T22:24:26.805+0000][394.115s][info][gc,start       ] GC(406) Pause Young (Allocation Failure)
[2026-10-07T22:24:26.813+0000][394.123s][info][gc,heap        ] GC(406) DefNew: 17669K(18688K)->900K(18688K) Eden: 16640K(16640K)->0K(16640K) From: 1029K(2048K)->900K(2048K)
[2026-10-07T22:24:26.813+0000][394.123s][info][gc,heap        ] GC(406) Tenured: 37850K(41244K)->38030K(41244K)
[2026-10-07T22:24:26.813+0000][394.123s][info][gc,metaspace   ] GC(406) Metaspace: 73682K(74496K)->73682K(74496K) NonClass: 64379K(64832K)->64379K(64832K) Class: 9303K(9664K)->9303K(9664K)
[2026-10-07T22:24:26.814+0000][394.123s][info][gc             ] GC(406) Pause Young (Allocation Failure) 54M->38M(58M) 8.106ms
[2026-10-07T22:24:26.814+0000][394.123s][info][gc,cpu         ] GC(406) User=0.01s Sys=0.00s Real=0.01s
[2026-10-07T22:24:32.002+0000][399.311s][info][gc,start       ] GC(407) Pause Young (Allocation Failure)
[2026-10-07T22:24:32.011+0000][399.321s][info][gc,heap        ] GC(407) DefNew: 17540K(18688K)->930K(18688K) Eden: 16639K(16640K)->0K(16640K) From: 900K(2048K)->930K(2048K)
[2026-10-07T22:24:32.011+0000][399.321s][info][gc,heap        ] GC(407) Tenured: 38030K(41244K)->38030K(41244K)
[2026-10-07T22:24:32.011+0000][399.321s][info][gc,metaspace   ] GC(407) Metaspace: 73688K(74496K)->73688K(74496K) NonClass: 64384K(64832K)->64384K(64832K) Class: 9303K(9664K)->9303K(9664K)
[2026-10-07T22:24:32.011+0000][399.321s][info][gc             ] GC(407) Pause Young (Allocation Failure) 54M->38M(58M) 9.666ms
[2026-10-07T22:24:32.011+0000][399.321s][info][gc,cpu         ] GC(407) User=0.01s Sys=0.00s Real=0.01s
[2026-10-07T22:24:37.233+0000][404.543s][info][gc,start       ] GC(408) Pause Young (Allocation Failure)
[2026-10-07T22:24:37.240+0000][404.550s][info][gc,heap        ] GC(408) DefNew: 17568K(18688K)->992K(18688K) Eden: 16637K(16640K)->0K(16640K) From: 930K(2048K)->992K(2048K)
[2026-10-07T22:24:37.240+0000][404.550s][info][gc,heap        ] GC(408) Tenured: 38030K(41244K)->38030K(41244K)
[2026-10-07T22:24:37.240+0000][404.550s][info][gc,metaspace   ] GC(408) Metaspace: 73695K(74496K)->73695K(74496K) NonClass: 64392K(64832K)->64392K(64832K) Class: 9303K(9664K)->9303K(9664K)
[2026-10-07T22:24:37.240+0000][404.550s][info][gc             ] GC(408) Pause Young (Allocation Failure) 54M->38M(58M) 7.240ms
[2026-10-07T22:24:37.240+0000][404.550s][info][gc,cpu         ] GC(408) User=0.00s Sys=0.00s Real=0.01s
[2026-10-07T22:24:42.490+0000][409.800s][info][gc,start       ] GC(409) Pause Young (Allocation Failure)
[2026-10-07T22:24:42.498+0000][409.808s][info][gc,heap        ] GC(409) DefNew: 17631K(18688K)->1054K(18688K) Eden: 16638K(16640K)->0K(16640K) From: 992K(2048K)->1054K(2048K)
[2026-10-07T22:24:42.498+0000][409.808s][info][gc,heap        ] GC(409) Tenured: 38030K(41244K)->38030K(41244K)
[2026-10-07T22:24:42.498+0000][409.808s][info][gc,metaspace   ] GC(409) Metaspace: 73697K(74496K)->73697K(74496K) NonClass: 64394K(64832K)->64394K(64832K) Class: 9303K(9664K)->9303K(9664K)
[2026-10-07T22:24:42.498+0000][409.808s][info][gc             ] GC(409) Pause Young (Allocation Failure) 54M->38M(58M) 8.013ms
[2026-10-07T22:24:42.498+0000][409.808s][info][gc,cpu         ] GC(409) User=0.01s Sys=0.00s Real=0.01s
[2026-10-07T22:24:47.673+0000][414.983s][info][gc,start       ] GC(410) Pause Young (Allocation Failure)
[2026-10-07T22:24:47.681+0000][414.990s][info][gc,heap        ] GC(410) DefNew: 17694K(18688K)->1021K(18688K) Eden: 16640K(16640K)->0K(16640K) From: 1054K(2048K)->1021K(2048K)
[2026-10-07T22:24:47.681+0000][414.990s][info][gc,heap        ] GC(410) Tenured: 38030K(41244K)->38090K(41244K)
[2026-10-07T22:24:47.681+0000][414.990s][info][gc,metaspace   ] GC(410) Metaspace: 73702K(74496K)->73702K(74496K) NonClass: 64399K(64832K)->64399K(64832K) Class: 9303K(9664K)->9303K(9664K)
[2026-10-07T22:24:47.681+0000][414.990s][info][gc             ] GC(410) Pause Young (Allocation Failure) 54M->38M(58M) 7.600ms
[2026-10-07T22:24:47.681+0000][414.990s][info][gc,cpu         ] GC(410) User=0.01s Sys=0.00s Real=0.01s
[2026-10-07T22:24:53.015+0000][420.324s][info][gc,start       ] GC(411) Pause Young (Allocation Failure)
[2026-10-07T22:24:53.022+0000][420.332s][info][gc,heap        ] GC(411) DefNew: 17661K(18688K)->1082K(18688K) Eden: 16640K(16640K)->0K(16640K) From: 1021K(2048K)->1082K(2048K)
[2026-10-07T22:24:53.022+0000][420.332s][info][gc,heap        ] GC(411) Tenured: 38090K(41244K)->38090K(41244K)
[2026-10-07T22:24:53.022+0000][420.332s][info][gc,metaspace   ] GC(411) Metaspace: 73710K(74496K)->73710K(74496K) NonClass: 64407K(64832K)->64407K(64832K) Class: 9303K(9664K)->9303K(9664K)
[2026-10-07T22:24:53.022+0000][420.332s][info][gc             ] GC(411) Pause Young (Allocation Failure) 54M->38M(58M) 7.141ms
[2026-10-07T22:24:53.022+0000][420.332s][info][gc,cpu         ] GC(411) User=0.00s Sys=0.01s Real=0.00s
[2026-10-07T22:24:56.982+0000][424.292s][info][gc,start       ] GC(412) Pause Young (Allocation Failure)
[2026-10-07T22:24:56.994+0000][424.304s][info][gc,heap        ] GC(412) DefNew: 17722K(18688K)->2048K(18688K) Eden: 16640K(16640K)->0K(16640K) From: 1082K(2048K)->2048K(2048K)
[2026-10-07T22:24:56.994+0000][424.304s][info][gc,heap        ] GC(412) Tenured: 38090K(41244K)->38487K(41244K)
[2026-10-07T22:24:56.994+0000][424.304s][info][gc,metaspace   ] GC(412) Metaspace: 73765K(74560K)->73765K(74560K) NonClass: 64461K(64896K)->64461K(64896K) Class: 9304K(9664K)->9304K(9664K)
[2026-10-07T22:24:56.994+0000][424.304s][info][gc             ] GC(412) Pause Young (Allocation Failure) 54M->39M(58M) 11.983ms
[2026-10-07T22:24:56.994+0000][424.304s][info][gc,cpu         ] GC(412) User=0.01s Sys=0.00s Real=0.02s
[2026-10-07T22:25:01.579+0000][428.889s][info][gc,start       ] GC(413) Pause Young (Allocation Failure)
[2026-10-07T22:25:01.592+0000][428.901s][info][gc,heap        ] GC(413) DefNew: 18688K(18688K)->1065K(18688K) Eden: 16640K(16640K)->0K(16640K) From: 2048K(2048K)->1065K(2048K)
[2026-10-07T22:25:01.592+0000][428.901s][info][gc,heap        ] GC(413) Tenured: 38487K(41244K)->40398K(41244K)
[2026-10-07T22:25:01.592+0000][428.901s][info][gc,metaspace   ] GC(413) Metaspace: 73779K(74560K)->73779K(74560K) NonClass: 64475K(64896K)->64475K(64896K) Class: 9304K(9664K)->9304K(9664K)
[2026-10-07T22:25:01.592+0000][428.901s][info][gc             ] GC(413) Pause Young (Allocation Failure) 55M->40M(58M) 12.878ms
[2026-10-07T22:25:01.592+0000][428.901s][info][gc,cpu         ] GC(413) User=0.01s Sys=0.00s Real=0.01s
[2026-10-07T22:25:06.501+0000][433.811s][info][gc,start       ] GC(414) Pause Young (Allocation Failure)
[2026-10-07T22:25:06.510+0000][433.820s][info][gc             ] GC(414) Pause Young (Allocation Failure) 56M->41M(58M) 8.866ms
[2026-10-07T22:25:06.510+0000][433.820s][info][gc,cpu         ] GC(414) User=0.00s Sys=0.00s Real=0.01s
[2026-10-07T22:25:06.510+0000][433.820s][info][gc,start       ] GC(415) Pause Full (Allocation Failure)
[2026-10-07T22:25:06.510+0000][433.820s][info][gc,phases,start] GC(415) Phase 1: Mark live objects
[2026-10-07T22:25:06.608+0000][433.918s][info][gc,phases      ] GC(415) Phase 1: Mark live objects 98.384ms
[2026-10-07T22:25:06.609+0000][433.918s][info][gc,phases,start] GC(415) Phase 2: Compute new object addresses
[2026-10-07T22:25:06.624+0000][433.934s][info][gc,phases      ] GC(415) Phase 2: Compute new object addresses 15.532ms
[2026-10-07T22:25:06.624+0000][433.934s][info][gc,phases,start] GC(415) Phase 3: Adjust pointers
[2026-10-07T22:25:06.664+0000][433.974s][info][gc,phases      ] GC(415) Phase 3: Adjust pointers 40.212ms
[2026-10-07T22:25:06.664+0000][433.974s][info][gc,phases,start] GC(415) Phase 4: Move objects
[2026-10-07T22:25:06.672+0000][433.982s][info][gc,phases      ] GC(415) Phase 4: Move objects 7.963ms
[2026-10-07T22:25:06.674+0000][433.984s][info][gc,heap        ] GC(415) DefNew: 17705K(18688K)->0K(24704K) Eden: 16640K(16640K)->0K(22016K) From: 1065K(2048K)->0K(2688K)
[2026-10-07T22:25:06.674+0000][433.984s][info][gc,heap        ] GC(415) Tenured: 40398K(41244K)->32687K(54480K)
[2026-10-07T22:25:06.674+0000][433.984s][info][gc,metaspace   ] GC(415) Metaspace: 73787K(74560K)->73787K(74560K) NonClass: 64482K(64896K)->64482K(64896K) Class: 9304K(9664K)->9304K(9664K)
[2026-10-07T22:25:06.674+0000][433.984s][info][gc             ] GC(415) Pause Full (Allocation Failure) 41M->31M(77M) 164.228ms
[2026-10-07T22:25:06.674+0000][433.984s][info][gc,cpu         ] GC(415) User=0.16s Sys=0.01s Real=0.17s
[2026-10-07T22:25:13.006+0000][440.316s][info][gc,start       ] GC(416) Pause Young (Allocation Failure)
[2026-10-07T22:25:13.014+0000][440.324s][info][gc,heap        ] GC(416) DefNew: 22016K(24704K)->593K(24704K) Eden: 22016K(22016K)->0K(22016K) From: 0K(2688K)->593K(2688K)
[2026-10-07T22:25:13.014+0000][440.324s][info][gc,heap        ] GC(416) Tenured: 32687K(54480K)->32687K(54480K)
[2026-10-07T22:25:13.014+0000][440.324s][info][gc,metaspace   ] GC(416) Metaspace: 73815K(74560K)->73815K(74560K) NonClass: 64511K(64896K)->64511K(64896K) Class: 9304K(9664K)->9304K(9664K)
[2026-10-07T22:25:13.014+0000][440.324s][info][gc             ] GC(416) Pause Young (Allocation Failure) 53M->32M(77M) 8.286ms
[2026-10-07T22:25:13.014+0000][440.324s][info][gc,cpu         ] GC(416) User=0.00s Sys=0.00s Real=0.01s
[2026-10-07T22:25:20.029+0000][447.338s][info][gc,start       ] GC(417) Pause Young (Allocation Failure)
[2026-10-07T22:25:20.036+0000][447.346s][info][gc,heap        ] GC(417) DefNew: 22609K(24704K)->944K(24704K) Eden: 22016K(22016K)->0K(22016K) From: 593K(2688K)->944K(2688K)
[2026-10-07T22:25:20.036+0000][447.346s][info][gc,heap        ] GC(417) Tenured: 32687K(54480K)->32687K(54480K)
[2026-10-07T22:25:20.036+0000][447.346s][info][gc,metaspace   ] GC(417) Metaspace: 73829K(74560K)->73829K(74560K) NonClass: 64525K(64896K)->64525K(64896K) Class: 9304K(9664K)->9304K(9664K)
[2026-10-07T22:25:20.036+0000][447.346s][info][gc             ] GC(417) Pause Young (Allocation Failure) 54M->32M(77M) 7.440ms
[2026-10-07T22:25:20.036+0000][447.346s][info][gc,cpu         ] GC(417) User=0.01s Sys=0.00s Real=0.01s
[2026-10-07T22:25:27.104+0000][454.414s][info][gc,start       ] GC(418) Pause Young (Allocation Failure)
[2026-10-07T22:25:27.112+0000][454.422s][info][gc,heap        ] GC(418) DefNew: 22960K(24704K)->1214K(24704K) Eden: 22016K(22016K)->0K(22016K) From: 944K(2688K)->1214K(2688K)
[2026-10-07T22:25:27.112+0000][454.422s][info][gc,heap        ] GC(418) Tenured: 32687K(54480K)->32687K(54480K)
[2026-10-07T22:25:27.112+0000][454.422s][info][gc,metaspace   ] GC(418) Metaspace: 73829K(74560K)->73829K(74560K) NonClass: 64525K(64896K)->64525K(64896K) Class: 9304K(9664K)->9304K(9664K)
[2026-10-07T22:25:27.112+0000][454.422s][info][gc             ] GC(418) Pause Young (Allocation Failure) 54M->33M(77M) 7.953ms
[2026-10-07T22:25:27.112+0000][454.422s][info][gc,cpu         ] GC(418) User=0.01s Sys=0.00s Real=0.00s
[2026-10-07T22:25:33.880+0000][461.190s][info][gc,start       ] GC(419) Pause Young (Allocation Failure)
[2026-10-07T22:25:33.888+0000][461.197s][info][gc,heap        ] GC(419) DefNew: 23230K(24704K)->1363K(24704K) Eden: 22016K(22016K)->0K(22016K) From: 1214K(2688K)->1363K(2688K)
[2026-10-07T22:25:33.888+0000][461.198s][info][gc,heap        ] GC(419) Tenured: 32687K(54480K)->32687K(54480K)
[2026-10-07T22:25:33.888+0000][461.198s][info][gc,metaspace   ] GC(419) Metaspace: 73839K(74560K)->73839K(74560K) NonClass: 64535K(64896K)->64535K(64896K) Class: 9304K(9664K)->9304K(9664K)
[2026-10-07T22:25:33.888+0000][461.198s][info][gc             ] GC(419) Pause Young (Allocation Failure) 54M->33M(77M) 7.552ms
[2026-10-07T22:25:33.888+0000][461.198s][info][gc,cpu         ] GC(419) User=0.01s Sys=0.00s Real=0.01s
[2026-10-07T22:25:41.029+0000][468.338s][info][gc,start       ] GC(420) Pause Young (Allocation Failure)
[2026-10-07T22:25:41.037+0000][468.347s][info][gc,heap        ] GC(420) DefNew: 23379K(24704K)->978K(24704K) Eden: 22016K(22016K)->0K(22016K) From: 1363K(2688K)->978K(2688K)
[2026-10-07T22:25:41.037+0000][468.347s][info][gc,heap        ] GC(420) Tenured: 32687K(54480K)->33223K(54480K)
[2026-10-07T22:25:41.037+0000][468.347s][info][gc,metaspace   ] GC(420) Metaspace: 73845K(74560K)->73845K(74560K) NonClass: 64541K(64896K)->64541K(64896K) Class: 9304K(9664K)->9304K(9664K)
[2026-10-07T22:25:41.037+0000][468.347s][info][gc             ] GC(420) Pause Young (Allocation Failure) 54M->33M(77M) 8.548ms
[2026-10-07T22:25:41.037+0000][468.347s][info][gc,cpu         ] GC(420) User=0.01s Sys=0.00s Real=0.01s
[2026-10-07T22:25:47.859+0000][475.169s][info][gc,start       ] GC(421) Pause Young (Allocation Failure)
[2026-10-07T22:25:47.867+0000][475.177s][info][gc,heap        ] GC(421) DefNew: 22994K(24704K)->1035K(24704K) Eden: 22016K(22016K)->0K(22016K) From: 978K(2688K)->1035K(2688K)
[2026-10-07T22:25:47.867+0000][475.177s][info][gc,heap        ] GC(421) Tenured: 33223K(54480K)->33223K(54480K)
[2026-10-07T22:25:47.867+0000][475.177s][info][gc,metaspace   ] GC(421) Metaspace: 73848K(74560K)->73848K(74560K) NonClass: 64544K(64896K)->64544K(64896K) Class: 9304K(9664K)->9304K(9664K)
[2026-10-07T22:25:47.868+0000][475.177s][info][gc             ] GC(421) Pause Young (Allocation Failure) 54M->33M(77M) 8.514ms
[2026-10-07T22:25:47.868+0000][475.177s][info][gc,cpu         ] GC(421) User=0.01s Sys=0.00s Real=0.01s
[2026-10-07T22:25:55.029+0000][482.339s][info][gc,start       ] GC(422) Pause Young (Allocation Failure)
[2026-10-07T22:25:55.037+0000][482.346s][info][gc,heap        ] GC(422) DefNew: 23051K(24704K)->1116K(24704K) Eden: 22016K(22016K)->0K(22016K) From: 1035K(2688K)->1116K(2688K)
[2026-10-07T22:25:55.037+0000][482.346s][info][gc,heap        ] GC(422) Tenured: 33223K(54480K)->33223K(54480K)
[2026-10-07T22:25:55.037+0000][482.347s][info][gc,metaspace   ] GC(422) Metaspace: 73860K(74624K)->73860K(74624K) NonClass: 64556K(64960K)->64556K(64960K) Class: 9304K(9664K)->9304K(9664K)
[2026-10-07T22:25:55.037+0000][482.347s][info][gc             ] GC(422) Pause Young (Allocation Failure) 54M->33M(77M) 7.536ms
[2026-10-07T22:25:55.037+0000][482.347s][info][gc,cpu         ] GC(422) User=0.01s Sys=0.00s Real=0.01s
[2026-10-07T22:26:02.078+0000][489.387s][info][gc,start       ] GC(423) Pause Young (Allocation Failure)
[2026-10-07T22:26:02.086+0000][489.395s][info][gc,heap        ] GC(423) DefNew: 23132K(24704K)->1203K(24704K) Eden: 22016K(22016K)->0K(22016K) From: 1116K(2688K)->1203K(2688K)
[2026-10-07T22:26:02.086+0000][489.395s][info][gc,heap        ] GC(423) Tenured: 33223K(54480K)->33223K(54480K)
[2026-10-07T22:26:02.086+0000][489.395s][info][gc,metaspace   ] GC(423) Metaspace: 73882K(74624K)->73882K(74624K) NonClass: 64578K(64960K)->64578K(64960K) Class: 9304K(9664K)->9304K(9664K)
[2026-10-07T22:26:02.086+0000][489.396s][info][gc             ] GC(423) Pause Young (Allocation Failure) 55M->33M(77M) 8.184ms
[2026-10-07T22:26:02.086+0000][489.396s][info][gc,cpu         ] GC(423) User=0.01s Sys=0.00s Real=0.01s
[2026-10-07T22:26:09.053+0000][496.363s][info][gc,start       ] GC(424) Pause Young (Allocation Failure)
[2026-10-07T22:26:09.060+0000][496.370s][info][gc,heap        ] GC(424) DefNew: 23219K(24704K)->1273K(24704K) Eden: 22015K(22016K)->0K(22016K) From: 1203K(2688K)->1273K(2688K)
[2026-10-07T22:26:09.061+0000][496.370s][info][gc,heap        ] GC(424) Tenured: 33223K(54480K)->33223K(54480K)
[2026-10-07T22:26:09.061+0000][496.370s][info][gc,metaspace   ] GC(424) Metaspace: 73882K(74624K)->73882K(74624K) NonClass: 64578K(64960K)->64578K(64960K) Class: 9304K(9664K)->9304K(9664K)
[2026-10-07T22:26:09.061+0000][496.370s][info][gc             ] GC(424) Pause Young (Allocation Failure) 55M->33M(77M) 7.801ms
[2026-10-07T22:26:09.061+0000][496.371s][info][gc,cpu         ] GC(424) User=0.01s Sys=0.00s Real=0.01s
[2026-10-07T22:26:16.170+0000][503.479s][info][gc,start       ] GC(425) Pause Young (Allocation Failure)
[2026-10-07T22:26:16.177+0000][503.487s][info][gc,heap        ] GC(425) DefNew: 23289K(24704K)->1320K(24704K) Eden: 22016K(22016K)->0K(22016K) From: 1273K(2688K)->1320K(2688K)
[2026-10-07T22:26:16.177+0000][503.487s][info][gc,heap        ] GC(425) Tenured: 33223K(54480K)->33223K(54480K)
[2026-10-07T22:26:16.177+0000][503.487s][info][gc,metaspace   ] GC(425) Metaspace: 73882K(74624K)->73882K(74624K) NonClass: 64578K(64960K)->64578K(64960K) Class: 9304K(9664K)->9304K(9664K)
[2026-10-07T22:26:16.177+0000][503.487s][info][gc             ] GC(425) Pause Young (Allocation Failure) 55M->33M(77M) 7.464ms
[2026-10-07T22:26:16.177+0000][503.487s][info][gc,cpu         ] GC(425) User=0.01s Sys=0.00s Real=0.01s
[2026-10-07T22:26:23.121+0000][510.431s][info][gc,start       ] GC(426) Pause Young (Allocation Failure)
[2026-10-07T22:26:23.128+0000][510.438s][info][gc,heap        ] GC(426) DefNew: 23336K(24704K)->1359K(24704K) Eden: 22015K(22016K)->0K(22016K) From: 1320K(2688K)->1359K(2688K)
[2026-10-07T22:26:23.128+0000][510.438s][info][gc,heap        ] GC(426) Tenured: 33223K(54480K)->33223K(54480K)
[2026-10-07T22:26:23.128+0000][510.438s][info][gc,metaspace   ] GC(426) Metaspace: 73892K(74624K)->73892K(74624K) NonClass: 64588K(64960K)->64588K(64960K) Class: 9304K(9664K)->9304K(9664K)
[2026-10-07T22:26:23.129+0000][510.438s][info][gc             ] GC(426) Pause Young (Allocation Failure) 55M->33M(77M) 7.082ms
[2026-10-07T22:26:23.129+0000][510.438s][info][gc,cpu         ] GC(426) User=0.00s Sys=0.00s Real=0.01s
[2026-10-07T22:26:30.154+0000][517.464s][info][gc,start       ] GC(427) Pause Young (Allocation Failure)
[2026-10-07T22:26:30.162+0000][517.471s][info][gc,heap        ] GC(427) DefNew: 23375K(24704K)->1107K(24704K) Eden: 22016K(22016K)->0K(22016K) From: 1359K(2688K)->1107K(2688K)
[2026-10-07T22:26:30.162+0000][517.471s][info][gc,heap        ] GC(427) Tenured: 33223K(54480K)->33535K(54480K)
[2026-10-07T22:26:30.162+0000][517.471s][info][gc,metaspace   ] GC(427) Metaspace: 73896K(74688K)->73896K(74688K) NonClass: 64592K(65024K)->64592K(65024K) Class: 9304K(9664K)->9304K(9664K)
[2026-10-07T22:26:30.162+0000][517.471s][info][gc             ] GC(427) Pause Young (Allocation Failure) 55M->33M(77M) 7.754ms
[2026-10-07T22:26:30.162+0000][517.471s][info][gc,cpu         ] GC(427) User=0.01s Sys=0.00s Real=0.00s
[2026-10-07T22:26:37.233+0000][524.543s][info][gc,start       ] GC(428) Pause Young (Allocation Failure)
[2026-10-07T22:26:37.241+0000][524.551s][info][gc,heap        ] GC(428) DefNew: 23117K(24704K)->1180K(24704K) Eden: 22010K(22016K)->0K(22016K) From: 1107K(2688K)->1180K(2688K)
[2026-10-07T22:26:37.241+0000][524.551s][info][gc,heap        ] GC(428) Tenured: 33535K(54480K)->33535K(54480K)
[2026-10-07T22:26:37.241+0000][524.551s][info][gc,metaspace   ] GC(428) Metaspace: 73896K(74688K)->73896K(74688K) NonClass: 64592K(65024K)->64592K(65024K) Class: 9304K(9664K)->9304K(9664K)
[2026-10-07T22:26:37.242+0000][524.551s][info][gc             ] GC(428) Pause Young (Allocation Failure) 55M->33M(77M) 8.086ms
[2026-10-07T22:26:37.242+0000][524.552s][info][gc,cpu         ] GC(428) User=0.01s Sys=0.00s Real=0.01s
[2026-10-07T22:26:44.135+0000][531.444s][info][gc,start       ] GC(429) Pause Young (Allocation Failure)
[2026-10-07T22:26:44.159+0000][531.469s][info][gc,heap        ] GC(429) DefNew: 23196K(24704K)->1165K(24704K) Eden: 22016K(22016K)->0K(22016K) From: 1180K(2688K)->1165K(2688K)
[2026-10-07T22:26:44.159+0000][531.469s][info][gc,heap        ] GC(429) Tenured: 33535K(54480K)->33535K(54480K)
[2026-10-07T22:26:44.159+0000][531.469s][info][gc,metaspace   ] GC(429) Metaspace: 73902K(74688K)->73902K(74688K) NonClass: 64598K(65024K)->64598K(65024K) Class: 9304K(9664K)->9304K(9664K)
[2026-10-07T22:26:44.159+0000][531.469s][info][gc             ] GC(429) Pause Young (Allocation Failure) 55M->33M(77M) 24.688ms
[2026-10-07T22:26:44.159+0000][531.469s][info][gc,cpu         ] GC(429) User=0.01s Sys=0.00s Real=0.02s
[2026-10-07T22:26:51.333+0000][538.642s][info][gc,start       ] GC(430) Pause Young (Allocation Failure)
[2026-10-07T22:26:51.341+0000][538.650s][info][gc,heap        ] GC(430) DefNew: 23181K(24704K)->1241K(24704K) Eden: 22016K(22016K)->0K(22016K) From: 1165K(2688K)->1241K(2688K)
[2026-10-07T22:26:51.341+0000][538.650s][info][gc,heap        ] GC(430) Tenured: 33535K(54480K)->33535K(54480K)
[2026-10-07T22:26:51.341+0000][538.650s][info][gc,metaspace   ] GC(430) Metaspace: 73904K(74688K)->73904K(74688K) NonClass: 64600K(65024K)->64600K(65024K) Class: 9304K(9664K)->9304K(9664K)
[2026-10-07T22:26:51.341+0000][538.650s][info][gc             ] GC(430) Pause Young (Allocation Failure) 55M->33M(77M) 8.116ms
[2026-10-07T22:26:51.341+0000][538.650s][info][gc,cpu         ] GC(430) User=0.01s Sys=0.00s Real=0.01s
[2026-10-07T22:26:58.155+0000][545.465s][info][gc,start       ] GC(431) Pause Young (Allocation Failure)
[2026-10-07T22:26:58.165+0000][545.474s][info][gc,heap        ] GC(431) DefNew: 23257K(24704K)->1267K(24704K) Eden: 22016K(22016K)->0K(22016K) From: 1241K(2688K)->1267K(2688K)
[2026-10-07T22:26:58.165+0000][545.475s][info][gc,heap        ] GC(431) Tenured: 33535K(54480K)->33535K(54480K)
[2026-10-07T22:26:58.165+0000][545.475s][info][gc,metaspace   ] GC(431) Metaspace: 73904K(74688K)->73904K(74688K) NonClass: 64600K(65024K)->64600K(65024K) Class: 9304K(9664K)->9304K(9664K)
[2026-10-07T22:26:58.165+0000][545.475s][info][gc             ] GC(431) Pause Young (Allocation Failure) 55M->33M(77M) 10.183ms
[2026-10-07T22:26:58.165+0000][545.475s][info][gc,cpu         ] GC(431) User=0.01s Sys=0.00s Real=0.01s
[2026-10-07T22:27:05.332+0000][552.641s][info][gc,start       ] GC(432) Pause Young (Allocation Failure)
[2026-10-07T22:27:05.340+0000][552.650s][info][gc,heap        ] GC(432) DefNew: 23283K(24704K)->1338K(24704K) Eden: 22016K(22016K)->0K(22016K) From: 1267K(2688K)->1338K(2688K)
[2026-10-07T22:27:05.340+0000][552.650s][info][gc,heap        ] GC(432) Tenured: 33535K(54480K)->33535K(54480K)
[2026-10-07T22:27:05.340+0000][552.650s][info][gc,metaspace   ] GC(432) Metaspace: 73910K(74688K)->73910K(74688K) NonClass: 64606K(65024K)->64606K(65024K) Class: 9304K(9664K)->9304K(9664K)
[2026-10-07T22:27:05.340+0000][552.650s][info][gc             ] GC(432) Pause Young (Allocation Failure) 55M->34M(77M) 8.262ms
[2026-10-07T22:27:05.340+0000][552.650s][info][gc,cpu         ] GC(432) User=0.01s Sys=0.00s Real=0.01s
[2026-10-07T22:27:12.405+0000][559.715s][info][gc,start       ] GC(433) Pause Young (Allocation Failure)
[2026-10-07T22:27:12.414+0000][559.723s][info][gc,heap        ] GC(433) DefNew: 23354K(24704K)->1151K(24704K) Eden: 22016K(22016K)->0K(22016K) From: 1338K(2688K)->1151K(2688K)
[2026-10-07T22:27:12.414+0000][559.724s][info][gc,heap        ] GC(433) Tenured: 33535K(54480K)->33777K(54480K)
[2026-10-07T22:27:12.414+0000][559.724s][info][gc,metaspace   ] GC(433) Metaspace: 73927K(74688K)->73927K(74688K) NonClass: 64623K(65024K)->64623K(65024K) Class: 9304K(9664K)->9304K(9664K)
[2026-10-07T22:27:12.414+0000][559.724s][info][gc             ] GC(433) Pause Young (Allocation Failure) 55M->34M(77M) 9.081ms
[2026-10-07T22:27:12.414+0000][559.724s][info][gc,cpu         ] GC(433) User=0.00s Sys=0.00s Real=0.01s
[2026-10-07T22:27:19.377+0000][566.687s][info][gc,start       ] GC(434) Pause Young (Allocation Failure)
[2026-10-07T22:27:19.386+0000][566.696s][info][gc,heap        ] GC(434) DefNew: 23167K(24704K)->987K(24704K) Eden: 22016K(22016K)->0K(22016K) From: 1151K(2688K)->987K(2688K)
[2026-10-07T22:27:19.386+0000][566.696s][info][gc,heap        ] GC(434) Tenured: 33777K(54480K)->33934K(54480K)
[2026-10-07T22:27:19.386+0000][566.696s][info][gc,metaspace   ] GC(434) Metaspace: 73928K(74688K)->73928K(74688K) NonClass: 64624K(65024K)->64624K(65024K) Class: 9304K(9664K)->9304K(9664K)
[2026-10-07T22:27:19.386+0000][566.696s][info][gc             ] GC(434) Pause Young (Allocation Failure) 55M->34M(77M) 8.966ms
[2026-10-07T22:27:19.387+0000][566.696s][info][gc,cpu         ] GC(434) User=0.01s Sys=0.00s Real=0.01s
[2026-10-07T22:27:26.581+0000][573.891s][info][gc,start       ] GC(435) Pause Young (Allocation Failure)
[2026-10-07T22:27:26.589+0000][573.899s][info][gc,heap        ] GC(435) DefNew: 23003K(24704K)->1007K(24704K) Eden: 22016K(22016K)->0K(22016K) From: 987K(2688K)->1007K(2688K)
[2026-10-07T22:27:26.590+0000][573.899s][info][gc,heap        ] GC(435) Tenured: 33934K(54480K)->34046K(54480K)
[2026-10-07T22:27:26.590+0000][573.899s][info][gc,metaspace   ] GC(435) Metaspace: 73928K(74688K)->73928K(74688K) NonClass: 64624K(65024K)->64624K(65024K) Class: 9304K(9664K)->9304K(9664K)
[2026-10-07T22:27:26.590+0000][573.899s][info][gc             ] GC(435) Pause Young (Allocation Failure) 55M->34M(77M) 8.694ms
[2026-10-07T22:27:26.590+0000][573.899s][info][gc,cpu         ] GC(435) User=0.01s Sys=0.00s Real=0.01s
[2026-10-07T22:27:33.415+0000][580.725s][info][gc,start       ] GC(436) Pause Young (Allocation Failure)
[2026-10-07T22:27:33.423+0000][580.732s][info][gc,heap        ] GC(436) DefNew: 23023K(24704K)->949K(24704K) Eden: 22016K(22016K)->0K(22016K) From: 1007K(2688K)->949K(2688K)
[2026-10-07T22:27:33.423+0000][580.732s][info][gc,heap        ] GC(436) Tenured: 34046K(54480K)->34150K(54480K)
[2026-10-07T22:27:33.423+0000][580.732s][info][gc,metaspace   ] GC(436) Metaspace: 74099K(74880K)->74099K(74880K) NonClass: 64795K(65216K)->64795K(65216K) Class: 9304K(9664K)->9304K(9664K)
[2026-10-07T22:27:33.423+0000][580.732s][info][gc             ] GC(436) Pause Young (Allocation Failure) 55M->34M(77M) 7.378ms
[2026-10-07T22:27:33.423+0000][580.732s][info][gc,cpu         ] GC(436) User=0.00s Sys=0.00s Real=0.00s
[2026-10-07T22:27:40.580+0000][587.889s][info][gc,start       ] GC(437) Pause Young (Allocation Failure)
[2026-10-07T22:27:40.588+0000][587.898s][info][gc,heap        ] GC(437) DefNew: 22965K(24704K)->990K(24704K) Eden: 22016K(22016K)->0K(22016K) From: 949K(2688K)->990K(2688K)
[2026-10-07T22:27:40.588+0000][587.898s][info][gc,heap        ] GC(437) Tenured: 34150K(54480K)->34197K(54480K)
[2026-10-07T22:27:40.588+0000][587.898s][info][gc,metaspace   ] GC(437) Metaspace: 74099K(74880K)->74099K(74880K) NonClass: 64795K(65216K)->64795K(65216K) Class: 9304K(9664K)->9304K(9664K)
[2026-10-07T22:27:40.589+0000][587.898s][info][gc             ] GC(437) Pause Young (Allocation Failure) 55M->34M(77M) 8.902ms
[2026-10-07T22:27:40.589+0000][587.898s][info][gc,cpu         ] GC(437) User=0.01s Sys=0.00s Real=0.01s
[2026-10-07T22:27:47.526+0000][594.836s][info][gc,start       ] GC(438) Pause Young (Allocation Failure)
[2026-10-07T22:27:47.534+0000][594.844s][info][gc,heap        ] GC(438) DefNew: 23006K(24704K)->938K(24704K) Eden: 22016K(22016K)->0K(22016K) From: 990K(2688K)->938K(2688K)
[2026-10-07T22:27:47.534+0000][594.844s][info][gc,heap        ] GC(438) Tenured: 34197K(54480K)->34277K(54480K)
[2026-10-07T22:27:47.534+0000][594.844s][info][gc,metaspace   ] GC(438) Metaspace: 74103K(74880K)->74103K(74880K) NonClass: 64799K(65216K)->64799K(65216K) Class: 9304K(9664K)->9304K(9664K)
[2026-10-07T22:27:47.534+0000][594.844s][info][gc             ] GC(438) Pause Young (Allocation Failure) 55M->34M(77M) 7.934ms
[2026-10-07T22:27:47.534+0000][594.844s][info][gc,cpu         ] GC(438) User=0.01s Sys=0.00s Real=0.01s
[2026-10-07T22:27:54.658+0000][601.968s][info][gc,start       ] GC(439) Pause Young (Allocation Failure)
[2026-10-07T22:27:54.667+0000][601.976s][info][gc,heap        ] GC(439) DefNew: 22954K(24704K)->910K(24704K) Eden: 22016K(22016K)->0K(22016K) From: 938K(2688K)->910K(2688K)
[2026-10-07T22:27:54.667+0000][601.976s][info][gc,heap        ] GC(439) Tenured: 34277K(54480K)->34349K(54480K)
[2026-10-07T22:27:54.667+0000][601.976s][info][gc,metaspace   ] GC(439) Metaspace: 74103K(74880K)->74103K(74880K) NonClass: 64799K(65216K)->64799K(65216K) Class: 9304K(9664K)->9304K(9664K)
[2026-10-07T22:27:54.667+0000][601.976s][info][gc             ] GC(439) Pause Young (Allocation Failure) 55M->34M(77M) 8.731ms
[2026-10-07T22:27:54.667+0000][601.976s][info][gc,cpu         ] GC(439) User=0.01s Sys=0.00s Real=0.01s
[2026-10-07T22:28:01.680+0000][608.990s][info][gc,start       ] GC(440) Pause Young (Allocation Failure)
[2026-10-07T22:28:01.691+0000][609.001s][info][gc,heap        ] GC(440) DefNew: 22926K(24704K)->925K(24704K) Eden: 22016K(22016K)->0K(22016K) From: 910K(2688K)->925K(2688K)
[2026-10-07T22:28:01.691+0000][609.001s][info][gc,heap        ] GC(440) Tenured: 34349K(54480K)->34396K(54480K)
[2026-10-07T22:28:01.691+0000][609.001s][info][gc,metaspace   ] GC(440) Metaspace: 74105K(74880K)->74105K(74880K) NonClass: 64801K(65216K)->64801K(65216K) Class: 9304K(9664K)->9304K(9664K)
[2026-10-07T22:28:01.691+0000][609.001s][info][gc             ] GC(440) Pause Young (Allocation Failure) 55M->34M(77M) 11.068ms
[2026-10-07T22:28:01.691+0000][609.001s][info][gc,cpu         ] GC(440) User=0.01s Sys=0.00s Real=0.01s
[2026-10-07T22:28:08.683+0000][615.993s][info][gc,start       ] GC(441) Pause Young (Allocation Failure)
[2026-10-07T22:28:08.690+0000][616.000s][info][gc,heap        ] GC(441) DefNew: 22941K(24704K)->899K(24704K) Eden: 22016K(22016K)->0K(22016K) From: 925K(2688K)->899K(2688K)
[2026-10-07T22:28:08.690+0000][616.000s][info][gc,heap        ] GC(441) Tenured: 34396K(54480K)->34449K(54480K)
[2026-10-07T22:28:08.690+0000][616.000s][info][gc,metaspace   ] GC(441) Metaspace: 74105K(74880K)->74105K(74880K) NonClass: 64801K(65216K)->64801K(65216K) Class: 9304K(9664K)->9304K(9664K)
[2026-10-07T22:28:08.690+0000][616.000s][info][gc             ] GC(441) Pause Young (Allocation Failure) 55M->34M(77M) 7.438ms
[2026-10-07T22:28:08.691+0000][616.000s][info][gc,cpu         ] GC(441) User=0.00s Sys=0.00s Real=0.01s
[2026-10-07T22:28:15.653+0000][622.963s][info][gc,start       ] GC(442) Pause Young (Allocation Failure)
[2026-10-07T22:28:15.661+0000][622.970s][info][gc,heap        ] GC(442) DefNew: 22915K(24704K)->922K(24704K) Eden: 22016K(22016K)->0K(22016K) From: 899K(2688K)->922K(2688K)
[2026-10-07T22:28:15.661+0000][622.970s][info][gc,heap        ] GC(442) Tenured: 34449K(54480K)->34486K(54480K)
[2026-10-07T22:28:15.661+0000][622.970s][info][gc,metaspace   ] GC(442) Metaspace: 74105K(74880K)->74105K(74880K) NonClass: 64801K(65216K)->64801K(65216K) Class: 9304K(9664K)->9304K(9664K)
[2026-10-07T22:28:15.661+0000][622.970s][info][gc             ] GC(442) Pause Young (Allocation Failure) 56M->34M(77M) 7.573ms
[2026-10-07T22:28:15.661+0000][622.970s][info][gc,cpu         ] GC(442) User=0.01s Sys=0.00s Real=0.01s
[2026-10-07T22:28:22.732+0000][630.041s][info][gc,start       ] GC(443) Pause Young (Allocation Failure)
[2026-10-07T22:28:22.740+0000][630.049s][info][gc,heap        ] GC(443) DefNew: 22938K(24704K)->949K(24704K) Eden: 22016K(22016K)->0K(22016K) From: 922K(2688K)->949K(2688K)
[2026-10-07T22:28:22.740+0000][630.050s][info][gc,heap        ] GC(443) Tenured: 34486K(54480K)->34532K(54480K)
[2026-10-07T22:28:22.740+0000][630.050s][info][gc,metaspace   ] GC(443) Metaspace: 74105K(74880K)->74105K(74880K) NonClass: 64801K(65216K)->64801K(65216K) Class: 9304K(9664K)->9304K(9664K)
[2026-10-07T22:28:22.741+0000][630.050s][info][gc             ] GC(443) Pause Young (Allocation Failure) 56M->34M(77M) 8.777ms
[2026-10-07T22:28:22.741+0000][630.050s][info][gc,cpu         ] GC(443) User=0.01s Sys=0.00s Real=0.01s
[2026-10-07T22:28:29.706+0000][637.015s][info][gc,start       ] GC(444) Pause Young (Allocation Failure)
[2026-10-07T22:28:29.713+0000][637.022s][info][gc,heap        ] GC(444) DefNew: 22965K(24704K)->932K(24704K) Eden: 22016K(22016K)->0K(22016K) From: 949K(2688K)->932K(2688K)
[2026-10-07T22:28:29.713+0000][637.022s][info][gc,heap        ] GC(444) Tenured: 34532K(54480K)->34569K(54480K)
[2026-10-07T22:28:29.713+0000][637.022s][info][gc,metaspace   ] GC(444) Metaspace: 74107K(74880K)->74107K(74880K) NonClass: 64803K(65216K)->64803K(65216K) Class: 9304K(9664K)->9304K(9664K)
[2026-10-07T22:28:29.713+0000][637.023s][info][gc             ] GC(444) Pause Young (Allocation Failure) 56M->34M(77M) 7.407ms
[2026-10-07T22:28:29.713+0000][637.023s][info][gc,cpu         ] GC(444) User=0.01s Sys=0.00s Real=0.00s
[2026-10-07T22:28:36.911+0000][644.221s][info][gc,start       ] GC(445) Pause Young (Allocation Failure)
[2026-10-07T22:28:36.919+0000][644.229s][info][gc,heap        ] GC(445) DefNew: 22948K(24704K)->970K(24704K) Eden: 22016K(22016K)->0K(22016K) From: 932K(2688K)->970K(2688K)
[2026-10-07T22:28:36.919+0000][644.229s][info][gc,heap        ] GC(445) Tenured: 34569K(54480K)->34616K(54480K)
[2026-10-07T22:28:36.919+0000][644.229s][info][gc,metaspace   ] GC(445) Metaspace: 74108K(74880K)->74108K(74880K) NonClass: 64804K(65216K)->64804K(65216K) Class: 9304K(9664K)->9304K(9664K)
[2026-10-07T22:28:36.919+0000][644.229s][info][gc             ] GC(445) Pause Young (Allocation Failure) 56M->34M(77M) 7.870ms
[2026-10-07T22:28:36.919+0000][644.229s][info][gc,cpu         ] GC(445) User=0.00s Sys=0.00s Real=0.01s
[2026-10-07T22:28:43.628+0000][650.938s][info][gc,start       ] GC(446) Pause Young (Allocation Failure)
[2026-10-07T22:28:43.637+0000][650.947s][info][gc,heap        ] GC(446) DefNew: 22986K(24704K)->937K(24704K) Eden: 22016K(22016K)->0K(22016K) From: 970K(2688K)->937K(2688K)
[2026-10-07T22:28:43.637+0000][650.947s][info][gc,heap        ] GC(446) Tenured: 34616K(54480K)->34672K(54480K)
[2026-10-07T22:28:43.637+0000][650.947s][info][gc,metaspace   ] GC(446) Metaspace: 74200K(74944K)->74200K(74944K) NonClass: 64883K(65280K)->64883K(65280K) Class: 9317K(9664K)->9317K(9664K)
[2026-10-07T22:28:43.637+0000][650.947s][info][gc             ] GC(446) Pause Young (Allocation Failure) 56M->34M(77M) 8.771ms
[2026-10-07T22:28:43.637+0000][650.947s][info][gc,cpu         ] GC(446) User=0.01s Sys=0.01s Real=0.01s
[2026-10-07T22:28:50.798+0000][658.108s][info][gc,start       ] GC(447) Pause Young (Allocation Failure)
[2026-10-07T22:28:50.812+0000][658.122s][info][gc,heap        ] GC(447) DefNew: 22953K(24704K)->960K(24704K) Eden: 22016K(22016K)->0K(22016K) From: 937K(2688K)->960K(2688K)
[2026-10-07T22:28:50.812+0000][658.122s][info][gc,heap        ] GC(447) Tenured: 34672K(54480K)->34709K(54480K)
[2026-10-07T22:28:50.812+0000][658.122s][info][gc,metaspace   ] GC(447) Metaspace: 74200K(74944K)->74200K(74944K) NonClass: 64883K(65280K)->64883K(65280K) Class: 9317K(9664K)->9317K(9664K)
[2026-10-07T22:28:50.812+0000][658.122s][info][gc             ] GC(447) Pause Young (Allocation Failure) 56M->34M(77M) 14.008ms
[2026-10-07T22:28:50.812+0000][658.122s][info][gc,cpu         ] GC(447) User=0.00s Sys=0.00s Real=0.01s
[2026-10-07T22:28:57.674+0000][664.983s][info][gc,start       ] GC(448) Pause Young (Allocation Failure)
[2026-10-07T22:28:57.683+0000][664.993s][info][gc,heap        ] GC(448) DefNew: 22976K(24704K)->1055K(24704K) Eden: 22016K(22016K)->0K(22016K) From: 960K(2688K)->1055K(2688K)
[2026-10-07T22:28:57.683+0000][664.993s][info][gc,heap        ] GC(448) Tenured: 34709K(54480K)->34755K(54480K)
[2026-10-07T22:28:57.683+0000][664.993s][info][gc,metaspace   ] GC(448) Metaspace: 74211K(74944K)->74211K(74944K) NonClass: 64891K(65280K)->64891K(65280K) Class: 9319K(9664K)->9319K(9664K)
[2026-10-07T22:28:57.684+0000][664.993s][info][gc             ] GC(448) Pause Young (Allocation Failure) 56M->34M(77M) 9.748ms
[2026-10-07T22:28:57.684+0000][664.993s][info][gc,cpu         ] GC(448) User=0.00s Sys=0.00s Real=0.01s
[2026-10-07T22:29:04.779+0000][672.089s][info][gc,start       ] GC(449) Pause Young (Allocation Failure)
[2026-10-07T22:29:04.788+0000][672.098s][info][gc,heap        ] GC(449) DefNew: 23071K(24704K)->1039K(24704K) Eden: 22016K(22016K)->0K(22016K) From: 1055K(2688K)->1039K(2688K)
[2026-10-07T22:29:04.788+0000][672.098s][info][gc,heap        ] GC(449) Tenured: 34755K(54480K)->34801K(54480K)
[2026-10-07T22:29:04.788+0000][672.098s][info][gc,metaspace   ] GC(449) Metaspace: 74213K(74944K)->74213K(74944K) NonClass: 64893K(65280K)->64893K(65280K) Class: 9319K(9664K)->9319K(9664K)
[2026-10-07T22:29:04.788+0000][672.098s][info][gc             ] GC(449) Pause Young (Allocation Failure) 56M->35M(77M) 8.636ms
[2026-10-07T22:29:04.788+0000][672.098s][info][gc,cpu         ] GC(449) User=0.01s Sys=0.00s Real=0.01s
[2026-10-07T22:29:12.009+0000][679.318s][info][gc,start       ] GC(450) Pause Young (Allocation Failure)
[2026-10-07T22:29:12.026+0000][679.335s][info][gc,heap        ] GC(450) DefNew: 23055K(24704K)->1011K(24704K) Eden: 22016K(22016K)->0K(22016K) From: 1039K(2688K)->1011K(2688K)
[2026-10-07T22:29:12.026+0000][679.336s][info][gc,heap        ] GC(450) Tenured: 34801K(54480K)->34905K(54480K)
[2026-10-07T22:29:12.026+0000][679.336s][info][gc,metaspace   ] GC(450) Metaspace: 74213K(74944K)->74213K(74944K) NonClass: 64893K(65280K)->64893K(65280K) Class: 9319K(9664K)->9319K(9664K)
[2026-10-07T22:29:12.026+0000][679.336s][info][gc             ] GC(450) Pause Young (Allocation Failure) 56M->35M(77M) 17.456ms
[2026-10-07T22:29:12.026+0000][679.336s][info][gc,cpu         ] GC(450) User=0.01s Sys=0.00s Real=0.02s
[2026-10-07T22:29:18.798+0000][686.108s][info][gc,start       ] GC(451) Pause Young (Allocation Failure)
[2026-10-07T22:29:18.810+0000][686.120s][info][gc,heap        ] GC(451) DefNew: 23027K(24704K)->978K(24704K) Eden: 22016K(22016K)->0K(22016K) From: 1011K(2688K)->978K(2688K)
[2026-10-07T22:29:18.810+0000][686.120s][info][gc,heap        ] GC(451) Tenured: 34905K(54480K)->34951K(54480K)
[2026-10-07T22:29:18.810+0000][686.120s][info][gc,metaspace   ] GC(451) Metaspace: 74216K(74944K)->74216K(74944K) NonClass: 64896K(65280K)->64896K(65280K) Class: 9319K(9664K)->9319K(9664K)
[2026-10-07T22:29:18.810+0000][686.120s][info][gc             ] GC(451) Pause Young (Allocation Failure) 56M->35M(77M) 11.717ms
[2026-10-07T22:29:18.810+0000][686.120s][info][gc,cpu         ] GC(451) User=0.01s Sys=0.00s Real=0.01s
[2026-10-07T22:29:25.934+0000][693.244s][info][gc,start       ] GC(452) Pause Young (Allocation Failure)
[2026-10-07T22:29:25.944+0000][693.254s][info][gc,heap        ] GC(452) DefNew: 22994K(24704K)->1012K(24704K) Eden: 22015K(22016K)->0K(22016K) From: 978K(2688K)->1012K(2688K)
[2026-10-07T22:29:25.944+0000][693.254s][info][gc,heap        ] GC(452) Tenured: 34951K(54480K)->35007K(54480K)
[2026-10-07T22:29:25.944+0000][693.254s][info][gc,metaspace   ] GC(452) Metaspace: 74216K(74944K)->74216K(74944K) NonClass: 64896K(65280K)->64896K(65280K) Class: 9319K(9664K)->9319K(9664K)
[2026-10-07T22:29:25.944+0000][693.254s][info][gc             ] GC(452) Pause Young (Allocation Failure) 56M->35M(77M) 9.577ms
[2026-10-07T22:29:25.944+0000][693.254s][info][gc,cpu         ] GC(452) User=0.01s Sys=0.00s Real=0.01s
[2026-10-07T22:29:32.833+0000][700.143s][info][gc,start       ] GC(453) Pause Young (Allocation Failure)
[2026-10-07T22:29:32.842+0000][700.152s][info][gc,heap        ] GC(453) DefNew: 23028K(24704K)->1019K(24704K) Eden: 22016K(22016K)->0K(22016K) From: 1012K(2688K)->1019K(2688K)
[2026-10-07T22:29:32.842+0000][700.152s][info][gc,heap        ] GC(453) Tenured: 35007K(54480K)->35045K(54480K)
[2026-10-07T22:29:32.842+0000][700.152s][info][gc,metaspace   ] GC(453) Metaspace: 74217K(74944K)->74217K(74944K) NonClass: 64897K(65280K)->64897K(65280K) Class: 9319K(9664K)->9319K(9664K)
[2026-10-07T22:29:32.843+0000][700.152s][info][gc             ] GC(453) Pause Young (Allocation Failure) 56M->35M(77M) 9.539ms
[2026-10-07T22:29:32.843+0000][700.152s][info][gc,cpu         ] GC(453) User=0.01s Sys=0.00s Real=0.01s
[2026-10-07T22:29:39.958+0000][707.268s][info][gc,start       ] GC(454) Pause Young (Allocation Failure)
[2026-10-07T22:29:39.970+0000][707.279s][info][gc,heap        ] GC(454) DefNew: 23035K(24704K)->991K(24704K) Eden: 22016K(22016K)->0K(22016K) From: 1019K(2688K)->991K(2688K)
[2026-10-07T22:29:39.970+0000][707.279s][info][gc,heap        ] GC(454) Tenured: 35045K(54480K)->35103K(54480K)
[2026-10-07T22:29:39.970+0000][707.279s][info][gc,metaspace   ] GC(454) Metaspace: 74222K(75008K)->74222K(75008K) NonClass: 64902K(65344K)->64902K(65344K) Class: 9319K(9664K)->9319K(9664K)
[2026-10-07T22:29:39.970+0000][707.280s][info][gc             ] GC(454) Pause Young (Allocation Failure) 56M->35M(77M) 11.727ms
[2026-10-07T22:29:39.970+0000][707.280s][info][gc,cpu         ] GC(454) User=0.01s Sys=0.00s Real=0.01s
[2026-10-07T22:29:46.958+0000][714.268s][info][gc,start       ] GC(455) Pause Young (Allocation Failure)
[2026-10-07T22:29:46.966+0000][714.276s][info][gc,heap        ] GC(455) DefNew: 23007K(24704K)->988K(24704K) Eden: 22016K(22016K)->0K(22016K) From: 991K(2688K)->988K(2688K)
[2026-10-07T22:29:46.966+0000][714.276s][info][gc,heap        ] GC(455) Tenured: 35103K(54480K)->35162K(54480K)
[2026-10-07T22:29:46.966+0000][714.276s][info][gc,metaspace   ] GC(455) Metaspace: 74224K(75008K)->74224K(75008K) NonClass: 64904K(65344K)->64904K(65344K) Class: 9319K(9664K)->9319K(9664K)
[2026-10-07T22:29:46.966+0000][714.276s][info][gc             ] GC(455) Pause Young (Allocation Failure) 56M->35M(77M) 8.274ms
[2026-10-07T22:29:46.966+0000][714.276s][info][gc,cpu         ] GC(455) User=0.00s Sys=0.00s Real=0.01s
[2026-10-07T22:29:53.955+0000][721.265s][info][gc,start       ] GC(456) Pause Young (Allocation Failure)
[2026-10-07T22:29:53.964+0000][721.273s][info][gc,heap        ] GC(456) DefNew: 23004K(24704K)->960K(24704K) Eden: 22016K(22016K)->0K(22016K) From: 988K(2688K)->960K(2688K)
[2026-10-07T22:29:53.964+0000][721.273s][info][gc,heap        ] GC(456) Tenured: 35162K(54480K)->35207K(54480K)
[2026-10-07T22:29:53.964+0000][721.273s][info][gc,metaspace   ] GC(456) Metaspace: 74248K(75008K)->74248K(75008K) NonClass: 64928K(65344K)->64928K(65344K) Class: 9320K(9664K)->9320K(9664K)
[2026-10-07T22:29:53.964+0000][721.274s][info][gc             ] GC(456) Pause Young (Allocation Failure) 56M->35M(77M) 8.741ms
[2026-10-07T22:29:53.964+0000][721.274s][info][gc,cpu         ] GC(456) User=0.01s Sys=0.00s Real=0.01s
[2026-10-07T22:30:00.956+0000][728.266s][info][gc,start       ] GC(457) Pause Young (Allocation Failure)
[2026-10-07T22:30:00.967+0000][728.276s][info][gc,heap        ] GC(457) DefNew: 22976K(24704K)->979K(24704K) Eden: 22016K(22016K)->0K(22016K) From: 960K(2688K)->979K(2688K)
[2026-10-07T22:30:00.967+0000][728.276s][info][gc,heap        ] GC(457) Tenured: 35207K(54480K)->35256K(54480K)
[2026-10-07T22:30:00.967+0000][728.276s][info][gc,metaspace   ] GC(457) Metaspace: 74251K(75008K)->74251K(75008K) NonClass: 64931K(65344K)->64931K(65344K) Class: 9320K(9664K)->9320K(9664K)
[2026-10-07T22:30:00.967+0000][728.277s][info][gc             ] GC(457) Pause Young (Allocation Failure) 56M->35M(77M) 10.962ms
[2026-10-07T22:30:00.967+0000][728.277s][info][gc,cpu         ] GC(457) User=0.01s Sys=0.00s Real=0.01s
[2026-10-07T22:30:08.056+0000][735.365s][info][gc,start       ] GC(458) Pause Young (Allocation Failure)
[2026-10-07T22:30:08.067+0000][735.376s][info][gc,heap        ] GC(458) DefNew: 22995K(24704K)->985K(24704K) Eden: 22016K(22016K)->0K(22016K) From: 979K(2688K)->985K(2688K)
[2026-10-07T22:30:08.067+0000][735.376s][info][gc,heap        ] GC(458) Tenured: 35256K(54480K)->35303K(54480K)
[2026-10-07T22:30:08.067+0000][735.376s][info][gc,metaspace   ] GC(458) Metaspace: 74253K(75008K)->74253K(75008K) NonClass: 64932K(65344K)->64932K(65344K) Class: 9320K(9664K)->9320K(9664K)
[2026-10-07T22:30:08.067+0000][735.376s][info][gc             ] GC(458) Pause Young (Allocation Failure) 56M->35M(77M) 10.865ms
[2026-10-07T22:30:08.067+0000][735.376s][info][gc,cpu         ] GC(458) User=0.01s Sys=0.00s Real=0.01s
[2026-10-07T22:30:14.983+0000][742.292s][info][gc,start       ] GC(459) Pause Young (Allocation Failure)
[2026-10-07T22:30:14.992+0000][742.301s][info][gc,heap        ] GC(459) DefNew: 23001K(24704K)->929K(24704K) Eden: 22016K(22016K)->0K(22016K) From: 985K(2688K)->929K(2688K)
[2026-10-07T22:30:14.992+0000][742.301s][info][gc,heap        ] GC(459) Tenured: 35303K(54480K)->35359K(54480K)
[2026-10-07T22:30:14.992+0000][742.301s][info][gc,metaspace   ] GC(459) Metaspace: 74253K(75008K)->74253K(75008K) NonClass: 64932K(65344K)->64932K(65344K) Class: 9320K(9664K)->9320K(9664K)
[2026-10-07T22:30:14.992+0000][742.301s][info][gc             ] GC(459) Pause Young (Allocation Failure) 56M->35M(77M) 8.801ms
[2026-10-07T22:30:14.992+0000][742.301s][info][gc,cpu         ] GC(459) User=0.01s Sys=0.00s Real=0.01s
[2026-10-07T22:30:22.158+0000][749.468s][info][gc,start       ] GC(460) Pause Young (Allocation Failure)
[2026-10-07T22:30:22.166+0000][749.476s][info][gc,heap        ] GC(460) DefNew: 22945K(24704K)->944K(24704K) Eden: 22016K(22016K)->0K(22016K) From: 929K(2688K)->944K(2688K)
[2026-10-07T22:30:22.167+0000][749.476s][info][gc,heap        ] GC(460) Tenured: 35359K(54480K)->35427K(54480K)
[2026-10-07T22:30:22.167+0000][749.476s][info][gc,metaspace   ] GC(460) Metaspace: 74254K(75008K)->74254K(75008K) NonClass: 64933K(65344K)->64933K(65344K) Class: 9320K(9664K)->9320K(9664K)
[2026-10-07T22:30:22.167+0000][749.476s][info][gc             ] GC(460) Pause Young (Allocation Failure) 56M->35M(77M) 8.568ms
[2026-10-07T22:30:22.167+0000][749.477s][info][gc,cpu         ] GC(460) User=0.01s Sys=0.00s Real=0.01s
[2026-10-07T22:30:28.955+0000][756.265s][info][gc,start       ] GC(461) Pause Young (Allocation Failure)
[2026-10-07T22:30:28.965+0000][756.275s][info][gc,heap        ] GC(461) DefNew: 22960K(24704K)->882K(24704K) Eden: 22016K(22016K)->0K(22016K) From: 944K(2688K)->882K(2688K)
[2026-10-07T22:30:28.965+0000][756.275s][info][gc,heap        ] GC(461) Tenured: 35427K(54480K)->35491K(54480K)
[2026-10-07T22:30:28.965+0000][756.275s][info][gc,metaspace   ] GC(461) Metaspace: 74263K(75008K)->74263K(75008K) NonClass: 64942K(65344K)->64942K(65344K) Class: 9320K(9664K)->9320K(9664K)
[2026-10-07T22:30:28.965+0000][756.275s][info][gc             ] GC(461) Pause Young (Allocation Failure) 57M->35M(77M) 10.088ms
[2026-10-07T22:30:28.965+0000][756.275s][info][gc,cpu         ] GC(461) User=0.00s Sys=0.00s Real=0.01s
[2026-10-07T22:30:36.132+0000][763.442s][info][gc,start       ] GC(462) Pause Young (Allocation Failure)
[2026-10-07T22:30:36.141+0000][763.451s][info][gc,heap        ] GC(462) DefNew: 22898K(24704K)->921K(24704K) Eden: 22016K(22016K)->0K(22016K) From: 882K(2688K)->921K(2688K)
[2026-10-07T22:30:36.141+0000][763.451s][info][gc,heap        ] GC(462) Tenured: 35491K(54480K)->35538K(54480K)
[2026-10-07T22:30:36.141+0000][763.451s][info][gc,metaspace   ] GC(462) Metaspace: 74263K(75008K)->74263K(75008K) NonClass: 64942K(65344K)->64942K(65344K) Class: 9320K(9664K)->9320K(9664K)
[2026-10-07T22:30:36.141+0000][763.451s][info][gc             ] GC(462) Pause Young (Allocation Failure) 57M->35M(77M) 8.745ms
[2026-10-07T22:30:36.141+0000][763.451s][info][gc,cpu         ] GC(462) User=0.01s Sys=0.01s Real=0.01s
[2026-10-07T22:30:43.078+0000][770.388s][info][gc,start       ] GC(463) Pause Young (Allocation Failure)
[2026-10-07T22:30:43.087+0000][770.397s][info][gc,heap        ] GC(463) DefNew: 22937K(24704K)->848K(24704K) Eden: 22016K(22016K)->0K(22016K) From: 921K(2688K)->848K(2688K)
[2026-10-07T22:30:43.087+0000][770.397s][info][gc,heap        ] GC(463) Tenured: 35538K(54480K)->35663K(54480K)
[2026-10-07T22:30:43.087+0000][770.397s][info][gc,metaspace   ] GC(463) Metaspace: 74268K(75008K)->74268K(75008K) NonClass: 64947K(65344K)->64947K(65344K) Class: 9320K(9664K)->9320K(9664K)
[2026-10-07T22:30:43.088+0000][770.397s][info][gc             ] GC(463) Pause Young (Allocation Failure) 57M->35M(77M) 9.355ms
[2026-10-07T22:30:43.088+0000][770.397s][info][gc,cpu         ] GC(463) User=0.01s Sys=0.00s Real=0.01s
[2026-10-07T22:30:50.163+0000][777.472s][info][gc,start       ] GC(464) Pause Young (Allocation Failure)
[2026-10-07T22:30:50.180+0000][777.490s][info][gc,heap        ] GC(464) DefNew: 22864K(24704K)->851K(24704K) Eden: 22016K(22016K)->0K(22016K) From: 848K(2688K)->851K(2688K)
[2026-10-07T22:30:50.180+0000][777.490s][info][gc,heap        ] GC(464) Tenured: 35663K(54480K)->35705K(54480K)
[2026-10-07T22:30:50.180+0000][777.490s][info][gc,metaspace   ] GC(464) Metaspace: 74274K(75008K)->74274K(75008K) NonClass: 64954K(65344K)->64954K(65344K) Class: 9320K(9664K)->9320K(9664K)
[2026-10-07T22:30:50.181+0000][777.490s][info][gc             ] GC(464) Pause Young (Allocation Failure) 57M->35M(77M) 18.013ms
[2026-10-07T22:30:50.181+0000][777.490s][info][gc,cpu         ] GC(464) User=0.00s Sys=0.00s Real=0.02s
[2026-10-07T22:30:57.238+0000][784.547s][info][gc,start       ] GC(465) Pause Young (Allocation Failure)
[2026-10-07T22:30:57.251+0000][784.561s][info][gc,heap        ] GC(465) DefNew: 22867K(24704K)->872K(24704K) Eden: 22016K(22016K)->0K(22016K) From: 851K(2688K)->872K(2688K)
[2026-10-07T22:30:57.253+0000][784.562s][info][gc,heap        ] GC(465) Tenured: 35705K(54480K)->35752K(54480K)
[2026-10-07T22:30:57.253+0000][784.562s][info][gc,metaspace   ] GC(465) Metaspace: 74274K(75008K)->74274K(75008K) NonClass: 64954K(65344K)->64954K(65344K) Class: 9320K(9664K)->9320K(9664K)
[2026-10-07T22:30:57.253+0000][784.562s][info][gc             ] GC(465) Pause Young (Allocation Failure) 57M->35M(77M) 14.937ms
[2026-10-07T22:30:57.253+0000][784.562s][info][gc,cpu         ] GC(465) User=0.01s Sys=0.00s Real=0.01s
[2026-10-07T22:31:04.186+0000][791.496s][info][gc,start       ] GC(466) Pause Young (Allocation Failure)
[2026-10-07T22:31:04.194+0000][791.504s][info][gc,heap        ] GC(466) DefNew: 22888K(24704K)->856K(24704K) Eden: 22016K(22016K)->0K(22016K) From: 872K(2688K)->856K(2688K)
[2026-10-07T22:31:04.195+0000][791.504s][info][gc,heap        ] GC(466) Tenured: 35752K(54480K)->35799K(54480K)
[2026-10-07T22:31:04.195+0000][791.504s][info][gc,metaspace   ] GC(466) Metaspace: 74276K(75008K)->74276K(75008K) NonClass: 64956K(65344K)->64956K(65344K) Class: 9320K(9664K)->9320K(9664K)
[2026-10-07T22:31:04.195+0000][791.504s][info][gc             ] GC(466) Pause Young (Allocation Failure) 57M->35M(77M) 8.571ms
[2026-10-07T22:31:04.195+0000][791.504s][info][gc,cpu         ] GC(466) User=0.01s Sys=0.00s Real=0.01s
[2026-10-07T22:31:11.362+0000][798.671s][info][gc,start       ] GC(467) Pause Young (Allocation Failure)
[2026-10-07T22:31:11.371+0000][798.681s][info][gc,heap        ] GC(467) DefNew: 22872K(24704K)->865K(24704K) Eden: 22016K(22016K)->0K(22016K) From: 856K(2688K)->865K(2688K)
[2026-10-07T22:31:11.371+0000][798.681s][info][gc,heap        ] GC(467) Tenured: 35799K(54480K)->35857K(54480K)
[2026-10-07T22:31:11.371+0000][798.681s][info][gc,metaspace   ] GC(467) Metaspace: 74277K(75008K)->74277K(75008K) NonClass: 64956K(65344K)->64956K(65344K) Class: 9320K(9664K)->9320K(9664K)
[2026-10-07T22:31:11.371+0000][798.681s][info][gc             ] GC(467) Pause Young (Allocation Failure) 57M->35M(77M) 9.569ms
[2026-10-07T22:31:11.371+0000][798.681s][info][gc,cpu         ] GC(467) User=0.01s Sys=0.00s Real=0.01s
[2026-10-07T22:31:18.315+0000][805.625s][info][gc,start       ] GC(468) Pause Young (Allocation Failure)
[2026-10-07T22:31:18.324+0000][805.633s][info][gc,heap        ] GC(468) DefNew: 22881K(24704K)->926K(24704K) Eden: 22016K(22016K)->0K(22016K) From: 865K(2688K)->926K(2688K)
[2026-10-07T22:31:18.324+0000][805.633s][info][gc,heap        ] GC(468) Tenured: 35857K(54480K)->35894K(54480K)
[2026-10-07T22:31:18.324+0000][805.633s][info][gc,metaspace   ] GC(468) Metaspace: 74282K(75008K)->74282K(75008K) NonClass: 64961K(65344K)->64961K(65344K) Class: 9320K(9664K)->9320K(9664K)
[2026-10-07T22:31:18.324+0000][805.633s][info][gc             ] GC(468) Pause Young (Allocation Failure) 57M->35M(77M) 8.506ms
[2026-10-07T22:31:18.324+0000][805.633s][info][gc,cpu         ] GC(468) User=0.01s Sys=0.00s Real=0.01s
[2026-10-07T22:31:25.405+0000][812.714s][info][gc,start       ] GC(469) Pause Young (Allocation Failure)
[2026-10-07T22:31:25.412+0000][812.722s][info][gc,heap        ] GC(469) DefNew: 22942K(24704K)->889K(24704K) Eden: 22016K(22016K)->0K(22016K) From: 926K(2688K)->889K(2688K)
[2026-10-07T22:31:25.412+0000][812.722s][info][gc,heap        ] GC(469) Tenured: 35894K(54480K)->35938K(54480K)
[2026-10-07T22:31:25.412+0000][812.722s][info][gc,metaspace   ] GC(469) Metaspace: 74282K(75008K)->74282K(75008K) NonClass: 64962K(65344K)->64962K(65344K) Class: 9320K(9664K)->9320K(9664K)
[2026-10-07T22:31:25.413+0000][812.722s][info][gc             ] GC(469) Pause Young (Allocation Failure) 57M->35M(77M) 7.782ms
[2026-10-07T22:31:25.413+0000][812.722s][info][gc,cpu         ] GC(469) User=0.00s Sys=0.00s Real=0.00s
[2026-10-07T22:31:32.307+0000][819.616s][info][gc,start       ] GC(470) Pause Young (Allocation Failure)
[2026-10-07T22:31:32.314+0000][819.624s][info][gc,heap        ] GC(470) DefNew: 22905K(24704K)->917K(24704K) Eden: 22016K(22016K)->0K(22016K) From: 889K(2688K)->917K(2688K)
[2026-10-07T22:31:32.314+0000][819.624s][info][gc,heap        ] GC(470) Tenured: 35938K(54480K)->35979K(54480K)
[2026-10-07T22:31:32.314+0000][819.624s][info][gc,metaspace   ] GC(470) Metaspace: 74282K(75008K)->74282K(75008K) NonClass: 64962K(65344K)->64962K(65344K) Class: 9320K(9664K)->9320K(9664K)
[2026-10-07T22:31:32.315+0000][819.624s][info][gc             ] GC(470) Pause Young (Allocation Failure) 57M->36M(77M) 7.876ms
[2026-10-07T22:31:32.315+0000][819.624s][info][gc,cpu         ] GC(470) User=0.00s Sys=0.00s Real=0.01s
[2026-10-07T22:31:39.424+0000][826.733s][info][gc,start       ] GC(471) Pause Young (Allocation Failure)
[2026-10-07T22:31:39.432+0000][826.742s][info][gc,heap        ] GC(471) DefNew: 22933K(24704K)->908K(24704K) Eden: 22016K(22016K)->0K(22016K) From: 917K(2688K)->908K(2688K)
[2026-10-07T22:31:39.432+0000][826.742s][info][gc,heap        ] GC(471) Tenured: 35979K(54480K)->36026K(54480K)
[2026-10-07T22:31:39.432+0000][826.742s][info][gc,metaspace   ] GC(471) Metaspace: 74287K(75008K)->74287K(75008K) NonClass: 64966K(65344K)->64966K(65344K) Class: 9320K(9664K)->9320K(9664K)
[2026-10-07T22:31:39.432+0000][826.742s][info][gc             ] GC(471) Pause Young (Allocation Failure) 57M->36M(77M) 8.406ms
[2026-10-07T22:31:39.432+0000][826.742s][info][gc,cpu         ] GC(471) User=0.01s Sys=0.00s Real=0.00s
[2026-10-07T22:31:46.438+0000][833.748s][info][gc,start       ] GC(472) Pause Young (Allocation Failure)
[2026-10-07T22:31:46.451+0000][833.760s][info][gc,heap        ] GC(472) DefNew: 22924K(24704K)->932K(24704K) Eden: 22016K(22016K)->0K(22016K) From: 908K(2688K)->932K(2688K)
[2026-10-07T22:31:46.451+0000][833.760s][info][gc,heap        ] GC(472) Tenured: 36026K(54480K)->36069K(54480K)
[2026-10-07T22:31:46.451+0000][833.760s][info][gc,metaspace   ] GC(472) Metaspace: 74294K(75008K)->74294K(75008K) NonClass: 64974K(65344K)->64974K(65344K) Class: 9320K(9664K)->9320K(9664K)
[2026-10-07T22:31:46.451+0000][833.761s][info][gc             ] GC(472) Pause Young (Allocation Failure) 57M->36M(77M) 13.074ms
[2026-10-07T22:31:46.452+0000][833.761s][info][gc,cpu         ] GC(472) User=0.01s Sys=0.00s Real=0.01s
[2026-10-07T22:31:53.465+0000][840.774s][info][gc,start       ] GC(473) Pause Young (Allocation Failure)
[2026-10-07T22:31:53.475+0000][840.785s][info][gc,heap        ] GC(473) DefNew: 22948K(24704K)->914K(24704K) Eden: 22016K(22016K)->0K(22016K) From: 932K(2688K)->914K(2688K)
[2026-10-07T22:31:53.476+0000][840.785s][info][gc,heap        ] GC(473) Tenured: 36069K(54480K)->36109K(54480K)
[2026-10-07T22:31:53.476+0000][840.785s][info][gc,metaspace   ] GC(473) Metaspace: 74314K(75072K)->74314K(75072K) NonClass: 64993K(65408K)->64993K(65408K) Class: 9320K(9664K)->9320K(9664K)
[2026-10-07T22:31:53.476+0000][840.785s][info][gc             ] GC(473) Pause Young (Allocation Failure) 57M->36M(77M) 10.854ms
[2026-10-07T22:31:53.476+0000][840.785s][info][gc,cpu         ] GC(473) User=0.01s Sys=0.00s Real=0.01s
[2026-10-07T22:32:00.503+0000][847.813s][info][gc,start       ] GC(474) Pause Young (Allocation Failure)
[2026-10-07T22:32:00.512+0000][847.821s][info][gc,heap        ] GC(474) DefNew: 22930K(24704K)->950K(24704K) Eden: 22016K(22016K)->0K(22016K) From: 914K(2688K)->950K(2688K)
[2026-10-07T22:32:00.512+0000][847.821s][info][gc,heap        ] GC(474) Tenured: 36109K(54480K)->36148K(54480K)
[2026-10-07T22:32:00.512+0000][847.821s][info][gc,metaspace   ] GC(474) Metaspace: 74315K(75072K)->74315K(75072K) NonClass: 64994K(65408K)->64994K(65408K) Class: 9320K(9664K)->9320K(9664K)
[2026-10-07T22:32:00.512+0000][847.821s][info][gc             ] GC(474) Pause Young (Allocation Failure) 57M->36M(77M) 8.640ms
[2026-10-07T22:32:00.512+0000][847.822s][info][gc,cpu         ] GC(474) User=0.01s Sys=0.00s Real=0.01s
[2026-10-07T22:32:07.539+0000][854.849s][info][gc,start       ] GC(475) Pause Young (Allocation Failure)
[2026-10-07T22:32:07.547+0000][854.857s][info][gc,heap        ] GC(475) DefNew: 22966K(24704K)->990K(24704K) Eden: 22016K(22016K)->0K(22016K) From: 950K(2688K)->990K(2688K)
[2026-10-07T22:32:07.547+0000][854.857s][info][gc,heap        ] GC(475) Tenured: 36148K(54480K)->36199K(54480K)
[2026-10-07T22:32:07.547+0000][854.857s][info][gc,metaspace   ] GC(475) Metaspace: 74315K(75072K)->74315K(75072K) NonClass: 64994K(65408K)->64994K(65408K) Class: 9320K(9664K)->9320K(9664K)
[2026-10-07T22:32:07.547+0000][854.857s][info][gc             ] GC(475) Pause Young (Allocation Failure) 57M->36M(77M) 7.862ms
[2026-10-07T22:32:07.547+0000][854.857s][info][gc,cpu         ] GC(475) User=0.01s Sys=0.00s Real=0.01s
[2026-10-07T22:32:14.456+0000][861.765s][info][gc,start       ] GC(476) Pause Young (Allocation Failure)
[2026-10-07T22:32:14.463+0000][861.773s][info][gc,heap        ] GC(476) DefNew: 23006K(24704K)->966K(24704K) Eden: 22016K(22016K)->0K(22016K) From: 990K(2688K)->966K(2688K)
[2026-10-07T22:32:14.463+0000][861.773s][info][gc,heap        ] GC(476) Tenured: 36199K(54480K)->36243K(54480K)
[2026-10-07T22:32:14.463+0000][861.773s][info][gc,metaspace   ] GC(476) Metaspace: 74340K(75072K)->74340K(75072K) NonClass: 65019K(65408K)->65019K(65408K) Class: 9320K(9664K)->9320K(9664K)
[2026-10-07T22:32:14.464+0000][861.773s][info][gc             ] GC(476) Pause Young (Allocation Failure) 57M->36M(77M) 8.019ms
[2026-10-07T22:32:14.464+0000][861.773s][info][gc,cpu         ] GC(476) User=0.01s Sys=0.00s Real=0.01s
[2026-10-07T22:32:21.631+0000][868.941s][info][gc,start       ] GC(477) Pause Young (Allocation Failure)
[2026-10-07T22:32:21.641+0000][868.950s][info][gc,heap        ] GC(477) DefNew: 22982K(24704K)->991K(24704K) Eden: 22016K(22016K)->0K(22016K) From: 966K(2688K)->991K(2688K)
[2026-10-07T22:32:21.641+0000][868.950s][info][gc,heap        ] GC(477) Tenured: 36243K(54480K)->36305K(54480K)
[2026-10-07T22:32:21.641+0000][868.950s][info][gc,metaspace   ] GC(477) Metaspace: 74342K(75072K)->74342K(75072K) NonClass: 65022K(65408K)->65022K(65408K) Class: 9320K(9664K)->9320K(9664K)
[2026-10-07T22:32:21.641+0000][868.950s][info][gc             ] GC(477) Pause Young (Allocation Failure) 57M->36M(77M) 9.422ms
[2026-10-07T22:32:21.641+0000][868.951s][info][gc,cpu         ] GC(477) User=0.00s Sys=0.00s Real=0.01s
[2026-10-07T22:32:28.505+0000][875.814s][info][gc,start       ] GC(478) Pause Young (Allocation Failure)
[2026-10-07T22:32:28.514+0000][875.823s][info][gc,heap        ] GC(478) DefNew: 23007K(24704K)->976K(24704K) Eden: 22016K(22016K)->0K(22016K) From: 991K(2688K)->976K(2688K)
[2026-10-07T22:32:28.514+0000][875.823s][info][gc,heap        ] GC(478) Tenured: 36305K(54480K)->36354K(54480K)
[2026-10-07T22:32:28.514+0000][875.823s][info][gc,metaspace   ] GC(478) Metaspace: 74345K(75072K)->74345K(75072K) NonClass: 65024K(65408K)->65024K(65408K) Class: 9320K(9664K)->9320K(9664K)
[2026-10-07T22:32:28.514+0000][875.823s][info][gc             ] GC(478) Pause Young (Allocation Failure) 57M->36M(77M) 8.976ms
[2026-10-07T22:32:28.514+0000][875.824s][info][gc,cpu         ] GC(478) User=0.01s Sys=0.00s Real=0.01s
[2026-10-07T22:32:35.691+0000][883.001s][info][gc,start       ] GC(479) Pause Young (Allocation Failure)
[2026-10-07T22:32:35.707+0000][883.017s][info][gc,heap        ] GC(479) DefNew: 22992K(24704K)->1001K(24704K) Eden: 22016K(22016K)->0K(22016K) From: 976K(2688K)->1001K(2688K)
[2026-10-07T22:32:35.708+0000][883.017s][info][gc,heap        ] GC(479) Tenured: 36354K(54480K)->36406K(54480K)
[2026-10-07T22:32:35.708+0000][883.017s][info][gc,metaspace   ] GC(479) Metaspace: 74345K(75072K)->74345K(75072K) NonClass: 65024K(65408K)->65024K(65408K) Class: 9320K(9664K)->9320K(9664K)
[2026-10-07T22:32:35.708+0000][883.017s][info][gc             ] GC(479) Pause Young (Allocation Failure) 57M->36M(77M) 16.613ms
[2026-10-07T22:32:35.708+0000][883.017s][info][gc,cpu         ] GC(479) User=0.01s Sys=0.00s Real=0.02s
[2026-10-07T22:32:42.559+0000][889.869s][info][gc,start       ] GC(480) Pause Young (Allocation Failure)
[2026-10-07T22:32:42.568+0000][889.877s][info][gc,heap        ] GC(480) DefNew: 23017K(24704K)->1031K(24704K) Eden: 22016K(22016K)->0K(22016K) From: 1001K(2688K)->1031K(2688K)
[2026-10-07T22:32:42.568+0000][889.877s][info][gc,heap        ] GC(480) Tenured: 36406K(54480K)->36459K(54480K)
[2026-10-07T22:32:42.568+0000][889.877s][info][gc,metaspace   ] GC(480) Metaspace: 74345K(75072K)->74345K(75072K) NonClass: 65025K(65408K)->65025K(65408K) Class: 9320K(9664K)->9320K(9664K)
[2026-10-07T22:32:42.568+0000][889.877s][info][gc             ] GC(480) Pause Young (Allocation Failure) 58M->36M(77M) 8.712ms
[2026-10-07T22:32:42.568+0000][889.878s][info][gc,cpu         ] GC(480) User=0.00s Sys=0.00s Real=0.01s
[2026-10-07T22:32:49.582+0000][896.892s][info][gc,start       ] GC(481) Pause Young (Allocation Failure)
[2026-10-07T22:32:49.592+0000][896.901s][info][gc,heap        ] GC(481) DefNew: 23047K(24704K)->1091K(24704K) Eden: 22016K(22016K)->0K(22016K) From: 1031K(2688K)->1091K(2688K)
[2026-10-07T22:32:49.592+0000][896.901s][info][gc,heap        ] GC(481) Tenured: 36459K(54480K)->36527K(54480K)
[2026-10-07T22:32:49.592+0000][896.901s][info][gc,metaspace   ] GC(481) Metaspace: 74354K(75136K)->74354K(75136K) NonClass: 65034K(65472K)->65034K(65472K) Class: 9320K(9664K)->9320K(9664K)
[2026-10-07T22:32:49.592+0000][896.902s][info][gc             ] GC(481) Pause Young (Allocation Failure) 58M->36M(77M) 9.855ms
[2026-10-07T22:32:49.593+0000][896.902s][info][gc,cpu         ] GC(481) User=0.01s Sys=0.00s Real=0.01s
[2026-10-07T22:32:56.758+0000][904.068s][info][gc,start       ] GC(482) Pause Young (Allocation Failure)
[2026-10-07T22:32:56.767+0000][904.077s][info][gc,heap        ] GC(482) DefNew: 23107K(24704K)->1115K(24704K) Eden: 22016K(22016K)->0K(22016K) From: 1091K(2688K)->1115K(2688K)
[2026-10-07T22:32:56.767+0000][904.077s][info][gc,heap        ] GC(482) Tenured: 36527K(54480K)->36577K(54480K)
[2026-10-07T22:32:56.767+0000][904.077s][info][gc,metaspace   ] GC(482) Metaspace: 74355K(75136K)->74355K(75136K) NonClass: 65035K(65472K)->65035K(65472K) Class: 9320K(9664K)->9320K(9664K)
[2026-10-07T22:32:56.767+0000][904.077s][info][gc             ] GC(482) Pause Young (Allocation Failure) 58M->36M(77M) 8.890ms
[2026-10-07T22:32:56.767+0000][904.077s][info][gc,cpu         ] GC(482) User=0.01s Sys=0.00s Real=0.01s
[2026-10-07T22:33:03.603+0000][910.913s][info][gc,start       ] GC(483) Pause Young (Allocation Failure)
[2026-10-07T22:33:03.612+0000][910.921s][info][gc,heap        ] GC(483) DefNew: 23131K(24704K)->1081K(24704K) Eden: 22016K(22016K)->0K(22016K) From: 1115K(2688K)->1081K(2688K)
[2026-10-07T22:33:03.612+0000][910.921s][info][gc,heap        ] GC(483) Tenured: 36577K(54480K)->36633K(54480K)
[2026-10-07T22:33:03.612+0000][910.921s][info][gc,metaspace   ] GC(483) Metaspace: 74356K(75136K)->74356K(75136K) NonClass: 65035K(65472K)->65035K(65472K) Class: 9320K(9664K)->9320K(9664K)
[2026-10-07T22:33:03.612+0000][910.921s][info][gc             ] GC(483) Pause Young (Allocation Failure) 58M->36M(77M) 8.682ms
[2026-10-07T22:33:03.612+0000][910.921s][info][gc,cpu         ] GC(483) User=0.00s Sys=0.01s Real=0.01s
[2026-10-07T22:33:10.798+0000][918.108s][info][gc,start       ] GC(484) Pause Young (Allocation Failure)
[2026-10-07T22:33:10.807+0000][918.117s][info][gc,heap        ] GC(484) DefNew: 23097K(24704K)->1118K(24704K) Eden: 22016K(22016K)->0K(22016K) From: 1081K(2688K)->1118K(2688K)
[2026-10-07T22:33:10.807+0000][918.117s][info][gc,heap        ] GC(484) Tenured: 36633K(54480K)->36687K(54480K)
[2026-10-07T22:33:10.807+0000][918.117s][info][gc,metaspace   ] GC(484) Metaspace: 74356K(75136K)->74356K(75136K) NonClass: 65036K(65472K)->65036K(65472K) Class: 9320K(9664K)->9320K(9664K)
[2026-10-07T22:33:10.807+0000][918.117s][info][gc             ] GC(484) Pause Young (Allocation Failure) 58M->36M(77M) 8.916ms
[2026-10-07T22:33:10.807+0000][918.117s][info][gc,cpu         ] GC(484) User=0.00s Sys=0.00s Real=0.01s
[2026-10-07T22:33:17.745+0000][925.055s][info][gc,start       ] GC(485) Pause Young (Allocation Failure)
[2026-10-07T22:33:17.755+0000][925.064s][info][gc,heap        ] GC(485) DefNew: 23134K(24704K)->1161K(24704K) Eden: 22016K(22016K)->0K(22016K) From: 1118K(2688K)->1161K(2688K)
[2026-10-07T22:33:17.755+0000][925.065s][info][gc,heap        ] GC(485) Tenured: 36687K(54480K)->36734K(54480K)
[2026-10-07T22:33:17.755+0000][925.065s][info][gc,metaspace   ] GC(485) Metaspace: 74356K(75136K)->74356K(75136K) NonClass: 65036K(65472K)->65036K(65472K) Class: 9320K(9664K)->9320K(9664K)
[2026-10-07T22:33:17.755+0000][925.065s][info][gc             ] GC(485) Pause Young (Allocation Failure) 58M->37M(77M) 9.505ms
[2026-10-07T22:33:17.755+0000][925.065s][info][gc,cpu         ] GC(485) User=0.01s Sys=0.00s Real=0.01s
[2026-10-07T22:33:24.883+0000][932.193s][info][gc,start       ] GC(486) Pause Young (Allocation Failure)
[2026-10-07T22:33:24.892+0000][932.202s][info][gc,heap        ] GC(486) DefNew: 23177K(24704K)->1120K(24704K) Eden: 22016K(22016K)->0K(22016K) From: 1161K(2688K)->1120K(2688K)
[2026-10-07T22:33:24.892+0000][932.202s][info][gc,heap        ] GC(486) Tenured: 36734K(54480K)->36801K(54480K)
[2026-10-07T22:33:24.892+0000][932.202s][info][gc,metaspace   ] GC(486) Metaspace: 74359K(75136K)->74359K(75136K) NonClass: 65039K(65472K)->65039K(65472K) Class: 9320K(9664K)->9320K(9664K)
[2026-10-07T22:33:24.892+0000][932.202s][info][gc             ] GC(486) Pause Young (Allocation Failure) 58M->37M(77M) 8.681ms
[2026-10-07T22:33:24.892+0000][932.202s][info][gc,cpu         ] GC(486) User=0.01s Sys=0.00s Real=0.01s
[2026-10-07T22:33:31.922+0000][939.231s][info][gc,start       ] GC(487) Pause Young (Allocation Failure)
[2026-10-07T22:33:31.930+0000][939.240s][info][gc,heap        ] GC(487) DefNew: 23136K(24704K)->1181K(24704K) Eden: 22016K(22016K)->0K(22016K) From: 1120K(2688K)->1181K(2688K)
[2026-10-07T22:33:31.930+0000][939.240s][info][gc,heap        ] GC(487) Tenured: 36801K(54480K)->36847K(54480K)
[2026-10-07T22:33:31.931+0000][939.240s][info][gc,metaspace   ] GC(487) Metaspace: 74359K(75136K)->74359K(75136K) NonClass: 65039K(65472K)->65039K(65472K) Class: 9320K(9664K)->9320K(9664K)
[2026-10-07T22:33:31.931+0000][939.240s][info][gc             ] GC(487) Pause Young (Allocation Failure) 58M->37M(77M) 9.023ms
[2026-10-07T22:33:31.931+0000][939.240s][info][gc,cpu         ] GC(487) User=0.01s Sys=0.00s Real=0.01s
[2026-10-07T22:33:38.884+0000][946.194s][info][gc,start       ] GC(488) Pause Young (Allocation Failure)
[2026-10-07T22:33:38.893+0000][946.203s][info][gc,heap        ] GC(488) DefNew: 23197K(24704K)->1195K(24704K) Eden: 22016K(22016K)->0K(22016K) From: 1181K(2688K)->1195K(2688K)
[2026-10-07T22:33:38.893+0000][946.203s][info][gc,heap        ] GC(488) Tenured: 36847K(54480K)->36900K(54480K)
[2026-10-07T22:33:38.893+0000][946.203s][info][gc,metaspace   ] GC(488) Metaspace: 74359K(75136K)->74359K(75136K) NonClass: 65039K(65472K)->65039K(65472K) Class: 9320K(9664K)->9320K(9664K)
[2026-10-07T22:33:38.893+0000][946.203s][info][gc             ] GC(488) Pause Young (Allocation Failure) 58M->37M(77M) 8.913ms
[2026-10-07T22:33:38.893+0000][946.203s][info][gc,cpu         ] GC(488) User=0.00s Sys=0.00s Real=0.00s
[2026-10-07T22:33:45.909+0000][953.218s][info][gc,start       ] GC(489) Pause Young (Allocation Failure)
[2026-10-07T22:33:45.918+0000][953.228s][info][gc,heap        ] GC(489) DefNew: 23211K(24704K)->1232K(24704K) Eden: 22016K(22016K)->0K(22016K) From: 1195K(2688K)->1232K(2688K)
[2026-10-07T22:33:45.919+0000][953.228s][info][gc,heap        ] GC(489) Tenured: 36900K(54480K)->36957K(54480K)
[2026-10-07T22:33:45.919+0000][953.228s][info][gc,metaspace   ] GC(489) Metaspace: 74361K(75136K)->74361K(75136K) NonClass: 65040K(65472K)->65040K(65472K) Class: 9320K(9664K)->9320K(9664K)
[2026-10-07T22:33:45.919+0000][953.228s][info][gc             ] GC(489) Pause Young (Allocation Failure) 58M->37M(77M) 9.826ms
[2026-10-07T22:33:45.919+0000][953.228s][info][gc,cpu         ] GC(489) User=0.01s Sys=0.00s Real=0.01s
[2026-10-07T22:33:52.888+0000][960.198s][info][gc,start       ] GC(490) Pause Young (Allocation Failure)
[2026-10-07T22:33:52.898+0000][960.208s][info][gc,heap        ] GC(490) DefNew: 23248K(24704K)->1296K(24704K) Eden: 22015K(22016K)->0K(22016K) From: 1232K(2688K)->1296K(2688K)
[2026-10-07T22:33:52.898+0000][960.208s][info][gc,heap        ] GC(490) Tenured: 36957K(54480K)->37011K(54480K)
[2026-10-07T22:33:52.898+0000][960.208s][info][gc,metaspace   ] GC(490) Metaspace: 74366K(75200K)->74366K(75200K) NonClass: 65045K(65536K)->65045K(65536K) Class: 9320K(9664K)->9320K(9664K)
[2026-10-07T22:33:52.898+0000][960.208s][info][gc             ] GC(490) Pause Young (Allocation Failure) 58M->37M(77M) 10.084ms
[2026-10-07T22:33:52.898+0000][960.208s][info][gc,cpu         ] GC(490) User=0.01s Sys=0.00s Real=0.01s
[2026-10-07T22:33:59.782+0000][967.092s][info][gc,start       ] GC(491) Pause Young (Allocation Failure)
[2026-10-07T22:33:59.792+0000][967.102s][info][gc,heap        ] GC(491) DefNew: 23312K(24704K)->1260K(24704K) Eden: 22016K(22016K)->0K(22016K) From: 1296K(2688K)->1260K(2688K)
[2026-10-07T22:33:59.792+0000][967.102s][info][gc,heap        ] GC(491) Tenured: 37011K(54480K)->37083K(54480K)
[2026-10-07T22:33:59.792+0000][967.102s][info][gc,metaspace   ] GC(491) Metaspace: 74410K(75200K)->74410K(75200K) NonClass: 65089K(65536K)->65089K(65536K) Class: 9320K(9664K)->9320K(9664K)
[2026-10-07T22:33:59.792+0000][967.102s][info][gc             ] GC(491) Pause Young (Allocation Failure) 58M->37M(77M) 10.031ms
[2026-10-07T22:33:59.793+0000][967.102s][info][gc,cpu         ] GC(491) User=0.01s Sys=0.00s Real=0.01s
[2026-10-07T22:34:06.958+0000][974.267s][info][gc,start       ] GC(492) Pause Young (Allocation Failure)
[2026-10-07T22:34:06.967+0000][974.276s][info][gc,heap        ] GC(492) DefNew: 23276K(24704K)->1330K(24704K) Eden: 22016K(22016K)->0K(22016K) From: 1260K(2688K)->1330K(2688K)
[2026-10-07T22:34:06.967+0000][974.276s][info][gc,heap        ] GC(492) Tenured: 37083K(54480K)->37145K(54480K)
[2026-10-07T22:34:06.967+0000][974.276s][info][gc,metaspace   ] GC(492) Metaspace: 74416K(75200K)->74416K(75200K) NonClass: 65095K(65536K)->65095K(65536K) Class: 9320K(9664K)->9320K(9664K)
[2026-10-07T22:34:06.967+0000][974.277s][info][gc             ] GC(492) Pause Young (Allocation Failure) 58M->37M(77M) 9.525ms
[2026-10-07T22:34:06.967+0000][974.277s][info][gc,cpu         ] GC(492) User=0.01s Sys=0.00s Real=0.01s
[2026-10-07T22:34:13.788+0000][981.098s][info][gc,start       ] GC(493) Pause Young (Allocation Failure)
[2026-10-07T22:34:13.804+0000][981.114s][info][gc,heap        ] GC(493) DefNew: 23346K(24704K)->1307K(24704K) Eden: 22016K(22016K)->0K(22016K) From: 1330K(2688K)->1307K(2688K)
[2026-10-07T22:34:13.804+0000][981.114s][info][gc,heap        ] GC(493) Tenured: 37145K(54480K)->37195K(54480K)
[2026-10-07T22:34:13.804+0000][981.114s][info][gc,metaspace   ] GC(493) Metaspace: 74421K(75200K)->74421K(75200K) NonClass: 65100K(65536K)->65100K(65536K) Class: 9320K(9664K)->9320K(9664K)
[2026-10-07T22:34:13.804+0000][981.114s][info][gc             ] GC(493) Pause Young (Allocation Failure) 59M->37M(77M) 16.116ms
[2026-10-07T22:34:13.804+0000][981.114s][info][gc,cpu         ] GC(493) User=0.01s Sys=0.00s Real=0.02s
[2026-10-07T22:34:21.000+0000][988.310s][info][gc,start       ] GC(494) Pause Young (Allocation Failure)
[2026-10-07T22:34:21.013+0000][988.323s][info][gc,heap        ] GC(494) DefNew: 23323K(24704K)->1345K(24704K) Eden: 22016K(22016K)->0K(22016K) From: 1307K(2688K)->1345K(2688K)
[2026-10-07T22:34:21.014+0000][988.323s][info][gc,heap        ] GC(494) Tenured: 37195K(54480K)->37261K(54480K)
[2026-10-07T22:34:21.014+0000][988.323s][info][gc,metaspace   ] GC(494) Metaspace: 74425K(75200K)->74425K(75200K) NonClass: 65104K(65536K)->65104K(65536K) Class: 9320K(9664K)->9320K(9664K)
[2026-10-07T22:34:21.014+0000][988.323s][info][gc             ] GC(494) Pause Young (Allocation Failure) 59M->37M(77M) 13.750ms
[2026-10-07T22:34:21.014+0000][988.323s][info][gc,cpu         ] GC(494) User=0.01s Sys=0.00s Real=0.02s
[2026-10-07T22:34:27.929+0000][995.239s][info][gc,start       ] GC(495) Pause Young (Allocation Failure)
[2026-10-07T22:34:27.940+0000][995.249s][info][gc,heap        ] GC(495) DefNew: 23361K(24704K)->1362K(24704K) Eden: 22016K(22016K)->0K(22016K) From: 1345K(2688K)->1362K(2688K)
[2026-10-07T22:34:27.940+0000][995.249s][info][gc,heap        ] GC(495) Tenured: 37261K(54480K)->37347K(54480K)
[2026-10-07T22:34:27.940+0000][995.249s][info][gc,metaspace   ] GC(495) Metaspace: 74426K(75200K)->74426K(75200K) NonClass: 65105K(65536K)->65105K(65536K) Class: 9320K(9664K)->9320K(9664K)
[2026-10-07T22:34:27.940+0000][995.250s][info][gc             ] GC(495) Pause Young (Allocation Failure) 59M->37M(77M) 10.743ms
[2026-10-07T22:34:27.940+0000][995.250s][info][gc,cpu         ] GC(495) User=0.01s Sys=0.00s Real=0.01s
[2026-10-07T22:34:35.080+0000][1002.390s][info][gc,start       ] GC(496) Pause Young (Allocation Failure)
[2026-10-07T22:34:35.092+0000][1002.401s][info][gc,heap        ] GC(496) DefNew: 23378K(24704K)->1316K(24704K) Eden: 22016K(22016K)->0K(22016K) From: 1362K(2688K)->1316K(2688K)
[2026-10-07T22:34:35.092+0000][1002.401s][info][gc,heap        ] GC(496) Tenured: 37347K(54480K)->37442K(54480K)
[2026-10-07T22:34:35.092+0000][1002.401s][info][gc,metaspace   ] GC(496) Metaspace: 74430K(75200K)->74430K(75200K) NonClass: 65109K(65536K)->65109K(65536K) Class: 9320K(9664K)->9320K(9664K)
[2026-10-07T22:34:35.092+0000][1002.401s][info][gc             ] GC(496) Pause Young (Allocation Failure) 59M->37M(77M) 11.733ms
[2026-10-07T22:34:35.092+0000][1002.401s][info][gc,cpu         ] GC(496) User=0.01s Sys=0.00s Real=0.01s
[2026-10-07T22:34:42.232+0000][1009.542s][info][gc,start       ] GC(497) Pause Young (Allocation Failure)
[2026-10-07T22:34:42.248+0000][1009.558s][info][gc,heap        ] GC(497) DefNew: 23327K(24704K)->1366K(24704K) Eden: 22010K(22016K)->0K(22016K) From: 1316K(2688K)->1366K(2688K)
[2026-10-07T22:34:42.248+0000][1009.558s][info][gc,heap        ] GC(497) Tenured: 37442K(54480K)->37500K(54480K)
[2026-10-07T22:34:42.248+0000][1009.558s][info][gc,metaspace   ] GC(497) Metaspace: 74446K(75200K)->74446K(75200K) NonClass: 65125K(65536K)->65125K(65536K) Class: 9320K(9664K)->9320K(9664K)
[2026-10-07T22:34:42.248+0000][1009.558s][info][gc             ] GC(497) Pause Young (Allocation Failure) 59M->37M(77M) 15.966ms
[2026-10-07T22:34:42.248+0000][1009.558s][info][gc,cpu         ] GC(497) User=0.01s Sys=0.00s Real=0.02s
[2026-10-07T22:34:49.022+0000][1016.331s][info][gc,start       ] GC(498) Pause Young (Allocation Failure)
[2026-10-07T22:34:49.033+0000][1016.343s][info][gc,heap        ] GC(498) DefNew: 23382K(24704K)->1353K(24704K) Eden: 22016K(22016K)->0K(22016K) From: 1366K(2688K)->1353K(2688K)
[2026-10-07T22:34:49.034+0000][1016.343s][info][gc,heap        ] GC(498) Tenured: 37500K(54480K)->37572K(54480K)
[2026-10-07T22:34:49.034+0000][1016.344s][info][gc,metaspace   ] GC(498) Metaspace: 74447K(75200K)->74447K(75200K) NonClass: 65126K(65536K)->65126K(65536K) Class: 9320K(9664K)->9320K(9664K)
[2026-10-07T22:34:49.034+0000][1016.344s][info][gc             ] GC(498) Pause Young (Allocation Failure) 59M->38M(77M) 12.594ms
[2026-10-07T22:34:49.035+0000][1016.344s][info][gc,cpu         ] GC(498) User=0.01s Sys=0.00s Real=0.02s
