[2026-10-07T20:08:26.786+0000][2453.027s][info][gc,start       ] GC(493) Pause Young (Allocation Failure)
[2026-10-07T20:08:26.793+0000][2453.034s][info][gc,heap        ] GC(493) DefNew: 35717K(38144K)->1995K(38144K) Eden: 33920K(33920K)->0K(33920K) From: 1797K(4224K)->1995K(4224K)
[2026-10-07T20:08:26.793+0000][2453.034s][info][gc,heap        ] GC(493) Tenured: 82665K(84464K)->82665K(84464K)
[2026-10-07T20:08:26.793+0000][2453.034s][info][gc,metaspace   ] GC(493) Metaspace: 75280K(76032K)->75280K(76032K) NonClass: 65967K(66304K)->65967K(66304K) Class: 9312K(9728K)->9312K(9728K)
[2026-10-07T20:08:26.793+0000][2453.034s][info][gc             ] GC(493) Pause Young (Allocation Failure) 115M->82M(119M) 7.039ms
[2026-10-07T20:08:26.793+0000][2453.034s][info][gc,cpu         ] GC(493) User=0.01s Sys=0.00s Real=0.00s
[2026-10-07T20:08:28.296+0000][2454.537s][info][gc,start       ] GC(494) Pause Young (Allocation Failure)
[2026-10-07T20:08:28.303+0000][2454.544s][info][gc,heap        ] GC(494) DefNew: 35915K(38144K)->1870K(38144K) Eden: 33920K(33920K)->0K(33920K) From: 1995K(4224K)->1870K(4224K)
[2026-10-07T20:08:28.303+0000][2454.544s][info][gc,heap        ] GC(494) Tenured: 82665K(84464K)->82665K(84464K)
[2026-10-07T20:08:28.303+0000][2454.544s][info][gc,metaspace   ] GC(494) Metaspace: 75280K(76032K)->75280K(76032K) NonClass: 65967K(66304K)->65967K(66304K) Class: 9312K(9728K)->9312K(9728K)
[2026-10-07T20:08:28.303+0000][2454.544s][info][gc             ] GC(494) Pause Young (Allocation Failure) 115M->82M(119M) 6.660ms
[2026-10-07T20:08:28.303+0000][2454.544s][info][gc,cpu         ] GC(494) User=0.01s Sys=0.00s Real=0.00s
[2026-10-07T20:08:35.564+0000][2461.805s][info][gc,start       ] GC(495) Pause Young (Allocation Failure)
[2026-10-07T20:08:35.577+0000][2461.818s][info][gc,heap        ] GC(495) DefNew: 35790K(38144K)->2726K(38144K) Eden: 33920K(33920K)->0K(33920K) From: 1870K(4224K)->2726K(4224K)
[2026-10-07T20:08:35.577+0000][2461.818s][info][gc,heap        ] GC(495) Tenured: 82665K(84464K)->82665K(84464K)
[2026-10-07T20:08:35.577+0000][2461.818s][info][gc,metaspace   ] GC(495) Metaspace: 75282K(76032K)->75282K(76032K) NonClass: 65968K(66304K)->65968K(66304K) Class: 9314K(9728K)->9314K(9728K)
[2026-10-07T20:08:35.577+0000][2461.818s][info][gc             ] GC(495) Pause Young (Allocation Failure) 115M->83M(119M) 12.681ms
[2026-10-07T20:08:35.577+0000][2461.818s][info][gc,cpu         ] GC(495) User=0.01s Sys=0.00s Real=0.01s
[2026-10-07T20:08:45.648+0000][2471.889s][info][gc,start       ] GC(496) Pause Young (Allocation Failure)
[2026-10-07T20:08:45.662+0000][2471.903s][info][gc,heap        ] GC(496) DefNew: 36646K(38144K)->3516K(38144K) Eden: 33920K(33920K)->0K(33920K) From: 2726K(4224K)->3516K(4224K)
[2026-10-07T20:08:45.662+0000][2471.903s][info][gc,heap        ] GC(496) Tenured: 82665K(84464K)->83321K(84464K)
[2026-10-07T20:08:45.662+0000][2471.903s][info][gc,metaspace   ] GC(496) Metaspace: 75282K(76032K)->75282K(76032K) NonClass: 65968K(66304K)->65968K(66304K) Class: 9314K(9728K)->9314K(9728K)
[2026-10-07T20:08:45.662+0000][2471.903s][info][gc             ] GC(496) Pause Young (Allocation Failure) 116M->84M(119M) 13.969ms
[2026-10-07T20:08:45.662+0000][2471.903s][info][gc,cpu         ] GC(496) User=0.01s Sys=0.00s Real=0.01s
[2026-10-07T20:08:56.295+0000][2482.536s][info][gc,start       ] GC(497) Pause Young (Allocation Failure)
[2026-10-07T20:08:56.309+0000][2482.550s][info][gc             ] GC(497) Pause Young (Allocation Failure) 117M->85M(120M) 13.961ms
[2026-10-07T20:08:56.309+0000][2482.550s][info][gc,cpu         ] GC(497) User=0.01s Sys=0.00s Real=0.01s
[2026-10-07T20:08:56.309+0000][2482.550s][info][gc,start       ] GC(498) Pause Full (Allocation Failure)
[2026-10-07T20:08:56.309+0000][2482.550s][info][gc,phases,start] GC(498) Phase 1: Mark live objects
[2026-10-07T20:08:56.531+0000][2482.772s][info][gc,phases      ] GC(498) Phase 1: Mark live objects 221.819ms
[2026-10-07T20:08:56.531+0000][2482.772s][info][gc,phases,start] GC(498) Phase 2: Compute new object addresses
[2026-10-07T20:08:56.607+0000][2482.848s][info][gc,phases      ] GC(498) Phase 2: Compute new object addresses 75.760ms
[2026-10-07T20:08:56.607+0000][2482.848s][info][gc,phases,start] GC(498) Phase 3: Adjust pointers
[2026-10-07T20:08:56.660+0000][2482.901s][info][gc,phases      ] GC(498) Phase 3: Adjust pointers 52.820ms
[2026-10-07T20:08:56.660+0000][2482.901s][info][gc,phases,start] GC(498) Phase 4: Move objects
[2026-10-07T20:08:56.669+0000][2482.911s][info][gc,phases      ] GC(498) Phase 4: Move objects 9.538ms
[2026-10-07T20:08:56.670+0000][2482.912s][info][gc,heap        ] GC(498) DefNew: 37436K(38144K)->0K(38144K) Eden: 33920K(33920K)->0K(33920K) From: 3516K(4224K)->0K(4224K)
[2026-10-07T20:08:56.671+0000][2482.912s][info][gc,heap        ] GC(498) Tenured: 83321K(84464K)->37861K(84464K)
[2026-10-07T20:08:56.671+0000][2482.912s][info][gc,metaspace   ] GC(498) Metaspace: 75282K(76032K)->75281K(76032K) NonClass: 65968K(66304K)->65967K(66304K) Class: 9314K(9728K)->9313K(9728K)
[2026-10-07T20:08:56.671+0000][2482.912s][info][gc             ] GC(498) Pause Full (Allocation Failure) 85M->36M(119M) 361.591ms
[2026-10-07T20:08:56.671+0000][2482.912s][info][gc,cpu         ] GC(498) User=0.35s Sys=0.00s Real=0.36s
[2026-10-07T20:09:07.317+0000][2493.558s][info][gc,start       ] GC(499) Pause Young (Allocation Failure)
[2026-10-07T20:09:07.324+0000][2493.565s][info][gc,heap        ] GC(499) DefNew: 33920K(38144K)->427K(38144K) Eden: 33920K(33920K)->0K(33920K) From: 0K(4224K)->427K(4224K)
[2026-10-07T20:09:07.324+0000][2493.565s][info][gc,heap        ] GC(499) Tenured: 37861K(84464K)->37861K(84464K)
[2026-10-07T20:09:07.324+0000][2493.565s][info][gc,metaspace   ] GC(499) Metaspace: 75281K(76032K)->75281K(76032K) NonClass: 65967K(66304K)->65967K(66304K) Class: 9313K(9728K)->9313K(9728K)
[2026-10-07T20:09:07.324+0000][2493.565s][info][gc             ] GC(499) Pause Young (Allocation Failure) 70M->37M(119M) 6.964ms
[2026-10-07T20:09:07.324+0000][2493.565s][info][gc,cpu         ] GC(499) User=0.00s Sys=0.00s Real=0.01s
[2026-10-07T20:09:18.122+0000][2504.363s][info][gc,start       ] GC(500) Pause Young (Allocation Failure)
[2026-10-07T20:09:18.129+0000][2504.370s][info][gc,heap        ] GC(500) DefNew: 34347K(38144K)->658K(38144K) Eden: 33920K(33920K)->0K(33920K) From: 427K(4224K)->658K(4224K)
[2026-10-07T20:09:18.129+0000][2504.370s][info][gc,heap        ] GC(500) Tenured: 37861K(84464K)->37861K(84464K)
[2026-10-07T20:09:18.129+0000][2504.370s][info][gc,metaspace   ] GC(500) Metaspace: 75281K(76032K)->75281K(76032K) NonClass: 65967K(66304K)->65967K(66304K) Class: 9313K(9728K)->9313K(9728K)
[2026-10-07T20:09:18.129+0000][2504.370s][info][gc             ] GC(500) Pause Young (Allocation Failure) 70M->37M(119M) 7.113ms
[2026-10-07T20:09:18.129+0000][2504.370s][info][gc,cpu         ] GC(500) User=0.01s Sys=0.00s Real=0.01s
[2026-10-07T20:09:29.001+0000][2515.242s][info][gc,start       ] GC(501) Pause Young (Allocation Failure)
[2026-10-07T20:09:29.009+0000][2515.250s][info][gc,heap        ] GC(501) DefNew: 34578K(38144K)->782K(38144K) Eden: 33920K(33920K)->0K(33920K) From: 658K(4224K)->782K(4224K)
[2026-10-07T20:09:29.009+0000][2515.250s][info][gc,heap        ] GC(501) Tenured: 37861K(84464K)->37861K(84464K)
[2026-10-07T20:09:29.009+0000][2515.250s][info][gc,metaspace   ] GC(501) Metaspace: 75281K(76032K)->75281K(76032K) NonClass: 65967K(66304K)->65967K(66304K) Class: 9313K(9728K)->9313K(9728K)
[2026-10-07T20:09:29.009+0000][2515.250s][info][gc             ] GC(501) Pause Young (Allocation Failure) 70M->37M(119M) 8.380ms
[2026-10-07T20:09:29.009+0000][2515.250s][info][gc,cpu         ] GC(501) User=0.01s Sys=0.00s Real=0.01s
[2026-10-07T20:09:38.074+0000][2524.315s][info][gc,start       ] GC(502) Pause Young (Allocation Failure)
[2026-10-07T20:09:38.088+0000][2524.329s][info][gc,heap        ] GC(502) DefNew: 34702K(38144K)->2768K(38144K) Eden: 33920K(33920K)->0K(33920K) From: 782K(4224K)->2768K(4224K)
[2026-10-07T20:09:38.088+0000][2524.329s][info][gc,heap        ] GC(502) Tenured: 37861K(84464K)->37861K(84464K)
[2026-10-07T20:09:38.088+0000][2524.329s][info][gc,metaspace   ] GC(502) Metaspace: 75281K(76032K)->75281K(76032K) NonClass: 65967K(66304K)->65967K(66304K) Class: 9313K(9728K)->9313K(9728K)
[2026-10-07T20:09:38.088+0000][2524.329s][info][gc             ] GC(502) Pause Young (Allocation Failure) 70M->39M(119M) 14.429ms
[2026-10-07T20:09:38.088+0000][2524.329s][info][gc,cpu         ] GC(502) User=0.01s Sys=0.00s Real=0.01s
[2026-10-07T20:09:48.544+0000][2534.786s][info][gc,start       ] GC(503) Pause Young (Allocation Failure)
[2026-10-07T20:09:48.556+0000][2534.797s][info][gc,heap        ] GC(503) DefNew: 36688K(38144K)->3097K(38144K) Eden: 33920K(33920K)->0K(33920K) From: 2768K(4224K)->3097K(4224K)
[2026-10-07T20:09:48.556+0000][2534.797s][info][gc,heap        ] GC(503) Tenured: 37861K(84464K)->38554K(84464K)
[2026-10-07T20:09:48.556+0000][2534.797s][info][gc,metaspace   ] GC(503) Metaspace: 75281K(76032K)->75281K(76032K) NonClass: 65967K(66304K)->65967K(66304K) Class: 9313K(9728K)->9313K(9728K)
[2026-10-07T20:09:48.557+0000][2534.798s][info][gc             ] GC(503) Pause Young (Allocation Failure) 72M->40M(119M) 11.998ms
[2026-10-07T20:09:48.557+0000][2534.798s][info][gc,cpu         ] GC(503) User=0.01s Sys=0.00s Real=0.01s
[2026-10-07T20:09:59.272+0000][2545.513s][info][gc,start       ] GC(504) Pause Young (Allocation Failure)
[2026-10-07T20:09:59.284+0000][2545.525s][info][gc,heap        ] GC(504) DefNew: 37017K(38144K)->1615K(38144K) Eden: 33920K(33920K)->0K(33920K) From: 3097K(4224K)->1615K(4224K)
[2026-10-07T20:09:59.284+0000][2545.525s][info][gc,heap        ] GC(504) Tenured: 38554K(84464K)->40501K(84464K)
[2026-10-07T20:09:59.284+0000][2545.525s][info][gc,metaspace   ] GC(504) Metaspace: 75282K(76032K)->75282K(76032K) NonClass: 65968K(66304K)->65968K(66304K) Class: 9313K(9728K)->9313K(9728K)
[2026-10-07T20:09:59.284+0000][2545.526s][info][gc             ] GC(504) Pause Young (Allocation Failure) 73M->41M(119M) 12.740ms
[2026-10-07T20:09:59.284+0000][2545.526s][info][gc,cpu         ] GC(504) User=0.01s Sys=0.01s Real=0.02s
[2026-10-07T20:10:10.043+0000][2556.284s][info][gc,start       ] GC(505) Pause Young (Allocation Failure)
[2026-10-07T20:10:10.051+0000][2556.292s][info][gc,heap        ] GC(505) DefNew: 35535K(38144K)->1879K(38144K) Eden: 33920K(33920K)->0K(33920K) From: 1615K(4224K)->1879K(4224K)
[2026-10-07T20:10:10.051+0000][2556.292s][info][gc,heap        ] GC(505) Tenured: 40501K(84464K)->40501K(84464K)
[2026-10-07T20:10:10.051+0000][2556.293s][info][gc,metaspace   ] GC(505) Metaspace: 75282K(76032K)->75282K(76032K) NonClass: 65969K(66304K)->65969K(66304K) Class: 9313K(9728K)->9313K(9728K)
[2026-10-07T20:10:10.052+0000][2556.293s][info][gc             ] GC(505) Pause Young (Allocation Failure) 74M->41M(119M) 8.307ms
[2026-10-07T20:10:10.052+0000][2556.293s][info][gc,cpu         ] GC(505) User=0.01s Sys=0.00s Real=0.01s
[2026-10-07T20:10:21.074+0000][2567.315s][info][gc,start       ] GC(506) Pause Young (Allocation Failure)
[2026-10-07T20:10:21.084+0000][2567.325s][info][gc,heap        ] GC(506) DefNew: 35799K(38144K)->2034K(38144K) Eden: 33920K(33920K)->0K(33920K) From: 1879K(4224K)->2034K(4224K)
[2026-10-07T20:10:21.084+0000][2567.325s][info][gc,heap        ] GC(506) Tenured: 40501K(84464K)->40501K(84464K)
[2026-10-07T20:10:21.084+0000][2567.325s][info][gc,metaspace   ] GC(506) Metaspace: 75312K(76096K)->75312K(76096K) NonClass: 65998K(66368K)->65998K(66368K) Class: 9313K(9728K)->9313K(9728K)
[2026-10-07T20:10:21.084+0000][2567.325s][info][gc             ] GC(506) Pause Young (Allocation Failure) 74M->41M(119M) 10.025ms
[2026-10-07T20:10:21.084+0000][2567.325s][info][gc,cpu         ] GC(506) User=0.01s Sys=0.00s Real=0.01s
[2026-10-07T20:10:32.020+0000][2578.261s][info][gc,start       ] GC(507) Pause Young (Allocation Failure)
[2026-10-07T20:10:32.029+0000][2578.270s][info][gc,heap        ] GC(507) DefNew: 35954K(38144K)->2135K(38144K) Eden: 33920K(33920K)->0K(33920K) From: 2034K(4224K)->2135K(4224K)
[2026-10-07T20:10:32.029+0000][2578.270s][info][gc,heap        ] GC(507) Tenured: 40501K(84464K)->40501K(84464K)
[2026-10-07T20:10:32.029+0000][2578.270s][info][gc,metaspace   ] GC(507) Metaspace: 75315K(76096K)->75315K(76096K) NonClass: 66001K(66368K)->66001K(66368K) Class: 9313K(9728K)->9313K(9728K)
[2026-10-07T20:10:32.029+0000][2578.270s][info][gc             ] GC(507) Pause Young (Allocation Failure) 74M->41M(119M) 8.908ms
[2026-10-07T20:10:32.029+0000][2578.270s][info][gc,cpu         ] GC(507) User=0.01s Sys=0.00s Real=0.01s
[2026-10-07T20:10:42.900+0000][2589.141s][info][gc,start       ] GC(508) Pause Young (Allocation Failure)
[2026-10-07T20:10:42.914+0000][2589.155s][info][gc,heap        ] GC(508) DefNew: 36055K(38144K)->1227K(38144K) Eden: 33920K(33920K)->0K(33920K) From: 2135K(4224K)->1227K(4224K)
[2026-10-07T20:10:42.914+0000][2589.155s][info][gc,heap        ] GC(508) Tenured: 40501K(84464K)->41568K(84464K)
[2026-10-07T20:10:42.914+0000][2589.155s][info][gc,metaspace   ] GC(508) Metaspace: 75315K(76096K)->75315K(76096K) NonClass: 66001K(66368K)->66001K(66368K) Class: 9313K(9728K)->9313K(9728K)
[2026-10-07T20:10:42.914+0000][2589.155s][info][gc             ] GC(508) Pause Young (Allocation Failure) 74M->41M(119M) 13.720ms
[2026-10-07T20:10:42.914+0000][2589.155s][info][gc,cpu         ] GC(508) User=0.01s Sys=0.00s Real=0.02s
[2026-10-07T20:10:53.711+0000][2599.952s][info][gc,start       ] GC(509) Pause Young (Allocation Failure)
[2026-10-07T20:10:53.720+0000][2599.961s][info][gc,heap        ] GC(509) DefNew: 35147K(38144K)->1260K(38144K) Eden: 33920K(33920K)->0K(33920K) From: 1227K(4224K)->1260K(4224K)
[2026-10-07T20:10:53.720+0000][2599.961s][info][gc,heap        ] GC(509) Tenured: 41568K(84464K)->41568K(84464K)
[2026-10-07T20:10:53.720+0000][2599.961s][info][gc,metaspace   ] GC(509) Metaspace: 75317K(76096K)->75317K(76096K) NonClass: 66003K(66368K)->66003K(66368K) Class: 9313K(9728K)->9313K(9728K)
[2026-10-07T20:10:53.720+0000][2599.961s][info][gc             ] GC(509) Pause Young (Allocation Failure) 74M->41M(119M) 8.839ms
[2026-10-07T20:10:53.720+0000][2599.961s][info][gc,cpu         ] GC(509) User=0.00s Sys=0.00s Real=0.01s
[2026-10-07T20:11:04.771+0000][2611.012s][info][gc,start       ] GC(510) Pause Young (Allocation Failure)
[2026-10-07T20:11:04.779+0000][2611.020s][info][gc,heap        ] GC(510) DefNew: 35180K(38144K)->1369K(38144K) Eden: 33920K(33920K)->0K(33920K) From: 1260K(4224K)->1369K(4224K)
[2026-10-07T20:11:04.779+0000][2611.020s][info][gc,heap        ] GC(510) Tenured: 41568K(84464K)->41568K(84464K)
[2026-10-07T20:11:04.779+0000][2611.020s][info][gc,metaspace   ] GC(510) Metaspace: 75318K(76096K)->75318K(76096K) NonClass: 66005K(66368K)->66005K(66368K) Class: 9313K(9728K)->9313K(9728K)
[2026-10-07T20:11:04.779+0000][2611.020s][info][gc             ] GC(510) Pause Young (Allocation Failure) 74M->41M(119M) 8.092ms
[2026-10-07T20:11:04.779+0000][2611.020s][info][gc,cpu         ] GC(510) User=0.01s Sys=0.00s Real=0.01s
[2026-10-07T20:11:15.677+0000][2621.918s][info][gc,start       ] GC(511) Pause Young (Allocation Failure)
[2026-10-07T20:11:15.688+0000][2621.929s][info][gc,heap        ] GC(511) DefNew: 35289K(38144K)->1454K(38144K) Eden: 33920K(33920K)->0K(33920K) From: 1369K(4224K)->1454K(4224K)
[2026-10-07T20:11:15.688+0000][2621.929s][info][gc,heap        ] GC(511) Tenured: 41568K(84464K)->41568K(84464K)
[2026-10-07T20:11:15.688+0000][2621.929s][info][gc,metaspace   ] GC(511) Metaspace: 75319K(76096K)->75319K(76096K) NonClass: 66005K(66368K)->66005K(66368K) Class: 9313K(9728K)->9313K(9728K)
[2026-10-07T20:11:15.688+0000][2621.929s][info][gc             ] GC(511) Pause Young (Allocation Failure) 75M->42M(119M) 10.779ms
[2026-10-07T20:11:15.688+0000][2621.929s][info][gc,cpu         ] GC(511) User=0.01s Sys=0.01s Real=0.01s
[2026-10-07T20:11:26.643+0000][2632.884s][info][gc,start       ] GC(512) Pause Young (Allocation Failure)
[2026-10-07T20:11:26.661+0000][2632.902s][info][gc,heap        ] GC(512) DefNew: 35374K(38144K)->1583K(38144K) Eden: 33920K(33920K)->0K(33920K) From: 1454K(4224K)->1583K(4224K)
[2026-10-07T20:11:26.661+0000][2632.902s][info][gc,heap        ] GC(512) Tenured: 41568K(84464K)->41568K(84464K)
[2026-10-07T20:11:26.661+0000][2632.902s][info][gc,metaspace   ] GC(512) Metaspace: 75320K(76096K)->75320K(76096K) NonClass: 66007K(66368K)->66007K(66368K) Class: 9313K(9728K)->9313K(9728K)
[2026-10-07T20:11:26.662+0000][2632.903s][info][gc             ] GC(512) Pause Young (Allocation Failure) 75M->42M(119M) 18.572ms
[2026-10-07T20:11:26.662+0000][2632.903s][info][gc,cpu         ] GC(512) User=0.01s Sys=0.00s Real=0.02s
[2026-10-07T20:11:37.546+0000][2643.787s][info][gc,start       ] GC(513) Pause Young (Allocation Failure)
[2026-10-07T20:11:37.555+0000][2643.796s][info][gc,heap        ] GC(513) DefNew: 35503K(38144K)->1692K(38144K) Eden: 33920K(33920K)->0K(33920K) From: 1583K(4224K)->1692K(4224K)
[2026-10-07T20:11:37.555+0000][2643.796s][info][gc,heap        ] GC(513) Tenured: 41568K(84464K)->41568K(84464K)
[2026-10-07T20:11:37.555+0000][2643.796s][info][gc,metaspace   ] GC(513) Metaspace: 75320K(76096K)->75320K(76096K) NonClass: 66007K(66368K)->66007K(66368K) Class: 9313K(9728K)->9313K(9728K)
[2026-10-07T20:11:37.555+0000][2643.796s][info][gc             ] GC(513) Pause Young (Allocation Failure) 75M->42M(119M) 9.189ms
[2026-10-07T20:11:37.555+0000][2643.796s][info][gc,cpu         ] GC(513) User=0.00s Sys=0.01s Real=0.01s
[2026-10-07T20:11:48.449+0000][2654.690s][info][gc,start       ] GC(514) Pause Young (Allocation Failure)
[2026-10-07T20:11:48.458+0000][2654.699s][info][gc,heap        ] GC(514) DefNew: 35612K(38144K)->1815K(38144K) Eden: 33920K(33920K)->0K(33920K) From: 1692K(4224K)->1815K(4224K)
[2026-10-07T20:11:48.458+0000][2654.700s][info][gc,heap        ] GC(514) Tenured: 41568K(84464K)->41568K(84464K)
[2026-10-07T20:11:48.458+0000][2654.700s][info][gc,metaspace   ] GC(514) Metaspace: 75320K(76096K)->75320K(76096K) NonClass: 66007K(66368K)->66007K(66368K) Class: 9313K(9728K)->9313K(9728K)
[2026-10-07T20:11:48.458+0000][2654.700s][info][gc             ] GC(514) Pause Young (Allocation Failure) 75M->42M(119M) 9.469ms
[2026-10-07T20:11:48.459+0000][2654.700s][info][gc,cpu         ] GC(514) User=0.01s Sys=0.00s Real=0.01s
[2026-10-07T20:11:59.270+0000][2665.511s][info][gc,start       ] GC(515) Pause Young (Allocation Failure)
[2026-10-07T20:11:59.280+0000][2665.521s][info][gc,heap        ] GC(515) DefNew: 35735K(38144K)->1892K(38144K) Eden: 33920K(33920K)->0K(33920K) From: 1815K(4224K)->1892K(4224K)
[2026-10-07T20:11:59.280+0000][2665.521s][info][gc,heap        ] GC(515) Tenured: 41568K(84464K)->41568K(84464K)
[2026-10-07T20:11:59.280+0000][2665.521s][info][gc,metaspace   ] GC(515) Metaspace: 75320K(76096K)->75320K(76096K) NonClass: 66007K(66368K)->66007K(66368K) Class: 9313K(9728K)->9313K(9728K)
[2026-10-07T20:11:59.280+0000][2665.521s][info][gc             ] GC(515) Pause Young (Allocation Failure) 75M->42M(119M) 9.904ms
[2026-10-07T20:11:59.280+0000][2665.521s][info][gc,cpu         ] GC(515) User=0.01s Sys=0.00s Real=0.01s
[2026-10-07T20:12:10.142+0000][2676.383s][info][gc,start       ] GC(516) Pause Young (Allocation Failure)
[2026-10-07T20:12:10.152+0000][2676.393s][info][gc,heap        ] GC(516) DefNew: 35812K(38144K)->1993K(38144K) Eden: 33920K(33920K)->0K(33920K) From: 1892K(4224K)->1993K(4224K)
[2026-10-07T20:12:10.152+0000][2676.393s][info][gc,heap        ] GC(516) Tenured: 41568K(84464K)->41568K(84464K)
[2026-10-07T20:12:10.152+0000][2676.393s][info][gc,metaspace   ] GC(516) Metaspace: 75320K(76096K)->75320K(76096K) NonClass: 66007K(66368K)->66007K(66368K) Class: 9313K(9728K)->9313K(9728K)
[2026-10-07T20:12:10.152+0000][2676.393s][info][gc             ] GC(516) Pause Young (Allocation Failure) 75M->42M(119M) 10.249ms
[2026-10-07T20:12:10.152+0000][2676.393s][info][gc,cpu         ] GC(516) User=0.01s Sys=0.00s Real=0.01s
[2026-10-07T20:12:21.296+0000][2687.537s][info][gc,start       ] GC(517) Pause Young (Allocation Failure)
[2026-10-07T20:12:21.305+0000][2687.546s][info][gc,heap        ] GC(517) DefNew: 35913K(38144K)->2114K(38144K) Eden: 33920K(33920K)->0K(33920K) From: 1993K(4224K)->2114K(4224K)
[2026-10-07T20:12:21.305+0000][2687.546s][info][gc,heap        ] GC(517) Tenured: 41568K(84464K)->41568K(84464K)
[2026-10-07T20:12:21.305+0000][2687.546s][info][gc,metaspace   ] GC(517) Metaspace: 75320K(76096K)->75320K(76096K) NonClass: 66007K(66368K)->66007K(66368K) Class: 9313K(9728K)->9313K(9728K)
[2026-10-07T20:12:21.305+0000][2687.546s][info][gc             ] GC(517) Pause Young (Allocation Failure) 75M->42M(119M) 9.057ms
[2026-10-07T20:12:21.305+0000][2687.546s][info][gc,cpu         ] GC(517) User=0.00s Sys=0.01s Real=0.01s
[2026-10-07T20:12:52.848+0000][2719.089s][info][gc,start       ] GC(518) Pause Young (Allocation Failure)
[2026-10-07T20:12:52.862+0000][2719.103s][info][gc,heap        ] GC(518) DefNew: 36025K(38144K)->1739K(38144K) Eden: 33910K(33920K)->0K(33920K) From: 2114K(4224K)->1739K(4224K)
[2026-10-07T20:12:52.862+0000][2719.104s][info][gc,heap        ] GC(518) Tenured: 41568K(84464K)->42006K(84464K)
[2026-10-07T20:12:52.863+0000][2719.104s][info][gc,metaspace   ] GC(518) Metaspace: 75321K(76096K)->75321K(76096K) NonClass: 66007K(66368K)->66007K(66368K) Class: 9313K(9728K)->9313K(9728K)
[2026-10-07T20:12:52.863+0000][2719.104s][info][gc             ] GC(518) Pause Young (Allocation Failure) 75M->42M(119M) 14.882ms
[2026-10-07T20:12:52.863+0000][2719.104s][info][gc,cpu         ] GC(518) User=0.01s Sys=0.00s Real=0.01s
