[2026-10-07T20:01:02.769+0000][2009.010s][info][gc,start       ] GC(457) Pause Young (Allocation Failure)
[2026-10-07T20:01:02.778+0000][2009.019s][info][gc,heap        ] GC(457) DefNew: 35691K(38144K)->1979K(38144K) Eden: 33920K(33920K)->0K(33920K) From: 1771K(4224K)->1979K(4224K)
[2026-10-07T20:01:02.778+0000][2009.019s][info][gc,heap        ] GC(457) Tenured: 68930K(84464K)->68930K(84464K)
[2026-10-07T20:01:02.778+0000][2009.019s][info][gc,metaspace   ] GC(457) Metaspace: 75175K(75904K)->75175K(75904K) NonClass: 65873K(66176K)->65873K(66176K) Class: 9301K(9728K)->9301K(9728K)
[2026-10-07T20:01:02.778+0000][2009.019s][info][gc             ] GC(457) Pause Young (Allocation Failure) 102M->69M(119M) 8.949ms
[2026-10-07T20:01:02.778+0000][2009.019s][info][gc,cpu         ] GC(457) User=0.00s Sys=0.00s Real=0.01s
[2026-10-07T20:01:20.270+0000][2026.511s][info][gc,start       ] GC(458) Pause Young (Allocation Failure)
[2026-10-07T20:01:20.285+0000][2026.526s][info][gc,heap        ] GC(458) DefNew: 35899K(38144K)->3770K(38144K) Eden: 33920K(33920K)->0K(33920K) From: 1979K(4224K)->3770K(4224K)
[2026-10-07T20:01:20.285+0000][2026.526s][info][gc,heap        ] GC(458) Tenured: 68930K(84464K)->69334K(84464K)
[2026-10-07T20:01:20.285+0000][2026.527s][info][gc,metaspace   ] GC(458) Metaspace: 75175K(75904K)->75175K(75904K) NonClass: 65874K(66176K)->65874K(66176K) Class: 9301K(9728K)->9301K(9728K)
[2026-10-07T20:01:20.286+0000][2026.527s][info][gc             ] GC(458) Pause Young (Allocation Failure) 102M->71M(119M) 15.302ms
[2026-10-07T20:01:20.286+0000][2026.527s][info][gc,cpu         ] GC(458) User=0.01s Sys=0.00s Real=0.02s
[2026-10-07T20:01:39.824+0000][2046.065s][info][gc,start       ] GC(459) Pause Young (Allocation Failure)
[2026-10-07T20:01:39.844+0000][2046.085s][info][gc,heap        ] GC(459) DefNew: 37690K(38144K)->1099K(38144K) Eden: 33920K(33920K)->0K(33920K) From: 3770K(4224K)->1099K(4224K)
[2026-10-07T20:01:39.844+0000][2046.085s][info][gc,heap        ] GC(459) Tenured: 69334K(84464K)->72974K(84464K)
[2026-10-07T20:01:39.844+0000][2046.085s][info][gc,metaspace   ] GC(459) Metaspace: 75200K(75904K)->75200K(75904K) NonClass: 65898K(66176K)->65898K(66176K) Class: 9301K(9728K)->9301K(9728K)
[2026-10-07T20:01:39.844+0000][2046.085s][info][gc             ] GC(459) Pause Young (Allocation Failure) 104M->72M(119M) 20.289ms
[2026-10-07T20:01:39.844+0000][2046.085s][info][gc,cpu         ] GC(459) User=0.01s Sys=0.01s Real=0.02s
[2026-10-07T20:02:00.424+0000][2066.665s][info][gc,start       ] GC(460) Pause Young (Allocation Failure)
[2026-10-07T20:02:00.433+0000][2066.674s][info][gc,heap        ] GC(460) DefNew: 35019K(38144K)->1468K(38144K) Eden: 33920K(33920K)->0K(33920K) From: 1099K(4224K)->1468K(4224K)
[2026-10-07T20:02:00.433+0000][2066.674s][info][gc,heap        ] GC(460) Tenured: 72974K(84464K)->72974K(84464K)
[2026-10-07T20:02:00.433+0000][2066.674s][info][gc,metaspace   ] GC(460) Metaspace: 75200K(75904K)->75200K(75904K) NonClass: 65898K(66176K)->65898K(66176K) Class: 9301K(9728K)->9301K(9728K)
[2026-10-07T20:02:00.433+0000][2066.674s][info][gc             ] GC(460) Pause Young (Allocation Failure) 105M->72M(119M) 8.517ms
[2026-10-07T20:02:00.433+0000][2066.674s][info][gc,cpu         ] GC(460) User=0.01s Sys=0.00s Real=0.00s
[2026-10-07T20:02:17.626+0000][2083.867s][info][gc,start       ] GC(461) Pause Young (Allocation Failure)
[2026-10-07T20:02:17.640+0000][2083.881s][info][gc,heap        ] GC(461) DefNew: 35388K(38144K)->3460K(38144K) Eden: 33920K(33920K)->0K(33920K) From: 1468K(4224K)->3460K(4224K)
[2026-10-07T20:02:17.640+0000][2083.881s][info][gc,heap        ] GC(461) Tenured: 72974K(84464K)->72974K(84464K)
[2026-10-07T20:02:17.640+0000][2083.881s][info][gc,metaspace   ] GC(461) Metaspace: 75202K(75904K)->75202K(75904K) NonClass: 65901K(66176K)->65901K(66176K) Class: 9301K(9728K)->9301K(9728K)
[2026-10-07T20:02:17.640+0000][2083.881s][info][gc             ] GC(461) Pause Young (Allocation Failure) 105M->74M(119M) 14.285ms
[2026-10-07T20:02:17.640+0000][2083.881s][info][gc,cpu         ] GC(461) User=0.01s Sys=0.00s Real=0.01s
[2026-10-07T20:02:37.674+0000][2103.915s][info][gc,start       ] GC(462) Pause Young (Allocation Failure)
[2026-10-07T20:02:37.689+0000][2103.930s][info][gc,heap        ] GC(462) DefNew: 37380K(38144K)->3087K(38144K) Eden: 33920K(33920K)->0K(33920K) From: 3460K(4224K)->3087K(4224K)
[2026-10-07T20:02:37.689+0000][2103.930s][info][gc,heap        ] GC(462) Tenured: 72974K(84464K)->74325K(84464K)
[2026-10-07T20:02:37.689+0000][2103.931s][info][gc,metaspace   ] GC(462) Metaspace: 75202K(75904K)->75202K(75904K) NonClass: 65901K(66176K)->65901K(66176K) Class: 9301K(9728K)->9301K(9728K)
[2026-10-07T20:02:37.690+0000][2103.931s][info][gc             ] GC(462) Pause Young (Allocation Failure) 107M->75M(119M) 15.418ms
[2026-10-07T20:02:37.690+0000][2103.931s][info][gc,cpu         ] GC(462) User=0.01s Sys=0.00s Real=0.01s
[2026-10-07T20:02:57.831+0000][2124.072s][info][gc,start       ] GC(463) Pause Young (Allocation Failure)
[2026-10-07T20:02:57.857+0000][2124.098s][info][gc,heap        ] GC(463) DefNew: 37007K(38144K)->1679K(38144K) Eden: 33920K(33920K)->0K(33920K) From: 3087K(4224K)->1679K(4224K)
[2026-10-07T20:02:57.857+0000][2124.098s][info][gc,heap        ] GC(463) Tenured: 74325K(84464K)->76320K(84464K)
[2026-10-07T20:02:57.857+0000][2124.098s][info][gc,metaspace   ] GC(463) Metaspace: 75227K(75968K)->75227K(75968K) NonClass: 65915K(66240K)->65915K(66240K) Class: 9311K(9728K)->9311K(9728K)
[2026-10-07T20:02:57.857+0000][2124.098s][info][gc             ] GC(463) Pause Young (Allocation Failure) 108M->76M(119M) 26.414ms
[2026-10-07T20:02:57.857+0000][2124.098s][info][gc,cpu         ] GC(463) User=0.01s Sys=0.00s Real=0.03s
[2026-10-07T20:03:18.524+0000][2144.765s][info][gc,start       ] GC(464) Pause Young (Allocation Failure)
[2026-10-07T20:03:18.534+0000][2144.775s][info][gc,heap        ] GC(464) DefNew: 35599K(38144K)->1950K(38144K) Eden: 33920K(33920K)->0K(33920K) From: 1679K(4224K)->1950K(4224K)
[2026-10-07T20:03:18.534+0000][2144.775s][info][gc,heap        ] GC(464) Tenured: 76320K(84464K)->76320K(84464K)
[2026-10-07T20:03:18.534+0000][2144.775s][info][gc,metaspace   ] GC(464) Metaspace: 75227K(75968K)->75227K(75968K) NonClass: 65915K(66240K)->65915K(66240K) Class: 9311K(9728K)->9311K(9728K)
[2026-10-07T20:03:18.534+0000][2144.775s][info][gc             ] GC(464) Pause Young (Allocation Failure) 109M->76M(119M) 9.424ms
[2026-10-07T20:03:18.534+0000][2144.775s][info][gc,cpu         ] GC(464) User=0.01s Sys=0.00s Real=0.01s
[2026-10-07T20:03:39.025+0000][2165.266s][info][gc,start       ] GC(465) Pause Young (Allocation Failure)
[2026-10-07T20:03:39.035+0000][2165.276s][info][gc,heap        ] GC(465) DefNew: 35870K(38144K)->2103K(38144K) Eden: 33920K(33920K)->0K(33920K) From: 1950K(4224K)->2103K(4224K)
[2026-10-07T20:03:39.035+0000][2165.276s][info][gc,heap        ] GC(465) Tenured: 76320K(84464K)->76320K(84464K)
[2026-10-07T20:03:39.035+0000][2165.276s][info][gc,metaspace   ] GC(465) Metaspace: 75268K(75968K)->75268K(75968K) NonClass: 65956K(66240K)->65956K(66240K) Class: 9311K(9728K)->9311K(9728K)
[2026-10-07T20:03:39.035+0000][2165.276s][info][gc             ] GC(465) Pause Young (Allocation Failure) 109M->76M(119M) 10.054ms
[2026-10-07T20:03:39.036+0000][2165.277s][info][gc,cpu         ] GC(465) User=0.01s Sys=0.00s Real=0.01s
[2026-10-07T20:03:59.926+0000][2186.167s][info][gc,start       ] GC(466) Pause Young (Allocation Failure)
[2026-10-07T20:03:59.936+0000][2186.177s][info][gc,heap        ] GC(466) DefNew: 36023K(38144K)->2259K(38144K) Eden: 33920K(33920K)->0K(33920K) From: 2103K(4224K)->2259K(4224K)
[2026-10-07T20:03:59.936+0000][2186.177s][info][gc,heap        ] GC(466) Tenured: 76320K(84464K)->76320K(84464K)
[2026-10-07T20:03:59.936+0000][2186.177s][info][gc,metaspace   ] GC(466) Metaspace: 75268K(75968K)->75268K(75968K) NonClass: 65956K(66240K)->65956K(66240K) Class: 9311K(9728K)->9311K(9728K)
[2026-10-07T20:03:59.936+0000][2186.177s][info][gc             ] GC(466) Pause Young (Allocation Failure) 109M->76M(119M) 10.564ms
[2026-10-07T20:03:59.936+0000][2186.177s][info][gc,cpu         ] GC(466) User=0.01s Sys=0.00s Real=0.01s
[2026-10-07T20:04:20.772+0000][2207.013s][info][gc,start       ] GC(467) Pause Young (Allocation Failure)
[2026-10-07T20:04:20.793+0000][2207.034s][info][gc,heap        ] GC(467) DefNew: 36179K(38144K)->1408K(38144K) Eden: 33920K(33920K)->0K(33920K) From: 2259K(4224K)->1408K(4224K)
[2026-10-07T20:04:20.793+0000][2207.034s][info][gc,heap        ] GC(467) Tenured: 76320K(84464K)->77301K(84464K)
[2026-10-07T20:04:20.793+0000][2207.034s][info][gc,metaspace   ] GC(467) Metaspace: 75268K(75968K)->75268K(75968K) NonClass: 65956K(66240K)->65956K(66240K) Class: 9311K(9728K)->9311K(9728K)
[2026-10-07T20:04:20.793+0000][2207.034s][info][gc             ] GC(467) Pause Young (Allocation Failure) 109M->76M(119M) 21.214ms
[2026-10-07T20:04:20.793+0000][2207.034s][info][gc,cpu         ] GC(467) User=0.01s Sys=0.01s Real=0.02s
[2026-10-07T20:04:41.478+0000][2227.719s][info][gc,start       ] GC(468) Pause Young (Allocation Failure)
[2026-10-07T20:04:41.487+0000][2227.728s][info][gc,heap        ] GC(468) DefNew: 35328K(38144K)->1544K(38144K) Eden: 33920K(33920K)->0K(33920K) From: 1408K(4224K)->1544K(4224K)
[2026-10-07T20:04:41.487+0000][2227.728s][info][gc,heap        ] GC(468) Tenured: 77301K(84464K)->77301K(84464K)
[2026-10-07T20:04:41.487+0000][2227.728s][info][gc,metaspace   ] GC(468) Metaspace: 75270K(75968K)->75270K(75968K) NonClass: 65958K(66240K)->65958K(66240K) Class: 9311K(9728K)->9311K(9728K)
[2026-10-07T20:04:41.487+0000][2227.728s][info][gc             ] GC(468) Pause Young (Allocation Failure) 109M->76M(119M) 9.690ms
[2026-10-07T20:04:41.487+0000][2227.728s][info][gc,cpu         ] GC(468) User=0.00s Sys=0.00s Real=0.01s
[2026-10-07T20:05:05.119+0000][2251.360s][info][gc,start       ] GC(469) Pause Young (Allocation Failure)
[2026-10-07T20:05:05.128+0000][2251.369s][info][gc,heap        ] GC(469) DefNew: 35464K(38144K)->1641K(38144K) Eden: 33920K(33920K)->0K(33920K) From: 1544K(4224K)->1641K(4224K)
[2026-10-07T20:05:05.128+0000][2251.369s][info][gc,heap        ] GC(469) Tenured: 77301K(84464K)->77301K(84464K)
[2026-10-07T20:05:05.128+0000][2251.369s][info][gc,metaspace   ] GC(469) Metaspace: 75270K(75968K)->75270K(75968K) NonClass: 65958K(66240K)->65958K(66240K) Class: 9311K(9728K)->9311K(9728K)
[2026-10-07T20:05:05.128+0000][2251.369s][info][gc             ] GC(469) Pause Young (Allocation Failure) 110M->77M(119M) 8.704ms
[2026-10-07T20:05:05.128+0000][2251.369s][info][gc,cpu         ] GC(469) User=0.00s Sys=0.00s Real=0.01s
