[2026-10-07T03:44:00.034+0000][254.268s][info][gc,start       ] GC(116) Pause Young (Allocation Failure)
[2026-10-07T03:44:00.041+0000][254.275s][info][gc,heap        ] GC(116) DefNew: 25502K(26880K)->1557K(26880K) Eden: 23936K(23936K)->0K(23936K) From: 1566K(2944K)->1557K(2944K)
[2026-10-07T03:44:00.041+0000][254.275s][info][gc,heap        ] GC(116) Tenured: 36053K(59424K)->36192K(59424K)
[2026-10-07T03:44:00.041+0000][254.275s][info][gc,metaspace   ] GC(116) Metaspace: 74117K(74880K)->74117K(74880K) NonClass: 64761K(65152K)->64761K(65152K) Class: 9356K(9728K)->9356K(9728K)
[2026-10-07T03:44:00.041+0000][254.275s][info][gc             ] GC(116) Pause Young (Allocation Failure) 60M->36M(84M) 7.435ms
[2026-10-07T03:44:00.041+0000][254.275s][info][gc,cpu         ] GC(116) User=0.00s Sys=0.00s Real=0.00s
[2026-10-07T03:44:02.280+0000][256.514s][info][gc,start       ] GC(117) Pause Young (Allocation Failure)
[2026-10-07T03:44:02.288+0000][256.522s][info][gc,heap        ] GC(117) DefNew: 25493K(26880K)->1509K(26880K) Eden: 23936K(23936K)->0K(23936K) From: 1557K(2944K)->1509K(2944K)
[2026-10-07T03:44:02.288+0000][256.522s][info][gc,heap        ] GC(117) Tenured: 36192K(59424K)->36278K(59424K)
[2026-10-07T03:44:02.288+0000][256.522s][info][gc,metaspace   ] GC(117) Metaspace: 74119K(74880K)->74119K(74880K) NonClass: 64763K(65152K)->64763K(65152K) Class: 9356K(9728K)->9356K(9728K)
[2026-10-07T03:44:02.288+0000][256.522s][info][gc             ] GC(117) Pause Young (Allocation Failure) 60M->36M(84M) 8.211ms
[2026-10-07T03:44:02.289+0000][256.522s][info][gc,cpu         ] GC(117) User=0.01s Sys=0.00s Real=0.01s
[2026-10-07T03:44:04.562+0000][258.796s][info][gc,start       ] GC(118) Pause Young (Allocation Failure)
[2026-10-07T03:44:04.571+0000][258.804s][info][gc,heap        ] GC(118) DefNew: 25445K(26880K)->1538K(26880K) Eden: 23936K(23936K)->0K(23936K) From: 1509K(2944K)->1538K(2944K)
[2026-10-07T03:44:04.571+0000][258.804s][info][gc,heap        ] GC(118) Tenured: 36278K(59424K)->36382K(59424K)
[2026-10-07T03:44:04.571+0000][258.804s][info][gc,metaspace   ] GC(118) Metaspace: 74128K(74880K)->74128K(74880K) NonClass: 64771K(65152K)->64771K(65152K) Class: 9356K(9728K)->9356K(9728K)
[2026-10-07T03:44:04.571+0000][258.804s][info][gc             ] GC(118) Pause Young (Allocation Failure) 60M->37M(84M) 8.817ms
[2026-10-07T03:44:04.571+0000][258.804s][info][gc,cpu         ] GC(118) User=0.01s Sys=0.00s Real=0.01s
[2026-10-07T03:44:06.829+0000][261.063s][info][gc,start       ] GC(119) Pause Young (Allocation Failure)
[2026-10-07T03:44:06.837+0000][261.071s][info][gc,heap        ] GC(119) DefNew: 25474K(26880K)->1399K(26880K) Eden: 23936K(23936K)->0K(23936K) From: 1538K(2944K)->1399K(2944K)
[2026-10-07T03:44:06.837+0000][261.071s][info][gc,heap        ] GC(119) Tenured: 36382K(59424K)->36474K(59424K)
[2026-10-07T03:44:06.837+0000][261.071s][info][gc,metaspace   ] GC(119) Metaspace: 74141K(74880K)->74141K(74880K) NonClass: 64784K(65152K)->64784K(65152K) Class: 9356K(9728K)->9356K(9728K)
[2026-10-07T03:44:06.837+0000][261.071s][info][gc             ] GC(119) Pause Young (Allocation Failure) 60M->36M(84M) 7.845ms
[2026-10-07T03:44:06.837+0000][261.071s][info][gc,cpu         ] GC(119) User=0.01s Sys=0.00s Real=0.01s
[2026-10-07T03:44:09.071+0000][263.304s][info][gc,start       ] GC(120) Pause Young (Allocation Failure)
[2026-10-07T03:44:09.080+0000][263.313s][info][gc,heap        ] GC(120) DefNew: 25335K(26880K)->1616K(26880K) Eden: 23936K(23936K)->0K(23936K) From: 1399K(2944K)->1616K(2944K)
[2026-10-07T03:44:09.080+0000][263.313s][info][gc,heap        ] GC(120) Tenured: 36474K(59424K)->36474K(59424K)
[2026-10-07T03:44:09.080+0000][263.313s][info][gc,metaspace   ] GC(120) Metaspace: 74164K(74944K)->74164K(74944K) NonClass: 64807K(65216K)->64807K(65216K) Class: 9356K(9728K)->9356K(9728K)
[2026-10-07T03:44:09.080+0000][263.313s][info][gc             ] GC(120) Pause Young (Allocation Failure) 60M->37M(84M) 9.067ms
[2026-10-07T03:44:09.080+0000][263.313s][info][gc,cpu         ] GC(120) User=0.01s Sys=0.00s Real=0.01s
[2026-10-07T03:44:11.222+0000][265.456s][info][gc,start       ] GC(121) Pause Young (Allocation Failure)
[2026-10-07T03:44:11.228+0000][265.462s][info][gc,heap        ] GC(121) DefNew: 25552K(26880K)->1408K(26880K) Eden: 23936K(23936K)->0K(23936K) From: 1616K(2944K)->1408K(2944K)
[2026-10-07T03:44:11.228+0000][265.462s][info][gc,heap        ] GC(121) Tenured: 36474K(59424K)->36633K(59424K)
[2026-10-07T03:44:11.228+0000][265.462s][info][gc,metaspace   ] GC(121) Metaspace: 74173K(74944K)->74173K(74944K) NonClass: 64817K(65216K)->64817K(65216K) Class: 9356K(9728K)->9356K(9728K)
[2026-10-07T03:44:11.229+0000][265.462s][info][gc             ] GC(121) Pause Young (Allocation Failure) 60M->37M(84M) 6.697ms
[2026-10-07T03:44:11.229+0000][265.462s][info][gc,cpu         ] GC(121) User=0.01s Sys=0.00s Real=0.01s
[2026-10-07T03:44:13.425+0000][267.659s][info][gc,start       ] GC(122) Pause Young (Allocation Failure)
[2026-10-07T03:44:13.432+0000][267.666s][info][gc,heap        ] GC(122) DefNew: 25344K(26880K)->1544K(26880K) Eden: 23936K(23936K)->0K(23936K) From: 1408K(2944K)->1544K(2944K)
[2026-10-07T03:44:13.432+0000][267.666s][info][gc,heap        ] GC(122) Tenured: 36633K(59424K)->36633K(59424K)
[2026-10-07T03:44:13.432+0000][267.666s][info][gc,metaspace   ] GC(122) Metaspace: 74180K(74944K)->74180K(74944K) NonClass: 64823K(65216K)->64823K(65216K) Class: 9356K(9728K)->9356K(9728K)
[2026-10-07T03:44:13.432+0000][267.666s][info][gc             ] GC(122) Pause Young (Allocation Failure) 60M->37M(84M) 7.389ms
[2026-10-07T03:44:13.432+0000][267.666s][info][gc,cpu         ] GC(122) User=0.01s Sys=0.00s Real=0.00s
[2026-10-07T03:44:15.613+0000][269.847s][info][gc,start       ] GC(123) Pause Young (Allocation Failure)
[2026-10-07T03:44:15.622+0000][269.856s][info][gc,heap        ] GC(123) DefNew: 25480K(26880K)->1398K(26880K) Eden: 23936K(23936K)->0K(23936K) From: 1544K(2944K)->1398K(2944K)
[2026-10-07T03:44:15.623+0000][269.856s][info][gc,heap        ] GC(123) Tenured: 36633K(59424K)->36707K(59424K)
[2026-10-07T03:44:15.623+0000][269.856s][info][gc,metaspace   ] GC(123) Metaspace: 74180K(74944K)->74180K(74944K) NonClass: 64824K(65216K)->64824K(65216K) Class: 9356K(9728K)->9356K(9728K)
[2026-10-07T03:44:15.623+0000][269.856s][info][gc             ] GC(123) Pause Young (Allocation Failure) 60M->37M(84M) 9.394ms
[2026-10-07T03:44:15.623+0000][269.856s][info][gc,cpu         ] GC(123) User=0.01s Sys=0.00s Real=0.01s
[2026-10-07T03:44:17.891+0000][272.124s][info][gc,start       ] GC(124) Pause Young (Allocation Failure)
[2026-10-07T03:44:17.901+0000][272.134s][info][gc,heap        ] GC(124) DefNew: 25334K(26880K)->1561K(26880K) Eden: 23936K(23936K)->0K(23936K) From: 1398K(2944K)->1561K(2944K)
[2026-10-07T03:44:17.901+0000][272.134s][info][gc,heap        ] GC(124) Tenured: 36707K(59424K)->36707K(59424K)
[2026-10-07T03:44:17.901+0000][272.134s][info][gc,metaspace   ] GC(124) Metaspace: 74184K(74944K)->74184K(74944K) NonClass: 64828K(65216K)->64828K(65216K) Class: 9356K(9728K)->9356K(9728K)
[2026-10-07T03:44:17.901+0000][272.134s][info][gc             ] GC(124) Pause Young (Allocation Failure) 60M->37M(84M) 10.044ms
[2026-10-07T03:44:17.901+0000][272.135s][info][gc,cpu         ] GC(124) User=0.01s Sys=0.00s Real=0.01s
[2026-10-07T03:44:20.221+0000][274.454s][info][gc,start       ] GC(125) Pause Young (Allocation Failure)
[2026-10-07T03:44:20.228+0000][274.461s][info][gc,heap        ] GC(125) DefNew: 25497K(26880K)->1433K(26880K) Eden: 23936K(23936K)->0K(23936K) From: 1561K(2944K)->1433K(2944K)
[2026-10-07T03:44:20.228+0000][274.462s][info][gc,heap        ] GC(125) Tenured: 36707K(59424K)->36812K(59424K)
[2026-10-07T03:44:20.228+0000][274.462s][info][gc,metaspace   ] GC(125) Metaspace: 74191K(74944K)->74191K(74944K) NonClass: 64834K(65216K)->64834K(65216K) Class: 9356K(9728K)->9356K(9728K)
[2026-10-07T03:44:20.228+0000][274.462s][info][gc             ] GC(125) Pause Young (Allocation Failure) 60M->37M(84M) 7.244ms
[2026-10-07T03:44:20.228+0000][274.462s][info][gc,cpu         ] GC(125) User=0.00s Sys=0.00s Real=0.01s
[2026-10-07T03:44:22.555+0000][276.789s][info][gc,start       ] GC(126) Pause Young (Allocation Failure)
[2026-10-07T03:44:22.562+0000][276.796s][info][gc,heap        ] GC(126) DefNew: 25369K(26880K)->1528K(26880K) Eden: 23936K(23936K)->0K(23936K) From: 1433K(2944K)->1528K(2944K)
[2026-10-07T03:44:22.562+0000][276.796s][info][gc,heap        ] GC(126) Tenured: 36812K(59424K)->36812K(59424K)
[2026-10-07T03:44:22.562+0000][276.796s][info][gc,metaspace   ] GC(126) Metaspace: 74193K(74944K)->74193K(74944K) NonClass: 64836K(65216K)->64836K(65216K) Class: 9356K(9728K)->9356K(9728K)
[2026-10-07T03:44:22.562+0000][276.796s][info][gc             ] GC(126) Pause Young (Allocation Failure) 60M->37M(84M) 6.915ms
[2026-10-07T03:44:22.562+0000][276.796s][info][gc,cpu         ] GC(126) User=0.01s Sys=0.00s Real=0.00s
[2026-10-07T03:44:24.835+0000][279.069s][info][gc,start       ] GC(127) Pause Young (Allocation Failure)
[2026-10-07T03:44:24.842+0000][279.076s][info][gc,heap        ] GC(127) DefNew: 25464K(26880K)->1607K(26880K) Eden: 23936K(23936K)->0K(23936K) From: 1528K(2944K)->1607K(2944K)
[2026-10-07T03:44:24.842+0000][279.076s][info][gc,heap        ] GC(127) Tenured: 36812K(59424K)->36905K(59424K)
[2026-10-07T03:44:24.842+0000][279.076s][info][gc,metaspace   ] GC(127) Metaspace: 74196K(74944K)->74196K(74944K) NonClass: 64840K(65216K)->64840K(65216K) Class: 9356K(9728K)->9356K(9728K)
[2026-10-07T03:44:24.843+0000][279.076s][info][gc             ] GC(127) Pause Young (Allocation Failure) 60M->37M(84M) 7.163ms
[2026-10-07T03:44:24.843+0000][279.076s][info][gc,cpu         ] GC(127) User=0.01s Sys=0.00s Real=0.00s
[2026-10-07T03:44:27.050+0000][281.284s][info][gc,start       ] GC(128) Pause Young (Allocation Failure)
[2026-10-07T03:44:27.057+0000][281.291s][info][gc,heap        ] GC(128) DefNew: 25543K(26880K)->1398K(26880K) Eden: 23936K(23936K)->0K(23936K) From: 1607K(2944K)->1398K(2944K)
[2026-10-07T03:44:27.057+0000][281.291s][info][gc,heap        ] GC(128) Tenured: 36905K(59424K)->37122K(59424K)
[2026-10-07T03:44:27.057+0000][281.291s][info][gc,metaspace   ] GC(128) Metaspace: 74198K(74944K)->74198K(74944K) NonClass: 64841K(65216K)->64841K(65216K) Class: 9356K(9728K)->9356K(9728K)
[2026-10-07T03:44:27.058+0000][281.291s][info][gc             ] GC(128) Pause Young (Allocation Failure) 60M->37M(84M) 7.211ms
[2026-10-07T03:44:27.058+0000][281.291s][info][gc,cpu         ] GC(128) User=0.01s Sys=0.00s Real=0.01s
[2026-10-07T03:44:29.270+0000][283.504s][info][gc,start       ] GC(129) Pause Young (Allocation Failure)
[2026-10-07T03:44:29.277+0000][283.511s][info][gc,heap        ] GC(129) DefNew: 25330K(26880K)->1564K(26880K) Eden: 23932K(23936K)->0K(23936K) From: 1398K(2944K)->1564K(2944K)
[2026-10-07T03:44:29.277+0000][283.511s][info][gc,heap        ] GC(129) Tenured: 37122K(59424K)->37122K(59424K)
[2026-10-07T03:44:29.277+0000][283.511s][info][gc,metaspace   ] GC(129) Metaspace: 74204K(74944K)->74204K(74944K) NonClass: 64847K(65216K)->64847K(65216K) Class: 9356K(9728K)->9356K(9728K)
[2026-10-07T03:44:29.277+0000][283.511s][info][gc             ] GC(129) Pause Young (Allocation Failure) 60M->37M(84M) 7.234ms
[2026-10-07T03:44:29.277+0000][283.511s][info][gc,cpu         ] GC(129) User=0.01s Sys=0.00s Real=0.01s
[2026-10-07T03:44:31.628+0000][285.861s][info][gc,start       ] GC(130) Pause Young (Allocation Failure)
[2026-10-07T03:44:31.637+0000][285.871s][info][gc,heap        ] GC(130) DefNew: 25500K(26880K)->1372K(26880K) Eden: 23936K(23936K)->0K(23936K) From: 1564K(2944K)->1372K(2944K)
[2026-10-07T03:44:31.637+0000][285.871s][info][gc,heap        ] GC(130) Tenured: 37122K(59424K)->37274K(59424K)
[2026-10-07T03:44:31.637+0000][285.871s][info][gc,metaspace   ] GC(130) Metaspace: 74205K(74944K)->74205K(74944K) NonClass: 64849K(65216K)->64849K(65216K) Class: 9356K(9728K)->9356K(9728K)
[2026-10-07T03:44:31.637+0000][285.871s][info][gc             ] GC(130) Pause Young (Allocation Failure) 61M->37M(84M) 9.554ms
[2026-10-07T03:44:31.637+0000][285.871s][info][gc,cpu         ] GC(130) User=0.01s Sys=0.00s Real=0.01s
[2026-10-07T03:44:33.818+0000][288.052s][info][gc,start       ] GC(131) Pause Young (Allocation Failure)
[2026-10-07T03:44:33.840+0000][288.074s][info][gc,heap        ] GC(131) DefNew: 25308K(26880K)->1579K(26880K) Eden: 23936K(23936K)->0K(23936K) From: 1372K(2944K)->1579K(2944K)
[2026-10-07T03:44:33.840+0000][288.074s][info][gc,heap        ] GC(131) Tenured: 37274K(59424K)->37274K(59424K)
[2026-10-07T03:44:33.840+0000][288.074s][info][gc,metaspace   ] GC(131) Metaspace: 74225K(75008K)->74225K(75008K) NonClass: 64868K(65280K)->64868K(65280K) Class: 9356K(9728K)->9356K(9728K)
[2026-10-07T03:44:33.840+0000][288.074s][info][gc             ] GC(131) Pause Young (Allocation Failure) 61M->37M(84M) 21.912ms
[2026-10-07T03:44:33.840+0000][288.074s][info][gc,cpu         ] GC(131) User=0.01s Sys=0.00s Real=0.02s
[2026-10-07T03:44:35.964+0000][290.197s][info][gc,start       ] GC(132) Pause Young (Allocation Failure)
[2026-10-07T03:44:35.973+0000][290.206s][info][gc,heap        ] GC(132) DefNew: 25515K(26880K)->1399K(26880K) Eden: 23936K(23936K)->0K(23936K) From: 1579K(2944K)->1399K(2944K)
[2026-10-07T03:44:35.973+0000][290.206s][info][gc,heap        ] GC(132) Tenured: 37274K(59424K)->37423K(59424K)
[2026-10-07T03:44:35.973+0000][290.206s][info][gc,metaspace   ] GC(132) Metaspace: 74230K(75008K)->74230K(75008K) NonClass: 64874K(65280K)->64874K(65280K) Class: 9356K(9728K)->9356K(9728K)
[2026-10-07T03:44:35.973+0000][290.206s][info][gc             ] GC(132) Pause Young (Allocation Failure) 61M->37M(84M) 8.984ms
[2026-10-07T03:44:35.973+0000][290.207s][info][gc,cpu         ] GC(132) User=0.00s Sys=0.00s Real=0.00s
[2026-10-07T03:44:38.208+0000][292.442s][info][gc,start       ] GC(133) Pause Young (Allocation Failure)
[2026-10-07T03:44:38.216+0000][292.449s][info][gc,heap        ] GC(133) DefNew: 25335K(26880K)->1600K(26880K) Eden: 23936K(23936K)->0K(23936K) From: 1399K(2944K)->1600K(2944K)
[2026-10-07T03:44:38.216+0000][292.449s][info][gc,heap        ] GC(133) Tenured: 37423K(59424K)->37423K(59424K)
[2026-10-07T03:44:38.216+0000][292.449s][info][gc,metaspace   ] GC(133) Metaspace: 74273K(75072K)->74273K(75072K) NonClass: 64916K(65344K)->64916K(65344K) Class: 9356K(9728K)->9356K(9728K)
[2026-10-07T03:44:38.216+0000][292.449s][info][gc             ] GC(133) Pause Young (Allocation Failure) 61M->38M(84M) 7.668ms
[2026-10-07T03:44:38.216+0000][292.449s][info][gc,cpu         ] GC(133) User=0.00s Sys=0.00s Real=0.01s
[2026-10-07T03:44:40.412+0000][294.646s][info][gc,start       ] GC(134) Pause Young (Allocation Failure)
[2026-10-07T03:44:40.423+0000][294.656s][info][gc,heap        ] GC(134) DefNew: 25536K(26880K)->1608K(26880K) Eden: 23936K(23936K)->0K(23936K) From: 1600K(2944K)->1608K(2944K)
[2026-10-07T03:44:40.423+0000][294.657s][info][gc,heap        ] GC(134) Tenured: 37423K(59424K)->37579K(59424K)
[2026-10-07T03:44:40.423+0000][294.657s][info][gc,metaspace   ] GC(134) Metaspace: 74273K(75072K)->74273K(75072K) NonClass: 64916K(65344K)->64916K(65344K) Class: 9356K(9728K)->9356K(9728K)
[2026-10-07T03:44:40.424+0000][294.658s][info][gc             ] GC(134) Pause Young (Allocation Failure) 61M->38M(84M) 11.771ms
[2026-10-07T03:44:40.424+0000][294.658s][info][gc,cpu         ] GC(134) User=0.02s Sys=0.00s Real=0.02s
[2026-10-07T03:44:42.533+0000][296.766s][info][gc,start       ] GC(135) Pause Young (Allocation Failure)
[2026-10-07T03:44:42.543+0000][296.776s][info][gc,heap        ] GC(135) DefNew: 25544K(26880K)->1469K(26880K) Eden: 23936K(23936K)->0K(23936K) From: 1608K(2944K)->1469K(2944K)
[2026-10-07T03:44:42.543+0000][296.776s][info][gc,heap        ] GC(135) Tenured: 37579K(59424K)->37736K(59424K)
[2026-10-07T03:44:42.543+0000][296.776s][info][gc,metaspace   ] GC(135) Metaspace: 74282K(75072K)->74282K(75072K) NonClass: 64926K(65344K)->64926K(65344K) Class: 9356K(9728K)->9356K(9728K)
[2026-10-07T03:44:42.543+0000][296.776s][info][gc             ] GC(135) Pause Young (Allocation Failure) 61M->38M(84M) 10.061ms
[2026-10-07T03:44:42.543+0000][296.776s][info][gc,cpu         ] GC(135) User=0.01s Sys=0.00s Real=0.01s
[2026-10-07T03:44:44.745+0000][298.978s][info][gc,start       ] GC(136) Pause Young (Allocation Failure)
[2026-10-07T03:44:44.752+0000][298.986s][info][gc,heap        ] GC(136) DefNew: 25405K(26880K)->1630K(26880K) Eden: 23936K(23936K)->0K(23936K) From: 1469K(2944K)->1630K(2944K)
[2026-10-07T03:44:44.752+0000][298.986s][info][gc,heap        ] GC(136) Tenured: 37736K(59424K)->37736K(59424K)
[2026-10-07T03:44:44.752+0000][298.986s][info][gc,metaspace   ] GC(136) Metaspace: 74283K(75072K)->74283K(75072K) NonClass: 64927K(65344K)->64927K(65344K) Class: 9356K(9728K)->9356K(9728K)
[2026-10-07T03:44:44.752+0000][298.986s][info][gc             ] GC(136) Pause Young (Allocation Failure) 61M->38M(84M) 7.297ms
[2026-10-07T03:44:44.752+0000][298.986s][info][gc,cpu         ] GC(136) User=0.01s Sys=0.00s Real=0.00s
[2026-10-07T03:44:47.014+0000][301.248s][info][gc,start       ] GC(137) Pause Young (Allocation Failure)
[2026-10-07T03:44:47.021+0000][301.255s][info][gc,heap        ] GC(137) DefNew: 25566K(26880K)->1460K(26880K) Eden: 23936K(23936K)->0K(23936K) From: 1630K(2944K)->1460K(2944K)
[2026-10-07T03:44:47.021+0000][301.255s][info][gc,heap        ] GC(137) Tenured: 37736K(59424K)->37901K(59424K)
[2026-10-07T03:44:47.021+0000][301.255s][info][gc,metaspace   ] GC(137) Metaspace: 74284K(75072K)->74284K(75072K) NonClass: 64927K(65344K)->64927K(65344K) Class: 9356K(9728K)->9356K(9728K)
[2026-10-07T03:44:47.021+0000][301.255s][info][gc             ] GC(137) Pause Young (Allocation Failure) 61M->38M(84M) 7.035ms
[2026-10-07T03:44:47.021+0000][301.255s][info][gc,cpu         ] GC(137) User=0.01s Sys=0.00s Real=0.00s
[2026-10-07T03:44:49.312+0000][303.546s][info][gc,start       ] GC(138) Pause Young (Allocation Failure)
[2026-10-07T03:44:49.319+0000][303.553s][info][gc,heap        ] GC(138) DefNew: 25396K(26880K)->1607K(26880K) Eden: 23936K(23936K)->0K(23936K) From: 1460K(2944K)->1607K(2944K)
[2026-10-07T03:44:49.319+0000][303.553s][info][gc,heap        ] GC(138) Tenured: 37901K(59424K)->37901K(59424K)
[2026-10-07T03:44:49.319+0000][303.553s][info][gc,metaspace   ] GC(138) Metaspace: 74289K(75072K)->74289K(75072K) NonClass: 64932K(65344K)->64932K(65344K) Class: 9356K(9728K)->9356K(9728K)
[2026-10-07T03:44:49.319+0000][303.553s][info][gc             ] GC(138) Pause Young (Allocation Failure) 61M->38M(84M) 6.829ms
[2026-10-07T03:44:49.319+0000][303.553s][info][gc,cpu         ] GC(138) User=0.01s Sys=0.00s Real=0.01s
[2026-10-07T03:44:51.452+0000][305.686s][info][gc,start       ] GC(139) Pause Young (Allocation Failure)
[2026-10-07T03:44:51.461+0000][305.694s][info][gc,heap        ] GC(139) DefNew: 25543K(26880K)->1500K(26880K) Eden: 23935K(23936K)->0K(23936K) From: 1607K(2944K)->1500K(2944K)
[2026-10-07T03:44:51.461+0000][305.694s][info][gc,heap        ] GC(139) Tenured: 37901K(59424K)->38084K(59424K)
[2026-10-07T03:44:51.461+0000][305.694s][info][gc,metaspace   ] GC(139) Metaspace: 74308K(75136K)->74308K(75136K) NonClass: 64951K(65408K)->64951K(65408K) Class: 9356K(9728K)->9356K(9728K)
[2026-10-07T03:44:51.461+0000][305.695s][info][gc             ] GC(139) Pause Young (Allocation Failure) 61M->38M(84M) 9.045ms
[2026-10-07T03:44:51.461+0000][305.695s][info][gc,cpu         ] GC(139) User=0.01s Sys=0.00s Real=0.01s
[2026-10-07T03:44:53.715+0000][307.949s][info][gc,start       ] GC(140) Pause Young (Allocation Failure)
[2026-10-07T03:44:53.727+0000][307.961s][info][gc,heap        ] GC(140) DefNew: 25436K(26880K)->1565K(26880K) Eden: 23936K(23936K)->0K(23936K) From: 1500K(2944K)->1565K(2944K)
[2026-10-07T03:44:53.727+0000][307.961s][info][gc,heap        ] GC(140) Tenured: 38084K(59424K)->38204K(59424K)
[2026-10-07T03:44:53.728+0000][307.961s][info][gc,metaspace   ] GC(140) Metaspace: 74315K(75136K)->74315K(75136K) NonClass: 64958K(65408K)->64958K(65408K) Class: 9356K(9728K)->9356K(9728K)
[2026-10-07T03:44:53.728+0000][307.961s][info][gc             ] GC(140) Pause Young (Allocation Failure) 62M->38M(84M) 12.819ms
[2026-10-07T03:44:53.728+0000][307.961s][info][gc,cpu         ] GC(140) User=0.01s Sys=0.00s Real=0.01s
[2026-10-07T03:44:55.810+0000][310.044s][info][gc,start       ] GC(141) Pause Young (Allocation Failure)
[2026-10-07T03:44:55.818+0000][310.051s][info][gc,heap        ] GC(141) DefNew: 25501K(26880K)->1558K(26880K) Eden: 23936K(23936K)->0K(23936K) From: 1565K(2944K)->1558K(2944K)
[2026-10-07T03:44:55.818+0000][310.051s][info][gc,heap        ] GC(141) Tenured: 38204K(59424K)->38299K(59424K)
[2026-10-07T03:44:55.818+0000][310.051s][info][gc,metaspace   ] GC(141) Metaspace: 74317K(75136K)->74317K(75136K) NonClass: 64960K(65408K)->64960K(65408K) Class: 9356K(9728K)->9356K(9728K)
[2026-10-07T03:44:55.818+0000][310.051s][info][gc             ] GC(141) Pause Young (Allocation Failure) 62M->38M(84M) 7.450ms
[2026-10-07T03:44:55.818+0000][310.051s][info][gc,cpu         ] GC(141) User=0.01s Sys=0.00s Real=0.01s
[2026-10-07T03:44:58.041+0000][312.274s][info][gc,start       ] GC(142) Pause Young (Allocation Failure)
[2026-10-07T03:44:58.050+0000][312.284s][info][gc,heap        ] GC(142) DefNew: 25494K(26880K)->1563K(26880K) Eden: 23936K(23936K)->0K(23936K) From: 1558K(2944K)->1563K(2944K)
[2026-10-07T03:44:58.050+0000][312.284s][info][gc,heap        ] GC(142) Tenured: 38299K(59424K)->38479K(59424K)
[2026-10-07T03:44:58.050+0000][312.284s][info][gc,metaspace   ] GC(142) Metaspace: 74334K(75136K)->74334K(75136K) NonClass: 64977K(65408K)->64977K(65408K) Class: 9356K(9728K)->9356K(9728K)
[2026-10-07T03:44:58.051+0000][312.284s][info][gc             ] GC(142) Pause Young (Allocation Failure) 62M->39M(84M) 9.824ms
[2026-10-07T03:44:58.051+0000][312.284s][info][gc,cpu         ] GC(142) User=0.01s Sys=0.00s Real=0.01s
[2026-10-07T03:45:00.137+0000][314.371s][info][gc,start       ] GC(143) Pause Young (Allocation Failure)
[2026-10-07T03:45:00.147+0000][314.381s][info][gc,heap        ] GC(143) DefNew: 25499K(26880K)->1570K(26880K) Eden: 23936K(23936K)->0K(23936K) From: 1563K(2944K)->1570K(2944K)
[2026-10-07T03:45:00.147+0000][314.381s][info][gc,heap        ] GC(143) Tenured: 38479K(59424K)->38663K(59424K)
[2026-10-07T03:45:00.147+0000][314.381s][info][gc,metaspace   ] GC(143) Metaspace: 74334K(75136K)->74334K(75136K) NonClass: 64977K(65408K)->64977K(65408K) Class: 9356K(9728K)->9356K(9728K)
[2026-10-07T03:45:00.147+0000][314.381s][info][gc             ] GC(143) Pause Young (Allocation Failure) 62M->39M(84M) 10.142ms
[2026-10-07T03:45:00.147+0000][314.381s][info][gc,cpu         ] GC(143) User=0.00s Sys=0.00s Real=0.01s
[2026-10-07T03:45:02.268+0000][316.502s][info][gc,start       ] GC(144) Pause Young (Allocation Failure)
[2026-10-07T03:45:02.277+0000][316.510s][info][gc,heap        ] GC(144) DefNew: 25506K(26880K)->1433K(26880K) Eden: 23936K(23936K)->0K(23936K) From: 1570K(2944K)->1433K(2944K)
[2026-10-07T03:45:02.277+0000][316.510s][info][gc,heap        ] GC(144) Tenured: 38663K(59424K)->38764K(59424K)
[2026-10-07T03:45:02.277+0000][316.510s][info][gc,metaspace   ] GC(144) Metaspace: 74335K(75136K)->74335K(75136K) NonClass: 64978K(65408K)->64978K(65408K) Class: 9356K(9728K)->9356K(9728K)
[2026-10-07T03:45:02.277+0000][316.511s][info][gc             ] GC(144) Pause Young (Allocation Failure) 62M->39M(84M) 8.655ms
[2026-10-07T03:45:02.277+0000][316.511s][info][gc,cpu         ] GC(144) User=0.01s Sys=0.00s Real=0.01s
[2026-10-07T03:45:04.573+0000][318.807s][info][gc,start       ] GC(145) Pause Young (Allocation Failure)
[2026-10-07T03:45:04.580+0000][318.814s][info][gc,heap        ] GC(145) DefNew: 25369K(26880K)->1530K(26880K) Eden: 23936K(23936K)->0K(23936K) From: 1433K(2944K)->1530K(2944K)
[2026-10-07T03:45:04.580+0000][318.814s][info][gc,heap        ] GC(145) Tenured: 38764K(59424K)->38764K(59424K)
[2026-10-07T03:45:04.580+0000][318.814s][info][gc,metaspace   ] GC(145) Metaspace: 74335K(75136K)->74335K(75136K) NonClass: 64979K(65408K)->64979K(65408K) Class: 9356K(9728K)->9356K(9728K)
[2026-10-07T03:45:04.581+0000][318.814s][info][gc             ] GC(145) Pause Young (Allocation Failure) 62M->39M(84M) 7.029ms
[2026-10-07T03:45:04.581+0000][318.814s][info][gc,cpu         ] GC(145) User=0.01s Sys=0.00s Real=0.01s
[2026-10-07T03:45:06.776+0000][321.010s][info][gc,start       ] GC(146) Pause Young (Allocation Failure)
[2026-10-07T03:45:06.783+0000][321.017s][info][gc,heap        ] GC(146) DefNew: 25466K(26880K)->1321K(26880K) Eden: 23936K(23936K)->0K(23936K) From: 1530K(2944K)->1321K(2944K)
[2026-10-07T03:45:06.783+0000][321.017s][info][gc,heap        ] GC(146) Tenured: 38764K(59424K)->39003K(59424K)
[2026-10-07T03:45:06.784+0000][321.017s][info][gc,metaspace   ] GC(146) Metaspace: 74340K(75136K)->74340K(75136K) NonClass: 64984K(65408K)->64984K(65408K) Class: 9356K(9728K)->9356K(9728K)
[2026-10-07T03:45:06.784+0000][321.018s][info][gc             ] GC(146) Pause Young (Allocation Failure) 62M->39M(84M) 7.452ms
[2026-10-07T03:45:06.784+0000][321.018s][info][gc,cpu         ] GC(146) User=0.01s Sys=0.00s Real=0.01s
[2026-10-07T03:45:09.036+0000][323.270s][info][gc,start       ] GC(147) Pause Young (Allocation Failure)
[2026-10-07T03:45:09.044+0000][323.278s][info][gc,heap        ] GC(147) DefNew: 25257K(26880K)->1541K(26880K) Eden: 23936K(23936K)->0K(23936K) From: 1321K(2944K)->1541K(2944K)
[2026-10-07T03:45:09.044+0000][323.278s][info][gc,heap        ] GC(147) Tenured: 39003K(59424K)->39003K(59424K)
[2026-10-07T03:45:09.044+0000][323.278s][info][gc,metaspace   ] GC(147) Metaspace: 74340K(75136K)->74340K(75136K) NonClass: 64984K(65408K)->64984K(65408K) Class: 9356K(9728K)->9356K(9728K)
[2026-10-07T03:45:09.044+0000][323.278s][info][gc             ] GC(147) Pause Young (Allocation Failure) 62M->39M(84M) 8.371ms
[2026-10-07T03:45:09.044+0000][323.278s][info][gc,cpu         ] GC(147) User=0.01s Sys=0.00s Real=0.01s
[2026-10-07T03:45:11.247+0000][325.480s][info][gc,start       ] GC(148) Pause Young (Allocation Failure)
[2026-10-07T03:45:11.253+0000][325.487s][info][gc,heap        ] GC(148) DefNew: 25477K(26880K)->1406K(26880K) Eden: 23936K(23936K)->0K(23936K) From: 1541K(2944K)->1406K(2944K)
[2026-10-07T03:45:11.253+0000][325.487s][info][gc,heap        ] GC(148) Tenured: 39003K(59424K)->39104K(59424K)
[2026-10-07T03:45:11.253+0000][325.487s][info][gc,metaspace   ] GC(148) Metaspace: 74368K(75200K)->74368K(75200K) NonClass: 65006K(65472K)->65006K(65472K) Class: 9362K(9728K)->9362K(9728K)
[2026-10-07T03:45:11.253+0000][325.487s][info][gc             ] GC(148) Pause Young (Allocation Failure) 62M->39M(84M) 6.924ms
[2026-10-07T03:45:11.254+0000][325.487s][info][gc,cpu         ] GC(148) User=0.00s Sys=0.00s Real=0.01s
[2026-10-07T03:45:13.488+0000][327.721s][info][gc,start       ] GC(149) Pause Young (Allocation Failure)
[2026-10-07T03:45:13.495+0000][327.728s][info][gc,heap        ] GC(149) DefNew: 25342K(26880K)->1607K(26880K) Eden: 23936K(23936K)->0K(23936K) From: 1406K(2944K)->1607K(2944K)
[2026-10-07T03:45:13.495+0000][327.728s][info][gc,heap        ] GC(149) Tenured: 39104K(59424K)->39104K(59424K)
[2026-10-07T03:45:13.495+0000][327.728s][info][gc,metaspace   ] GC(149) Metaspace: 74379K(75200K)->74379K(75200K) NonClass: 65016K(65472K)->65016K(65472K) Class: 9362K(9728K)->9362K(9728K)
[2026-10-07T03:45:13.495+0000][327.729s][info][gc             ] GC(149) Pause Young (Allocation Failure) 62M->39M(84M) 7.282ms
[2026-10-07T03:45:13.495+0000][327.729s][info][gc,cpu         ] GC(149) User=0.00s Sys=0.00s Real=0.01s
[2026-10-07T03:45:15.729+0000][329.963s][info][gc,start       ] GC(150) Pause Young (Allocation Failure)
[2026-10-07T03:45:15.737+0000][329.970s][info][gc,heap        ] GC(150) DefNew: 25543K(26880K)->1446K(26880K) Eden: 23935K(23936K)->0K(23936K) From: 1607K(2944K)->1446K(2944K)
[2026-10-07T03:45:15.737+0000][329.970s][info][gc,heap        ] GC(150) Tenured: 39104K(59424K)->39292K(59424K)
[2026-10-07T03:45:15.737+0000][329.970s][info][gc,metaspace   ] GC(150) Metaspace: 74383K(75200K)->74383K(75200K) NonClass: 65021K(65472K)->65021K(65472K) Class: 9362K(9728K)->9362K(9728K)
[2026-10-07T03:45:15.737+0000][329.970s][info][gc             ] GC(150) Pause Young (Allocation Failure) 63M->39M(84M) 7.504ms
[2026-10-07T03:45:15.737+0000][329.970s][info][gc,cpu         ] GC(150) User=0.00s Sys=0.00s Real=0.01s
[2026-10-07T03:45:18.033+0000][332.267s][info][gc,start       ] GC(151) Pause Young (Allocation Failure)
[2026-10-07T03:45:18.040+0000][332.274s][info][gc,heap        ] GC(151) DefNew: 25382K(26880K)->1704K(26880K) Eden: 23936K(23936K)->0K(23936K) From: 1446K(2944K)->1704K(2944K)
[2026-10-07T03:45:18.040+0000][332.274s][info][gc,heap        ] GC(151) Tenured: 39292K(59424K)->39292K(59424K)
[2026-10-07T03:45:18.040+0000][332.274s][info][gc,metaspace   ] GC(151) Metaspace: 74384K(75200K)->74384K(75200K) NonClass: 65021K(65472K)->65021K(65472K) Class: 9362K(9728K)->9362K(9728K)
[2026-10-07T03:45:18.040+0000][332.274s][info][gc             ] GC(151) Pause Young (Allocation Failure) 63M->40M(84M) 7.410ms
[2026-10-07T03:45:18.040+0000][332.274s][info][gc,cpu         ] GC(151) User=0.01s Sys=0.01s Real=0.01s
[2026-10-07T03:45:20.291+0000][334.525s][info][gc,start       ] GC(152) Pause Young (Allocation Failure)
[2026-10-07T03:45:20.300+0000][334.534s][info][gc,heap        ] GC(152) DefNew: 25640K(26880K)->1462K(26880K) Eden: 23936K(23936K)->0K(23936K) From: 1704K(2944K)->1462K(2944K)
[2026-10-07T03:45:20.300+0000][334.534s][info][gc,heap        ] GC(152) Tenured: 39292K(59424K)->39561K(59424K)
[2026-10-07T03:45:20.300+0000][334.534s][info][gc,metaspace   ] GC(152) Metaspace: 74393K(75200K)->74393K(75200K) NonClass: 65030K(65472K)->65030K(65472K) Class: 9363K(9728K)->9363K(9728K)
[2026-10-07T03:45:20.300+0000][334.534s][info][gc             ] GC(152) Pause Young (Allocation Failure) 63M->40M(84M) 8.887ms
[2026-10-07T03:45:20.300+0000][334.534s][info][gc,cpu         ] GC(152) User=0.01s Sys=0.00s Real=0.01s
[2026-10-07T03:45:22.398+0000][336.632s][info][gc,start       ] GC(153) Pause Young (Allocation Failure)
[2026-10-07T03:45:22.405+0000][336.639s][info][gc,heap        ] GC(153) DefNew: 25398K(26880K)->1584K(26880K) Eden: 23936K(23936K)->0K(23936K) From: 1462K(2944K)->1584K(2944K)
[2026-10-07T03:45:22.405+0000][336.639s][info][gc,heap        ] GC(153) Tenured: 39561K(59424K)->39561K(59424K)
[2026-10-07T03:45:22.405+0000][336.639s][info][gc,metaspace   ] GC(153) Metaspace: 74396K(75200K)->74396K(75200K) NonClass: 65033K(65472K)->65033K(65472K) Class: 9363K(9728K)->9363K(9728K)
[2026-10-07T03:45:22.405+0000][336.639s][info][gc             ] GC(153) Pause Young (Allocation Failure) 63M->40M(84M) 7.280ms
[2026-10-07T03:45:22.405+0000][336.639s][info][gc,cpu         ] GC(153) User=0.00s Sys=0.00s Real=0.01s
[2026-10-07T03:45:24.550+0000][338.784s][info][gc,start       ] GC(154) Pause Young (Allocation Failure)
[2026-10-07T03:45:24.560+0000][338.793s][info][gc,heap        ] GC(154) DefNew: 25520K(26880K)->1616K(26880K) Eden: 23936K(23936K)->0K(23936K) From: 1584K(2944K)->1616K(2944K)
[2026-10-07T03:45:24.560+0000][338.793s][info][gc,heap        ] GC(154) Tenured: 39561K(59424K)->39702K(59424K)
[2026-10-07T03:45:24.560+0000][338.793s][info][gc,metaspace   ] GC(154) Metaspace: 74396K(75200K)->74396K(75200K) NonClass: 65033K(65472K)->65033K(65472K) Class: 9363K(9728K)->9363K(9728K)
[2026-10-07T03:45:24.560+0000][338.794s][info][gc             ] GC(154) Pause Young (Allocation Failure) 63M->40M(84M) 9.757ms
[2026-10-07T03:45:24.560+0000][338.794s][info][gc,cpu         ] GC(154) User=0.01s Sys=0.00s Real=0.01s
[2026-10-07T03:45:26.738+0000][340.972s][info][gc,start       ] GC(155) Pause Young (Allocation Failure)
[2026-10-07T03:45:26.746+0000][340.980s][info][gc,heap        ] GC(155) DefNew: 25552K(26880K)->1522K(26880K) Eden: 23936K(23936K)->0K(23936K) From: 1616K(2944K)->1522K(2944K)
[2026-10-07T03:45:26.746+0000][340.980s][info][gc,heap        ] GC(155) Tenured: 39702K(59424K)->39881K(59424K)
[2026-10-07T03:45:26.746+0000][340.980s][info][gc,metaspace   ] GC(155) Metaspace: 74397K(75200K)->74397K(75200K) NonClass: 65033K(65472K)->65033K(65472K) Class: 9363K(9728K)->9363K(9728K)
[2026-10-07T03:45:26.747+0000][340.980s][info][gc             ] GC(155) Pause Young (Allocation Failure) 63M->40M(84M) 8.190ms
[2026-10-07T03:45:26.747+0000][340.980s][info][gc,cpu         ] GC(155) User=0.01s Sys=0.00s Real=0.01s
[2026-10-07T03:45:29.013+0000][343.247s][info][gc,start       ] GC(156) Pause Young (Allocation Failure)
[2026-10-07T03:45:29.021+0000][343.255s][info][gc,heap        ] GC(156) DefNew: 25458K(26880K)->1522K(26880K) Eden: 23936K(23936K)->0K(23936K) From: 1522K(2944K)->1522K(2944K)
[2026-10-07T03:45:29.021+0000][343.255s][info][gc,heap        ] GC(156) Tenured: 39881K(59424K)->40025K(59424K)
[2026-10-07T03:45:29.021+0000][343.255s][info][gc,metaspace   ] GC(156) Metaspace: 74397K(75200K)->74397K(75200K) NonClass: 65033K(65472K)->65033K(65472K) Class: 9363K(9728K)->9363K(9728K)
[2026-10-07T03:45:29.022+0000][343.255s][info][gc             ] GC(156) Pause Young (Allocation Failure) 63M->40M(84M) 8.141ms
[2026-10-07T03:45:29.022+0000][343.255s][info][gc,cpu         ] GC(156) User=0.01s Sys=0.00s Real=0.01s
[2026-10-07T03:45:31.066+0000][345.299s][info][gc,start       ] GC(157) Pause Young (Allocation Failure)
[2026-10-07T03:45:31.077+0000][345.311s][info][gc,heap        ] GC(157) DefNew: 25458K(26880K)->1410K(26880K) Eden: 23936K(23936K)->0K(23936K) From: 1522K(2944K)->1410K(2944K)
[2026-10-07T03:45:31.078+0000][345.311s][info][gc,heap        ] GC(157) Tenured: 40025K(59424K)->40160K(59424K)
[2026-10-07T03:45:31.078+0000][345.311s][info][gc,metaspace   ] GC(157) Metaspace: 74398K(75200K)->74398K(75200K) NonClass: 65035K(65472K)->65035K(65472K) Class: 9363K(9728K)->9363K(9728K)
[2026-10-07T03:45:31.078+0000][345.311s][info][gc             ] GC(157) Pause Young (Allocation Failure) 63M->40M(84M) 12.075ms
[2026-10-07T03:45:31.078+0000][345.312s][info][gc,cpu         ] GC(157) User=0.01s Sys=0.00s Real=0.01s
[2026-10-07T03:45:33.405+0000][347.639s][info][gc,start       ] GC(158) Pause Young (Allocation Failure)
[2026-10-07T03:45:33.412+0000][347.646s][info][gc,heap        ] GC(158) DefNew: 25346K(26880K)->1546K(26880K) Eden: 23936K(23936K)->0K(23936K) From: 1410K(2944K)->1546K(2944K)
[2026-10-07T03:45:33.412+0000][347.646s][info][gc,heap        ] GC(158) Tenured: 40160K(59424K)->40160K(59424K)
[2026-10-07T03:45:33.412+0000][347.646s][info][gc,metaspace   ] GC(158) Metaspace: 74401K(75200K)->74401K(75200K) NonClass: 65038K(65472K)->65038K(65472K) Class: 9363K(9728K)->9363K(9728K)
[2026-10-07T03:45:33.412+0000][347.646s][info][gc             ] GC(158) Pause Young (Allocation Failure) 63M->40M(84M) 7.116ms
[2026-10-07T03:45:33.412+0000][347.646s][info][gc,cpu         ] GC(158) User=0.01s Sys=0.00s Real=0.00s
[2026-10-07T03:45:35.567+0000][349.801s][info][gc,start       ] GC(159) Pause Young (Allocation Failure)
[2026-10-07T03:45:35.575+0000][349.808s][info][gc,heap        ] GC(159) DefNew: 25482K(26880K)->1636K(26880K) Eden: 23936K(23936K)->0K(23936K) From: 1546K(2944K)->1636K(2944K)
[2026-10-07T03:45:35.575+0000][349.808s][info][gc,heap        ] GC(159) Tenured: 40160K(59424K)->40249K(59424K)
[2026-10-07T03:45:35.575+0000][349.808s][info][gc,metaspace   ] GC(159) Metaspace: 74402K(75200K)->74402K(75200K) NonClass: 65038K(65472K)->65038K(65472K) Class: 9363K(9728K)->9363K(9728K)
[2026-10-07T03:45:35.575+0000][349.808s][info][gc             ] GC(159) Pause Young (Allocation Failure) 64M->40M(84M) 7.823ms
[2026-10-07T03:45:35.575+0000][349.808s][info][gc,cpu         ] GC(159) User=0.01s Sys=0.00s Real=0.01s
[2026-10-07T03:45:37.769+0000][352.003s][info][gc,start       ] GC(160) Pause Young (Allocation Failure)
[2026-10-07T03:45:37.777+0000][352.010s][info][gc,heap        ] GC(160) DefNew: 25572K(26880K)->1442K(26880K) Eden: 23936K(23936K)->0K(23936K) From: 1636K(2944K)->1442K(2944K)
[2026-10-07T03:45:37.777+0000][352.010s][info][gc,heap        ] GC(160) Tenured: 40249K(59424K)->40437K(59424K)
[2026-10-07T03:45:37.777+0000][352.010s][info][gc,metaspace   ] GC(160) Metaspace: 74406K(75200K)->74406K(75200K) NonClass: 65043K(65472K)->65043K(65472K) Class: 9363K(9728K)->9363K(9728K)
[2026-10-07T03:45:37.777+0000][352.010s][info][gc             ] GC(160) Pause Young (Allocation Failure) 64M->40M(84M) 7.376ms
[2026-10-07T03:45:37.777+0000][352.010s][info][gc,cpu         ] GC(160) User=0.00s Sys=0.00s Real=0.01s
[2026-10-07T03:45:39.973+0000][354.207s][info][gc,start       ] GC(161) Pause Young (Allocation Failure)
[2026-10-07T03:45:39.983+0000][354.217s][info][gc,heap        ] GC(161) DefNew: 25378K(26880K)->1599K(26880K) Eden: 23936K(23936K)->0K(23936K) From: 1442K(2944K)->1599K(2944K)
[2026-10-07T03:45:39.983+0000][354.217s][info][gc,heap        ] GC(161) Tenured: 40437K(59424K)->40437K(59424K)
[2026-10-07T03:45:39.983+0000][354.217s][info][gc,metaspace   ] GC(161) Metaspace: 74412K(75200K)->74412K(75200K) NonClass: 65049K(65472K)->65049K(65472K) Class: 9363K(9728K)->9363K(9728K)
[2026-10-07T03:45:39.983+0000][354.217s][info][gc             ] GC(161) Pause Young (Allocation Failure) 64M->41M(84M) 9.654ms
[2026-10-07T03:45:39.983+0000][354.217s][info][gc,cpu         ] GC(161) User=0.01s Sys=0.00s Real=0.01s
[2026-10-07T03:45:42.055+0000][356.289s][info][gc,start       ] GC(162) Pause Young (Allocation Failure)
[2026-10-07T03:45:42.065+0000][356.299s][info][gc,heap        ] GC(162) DefNew: 25535K(26880K)->1394K(26880K) Eden: 23936K(23936K)->0K(23936K) From: 1599K(2944K)->1394K(2944K)
[2026-10-07T03:45:42.065+0000][356.299s][info][gc,heap        ] GC(162) Tenured: 40437K(59424K)->40634K(59424K)
[2026-10-07T03:45:42.065+0000][356.299s][info][gc,metaspace   ] GC(162) Metaspace: 74412K(75200K)->74412K(75200K) NonClass: 65049K(65472K)->65049K(65472K) Class: 9363K(9728K)->9363K(9728K)
[2026-10-07T03:45:42.065+0000][356.299s][info][gc             ] GC(162) Pause Young (Allocation Failure) 64M->41M(84M) 10.162ms
[2026-10-07T03:45:42.065+0000][356.299s][info][gc,cpu         ] GC(162) User=0.01s Sys=0.00s Real=0.01s
[2026-10-07T03:45:44.290+0000][358.524s][info][gc,start       ] GC(163) Pause Young (Allocation Failure)
[2026-10-07T03:45:44.304+0000][358.538s][info][gc,heap        ] GC(163) DefNew: 25330K(26880K)->1577K(26880K) Eden: 23936K(23936K)->0K(23936K) From: 1394K(2944K)->1577K(2944K)
[2026-10-07T03:45:44.304+0000][358.538s][info][gc,heap        ] GC(163) Tenured: 40634K(59424K)->40634K(59424K)
[2026-10-07T03:45:44.304+0000][358.538s][info][gc,metaspace   ] GC(163) Metaspace: 74417K(75200K)->74417K(75200K) NonClass: 65054K(65472K)->65054K(65472K) Class: 9363K(9728K)->9363K(9728K)
[2026-10-07T03:45:44.305+0000][358.538s][info][gc             ] GC(163) Pause Young (Allocation Failure) 64M->41M(84M) 14.686ms
[2026-10-07T03:45:44.305+0000][358.538s][info][gc,cpu         ] GC(163) User=0.01s Sys=0.00s Real=0.02s
[2026-10-07T03:45:46.438+0000][360.672s][info][gc,start       ] GC(164) Pause Young (Allocation Failure)
[2026-10-07T03:45:46.446+0000][360.679s][info][gc,heap        ] GC(164) DefNew: 25513K(26880K)->1421K(26880K) Eden: 23936K(23936K)->0K(23936K) From: 1577K(2944K)->1421K(2944K)
[2026-10-07T03:45:46.446+0000][360.680s][info][gc,heap        ] GC(164) Tenured: 40634K(59424K)->40792K(59424K)
[2026-10-07T03:45:46.446+0000][360.680s][info][gc,metaspace   ] GC(164) Metaspace: 74417K(75200K)->74417K(75200K) NonClass: 65054K(65472K)->65054K(65472K) Class: 9363K(9728K)->9363K(9728K)
[2026-10-07T03:45:46.446+0000][360.680s][info][gc             ] GC(164) Pause Young (Allocation Failure) 64M->41M(84M) 8.054ms
[2026-10-07T03:45:46.446+0000][360.680s][info][gc,cpu         ] GC(164) User=0.01s Sys=0.00s Real=0.01s
[2026-10-07T03:45:48.778+0000][363.011s][info][gc,start       ] GC(165) Pause Young (Allocation Failure)
[2026-10-07T03:45:48.793+0000][363.027s][info][gc,heap        ] GC(165) DefNew: 25357K(26880K)->1641K(26880K) Eden: 23936K(23936K)->0K(23936K) From: 1421K(2944K)->1641K(2944K)
[2026-10-07T03:45:48.793+0000][363.027s][info][gc,heap        ] GC(165) Tenured: 40792K(59424K)->40792K(59424K)
[2026-10-07T03:45:48.793+0000][363.027s][info][gc,metaspace   ] GC(165) Metaspace: 74419K(75200K)->74419K(75200K) NonClass: 65055K(65472K)->65055K(65472K) Class: 9363K(9728K)->9363K(9728K)
[2026-10-07T03:45:48.793+0000][363.027s][info][gc             ] GC(165) Pause Young (Allocation Failure) 64M->41M(84M) 15.701ms
[2026-10-07T03:45:48.793+0000][363.027s][info][gc,cpu         ] GC(165) User=0.01s Sys=0.00s Real=0.01s
[2026-10-07T03:45:50.936+0000][365.170s][info][gc,start       ] GC(166) Pause Young (Allocation Failure)
[2026-10-07T03:45:50.945+0000][365.179s][info][gc,heap        ] GC(166) DefNew: 25577K(26880K)->1455K(26880K) Eden: 23936K(23936K)->0K(23936K) From: 1641K(2944K)->1455K(2944K)
[2026-10-07T03:45:50.945+0000][365.179s][info][gc,heap        ] GC(166) Tenured: 40792K(59424K)->40967K(59424K)
[2026-10-07T03:45:50.945+0000][365.179s][info][gc,metaspace   ] GC(166) Metaspace: 74420K(75200K)->74420K(75200K) NonClass: 65057K(65472K)->65057K(65472K) Class: 9363K(9728K)->9363K(9728K)
[2026-10-07T03:45:50.945+0000][365.179s][info][gc             ] GC(166) Pause Young (Allocation Failure) 64M->41M(84M) 9.197ms
[2026-10-07T03:45:50.945+0000][365.179s][info][gc,cpu         ] GC(166) User=0.00s Sys=0.00s Real=0.01s
